>>> root
<Element '{http://www.w3.org/1999/xhtml}html' at 0x7fc6adfa8ea0>
>>> root[0]
<Element '{http://www.w3.org/1999/xhtml}head' at 0x7fc6adfa8f40>
>>> root[3]
Traceback (most recent call last):
  File "<stdin>", line 1, in <module>
IndexError: child index out of range
>>> root[2]
Traceback (most recent call last):
  File "<stdin>", line 1, in <module>
IndexError: child index out of range
>>> root[1]
<Element '{http://www.w3.org/1999/xhtml}body' at 0x7fc6adfb92c0>
>>> root = tree.getroot()[1]
>>> root
<Element '{http://www.w3.org/1999/xhtml}body' at 0x7fc6adfb92c0>
>>> root[1]
Traceback (most recent call last):
  File "<stdin>", line 1, in <module>
IndexError: child index out of range
>>> root[0]
<Element '{http://www.w3.org/1999/xhtml}div' at 0x7fc6adfb9360>
>>> root
<Element '{http://www.w3.org/1999/xhtml}body' at 0x7fc6adfb92c0>
>>> root.data
Traceback (most recent call last):
  File "<stdin>", line 1, in <module>
AttributeError: 'xml.etree.ElementTree.Element' object has no attribute 'data'
>>> root.attribute
Traceback (most recent call last):
  File "<stdin>", line 1, in <module>
AttributeError: 'xml.etree.ElementTree.Element' object has no attribute 'attribute'
>>> root.tag
'{http://www.w3.org/1999/xhtml}body'
>>> root.attrib
{}
>>> root.attrib[0]
Traceback (most recent call last):
  File "<stdin>", line 1, in <module>
KeyError: 0
>>> root.attrib[1]
Traceback (most recent call last):
  File "<stdin>", line 1, in <module>
KeyError: 1
>>> for child in root: print(child.tag, child.attrib)
...
{http://www.w3.org/1999/xhtml}div {'class': 'ocr_page', 'id': 'page_1', 'title': 'image "_.pdf_P-000.jpg"; bbox 0 0 1601 2267; ppageno 0'}
>>> root.attrib['class']
Traceback (most recent call last):
  File "<stdin>", line 1, in <module>
KeyError: 'class'
>>> root.attrib
{}
>>> root.attrib.get()
Traceback (most recent call last):
  File "<stdin>", line 1, in <module>
TypeError: get expected at least 1 argument, got 0
>>> root.attrib.get('class')
>>> root.attrib.get('class')
>>> root.attrib.get('clas')
>>> root[0][0]
<Element '{http://www.w3.org/1999/xhtml}div' at 0x7fc6adfb93b0>
>>> root[0][1]
<Element '{http://www.w3.org/1999/xhtml}div' at 0x7fc6adfb95e0>
>>> root[0][2]
<Element '{http://www.w3.org/1999/xhtml}div' at 0x7fc6adfb9770>
>>> root[0][5]
<Element '{http://www.w3.org/1999/xhtml}div' at 0x7fc6adfb9d10>
>>> root[0][9]
<Element '{http://www.w3.org/1999/xhtml}div' at 0x7fc6adf47220>
>>> for child in root[0]: print(child.tag, child.attrib)
...
{http://www.w3.org/1999/xhtml}div {'class': 'ocr_carea', 'id': 'block_1_1', 'title': 'bbox 7 0 640 5'}
{http://www.w3.org/1999/xhtml}div {'class': 'ocr_carea', 'id': 'block_1_2', 'title': 'bbox 35 0 640 5'}
{http://www.w3.org/1999/xhtml}div {'class': 'ocr_carea', 'id': 'block_1_3', 'title': 'bbox 35 0 640 4'}
{http://www.w3.org/1999/xhtml}div {'class': 'ocr_carea', 'id': 'block_1_4', 'title': 'bbox 47 0 640 3'}
{http://www.w3.org/1999/xhtml}div {'class': 'ocr_carea', 'id': 'block_1_5', 'title': 'bbox 0 0 64 1546'}
{http://www.w3.org/1999/xhtml}div {'class': 'ocr_carea', 'id': 'block_1_6', 'title': 'bbox 0 1542 5 2173'}
{http://www.w3.org/1999/xhtml}div {'class': 'ocr_carea', 'id': 'block_1_7', 'title': 'bbox 81 78 130 109'}
{http://www.w3.org/1999/xhtml}div {'class': 'ocr_carea', 'id': 'block_1_8', 'title': 'bbox 130 89 479 170'}
{http://www.w3.org/1999/xhtml}div {'class': 'ocr_carea', 'id': 'block_1_9', 'title': 'bbox 87 228 565 274'}
{http://www.w3.org/1999/xhtml}div {'class': 'ocr_carea', 'id': 'block_1_10', 'title': 'bbox 86 280 478 301'}
{http://www.w3.org/1999/xhtml}div {'class': 'ocr_carea', 'id': 'block_1_11', 'title': 'bbox 284 323 395 330'}
{http://www.w3.org/1999/xhtml}div {'class': 'ocr_carea', 'id': 'block_1_12', 'title': 'bbox 97 354 559 375'}
{http://www.w3.org/1999/xhtml}div {'class': 'ocr_carea', 'id': 'block_1_13', 'title': 'bbox 213 387 432 409'}
{http://www.w3.org/1999/xhtml}div {'class': 'ocr_carea', 'id': 'block_1_14', 'title': 'bbox 81 0 951 277'}
{http://www.w3.org/1999/xhtml}div {'class': 'ocr_carea', 'id': 'block_1_15', 'title': 'bbox 763 236 854 285'}
{http://www.w3.org/1999/xhtml}div {'class': 'ocr_carea', 'id': 'block_1_16', 'title': 'bbox 951 72 1499 328'}
{http://www.w3.org/1999/xhtml}div {'class': 'ocr_carea', 'id': 'block_1_17', 'title': 'bbox 765 341 1326 404'}
{http://www.w3.org/1999/xhtml}div {'class': 'ocr_carea', 'id': 'block_1_18', 'title': 'bbox 1363 400 1374 411'}
{http://www.w3.org/1999/xhtml}div {'class': 'ocr_carea', 'id': 'block_1_19', 'title': 'bbox 86 424 1496 436'}
{http://www.w3.org/1999/xhtml}div {'class': 'ocr_carea', 'id': 'block_1_20', 'title': 'bbox 257 454 1322 533'}
{http://www.w3.org/1999/xhtml}div {'class': 'ocr_carea', 'id': 'block_1_21', 'title': 'bbox 100 716 331 968'}
{http://www.w3.org/1999/xhtml}div {'class': 'ocr_carea', 'id': 'block_1_22', 'title': 'bbox 114 990 297 1015'}
{http://www.w3.org/1999/xhtml}div {'class': 'ocr_carea', 'id': 'block_1_23', 'title': 'bbox 85 1016 327 1063'}
{http://www.w3.org/1999/xhtml}div {'class': 'ocr_carea', 'id': 'block_1_24', 'title': 'bbox 85 1154 528 1665'}
{http://www.w3.org/1999/xhtml}div {'class': 'ocr_carea', 'id': 'block_1_25', 'title': 'bbox 102 1702 422 2211'}
{http://www.w3.org/1999/xhtml}div {'class': 'ocr_carea', 'id': 'block_1_26', 'title': 'bbox 331 2186 430 2211'}
{http://www.w3.org/1999/xhtml}div {'class': 'ocr_carea', 'id': 'block_1_27', 'title': 'bbox 102 2188 244 2214'}
{http://www.w3.org/1999/xhtml}div {'class': 'ocr_carea', 'id': 'block_1_28', 'title': 'bbox 542 570 1038 1062'}
{http://www.w3.org/1999/xhtml}div {'class': 'ocr_carea', 'id': 'block_1_29', 'title': 'bbox 541 1061 1039 1149'}
{http://www.w3.org/1999/xhtml}div {'class': 'ocr_carea', 'id': 'block_1_30', 'title': 'bbox 624 1158 956 1658'}
{http://www.w3.org/1999/xhtml}div {'class': 'ocr_carea', 'id': 'block_1_31', 'title': 'bbox 673 1666 890 1709'}
{http://www.w3.org/1999/xhtml}div {'class': 'ocr_carea', 'id': 'block_1_32', 'title': 'bbox 1258 720 1499 966'}
{http://www.w3.org/1999/xhtml}div {'class': 'ocr_carea', 'id': 'block_1_33', 'title': 'bbox 1249 992 1495 1033'}
{http://www.w3.org/1999/xhtml}div {'class': 'ocr_carea', 'id': 'block_1_34', 'title': 'bbox 1260 1032 1483 1063'}
{http://www.w3.org/1999/xhtml}div {'class': 'ocr_carea', 'id': 'block_1_35', 'title': 'bbox 1369 1050 1411 1062'}
{http://www.w3.org/1999/xhtml}div {'class': 'ocr_carea', 'id': 'block_1_36', 'title': 'bbox 1082 1152 1493 1184'}
{http://www.w3.org/1999/xhtml}div {'class': 'ocr_carea', 'id': 'block_1_37', 'title': 'bbox 1052 1189 1494 1329'}
{http://www.w3.org/1999/xhtml}div {'class': 'ocr_carea', 'id': 'block_1_38', 'title': 'bbox 1036 1336 1494 1368'}
{http://www.w3.org/1999/xhtml}div {'class': 'ocr_carea', 'id': 'block_1_39', 'title': 'bbox 1053 1375 1494 1658'}
{http://www.w3.org/1999/xhtml}div {'class': 'ocr_carea', 'id': 'block_1_40', 'title': 'bbox 597 1694 1482 2212'}
{http://www.w3.org/1999/xhtml}div {'class': 'ocr_carea', 'id': 'block_1_41', 'title': 'bbox 1472 0 1601 442'}
{http://www.w3.org/1999/xhtml}div {'class': 'ocr_carea', 'id': 'block_1_42', 'title': 'bbox 1580 1515 1601 1576'}
{http://www.w3.org/1999/xhtml}div {'class': 'ocr_carea', 'id': 'block_1_43', 'title': 'bbox 1595 1248 1601 2267'}
>>> root
<Element '{http://www.w3.org/1999/xhtml}body' at 0x7fc6adfb92c0>
>>> root[1]
Traceback (most recent call last):
  File "<stdin>", line 1, in <module>
IndexError: child index out of range
>>> root[0]
<Element '{http://www.w3.org/1999/xhtml}div' at 0x7fc6adfb9360>
>>> root[0].data
Traceback (most recent call last):
  File "<stdin>", line 1, in <module>
AttributeError: 'xml.etree.ElementTree.Element' object has no attribute 'data'
>>> root[0].tag
'{http://www.w3.org/1999/xhtml}div'
>>> root[0].attrib
{'class': 'ocr_page', 'id': 'page_1', 'title': 'image "_.pdf_P-000.jpg"; bbox 0 0 1601 2267; ppageno 0'}
>>> page1 = root[0]
>>> page1
<Element '{http://www.w3.org/1999/xhtml}div' at 0x7fc6adfb9360>
>>> root[0]
<Element '{http://www.w3.org/1999/xhtml}div' at 0x7fc6adfb9360>
>>> page1.attrib
{'class': 'ocr_page', 'id': 'page_1', 'title': 'image "_.pdf_P-000.jpg"; bbox 0 0 1601 2267; ppageno 0'}
>>> iterator = page1.iter()
>>> iterator
<_elementtree._element_iterator object at 0x7fc6adfb9270>
>>> for child in iterator: print(child.tag, child.attrib)
...
{http://www.w3.org/1999/xhtml}div {'class': 'ocr_page', 'id': 'page_1', 'title': 'image "_.pdf_P-000.jpg"; bbox 0 0 1601 2267; ppageno 0'}
{http://www.w3.org/1999/xhtml}div {'class': 'ocr_carea', 'id': 'block_1_1', 'title': 'bbox 7 0 640 5'}
{http://www.w3.org/1999/xhtml}p {'class': 'ocr_par', 'id': 'par_1_1', 'lang': 'eng', 'title': 'bbox 7 0 640 5'}
{http://www.w3.org/1999/xhtml}span {'class': 'ocr_line', 'id': 'line_1_1', 'title': 'bbox 7 0 640 5; baseline 0 0; x_size 4; x_descenders -2; x_ascenders 2'}
{http://www.w3.org/1999/xhtml}span {'class': 'ocrx_word', 'id': 'word_1_1', 'title': 'bbox 7 0 640 5; x_wconf 95'}
{http://www.w3.org/1999/xhtml}div {'class': 'ocr_carea', 'id': 'block_1_2', 'title': 'bbox 35 0 640 5'}
{http://www.w3.org/1999/xhtml}p {'class': 'ocr_par', 'id': 'par_1_2', 'lang': 'eng', 'title': 'bbox 35 0 640 5'}
{http://www.w3.org/1999/xhtml}span {'class': 'ocr_line', 'id': 'line_1_2', 'title': 'bbox 35 0 640 5; baseline 0 0; x_size 4; x_descenders -2; x_ascenders 2'}
{http://www.w3.org/1999/xhtml}span {'class': 'ocrx_word', 'id': 'word_1_2', 'title': 'bbox 35 0 640 5; x_wconf 95'}
{http://www.w3.org/1999/xhtml}div {'class': 'ocr_carea', 'id': 'block_1_3', 'title': 'bbox 35 0 640 4'}
{http://www.w3.org/1999/xhtml}p {'class': 'ocr_par', 'id': 'par_1_3', 'lang': 'eng', 'title': 'bbox 35 0 640 4'}
{http://www.w3.org/1999/xhtml}span {'class': 'ocr_line', 'id': 'line_1_3', 'title': 'bbox 35 0 640 4; baseline 0 0; x_size 3.5; x_descenders -1.75; x_ascenders 1.75'}
{http://www.w3.org/1999/xhtml}span {'class': 'ocrx_word', 'id': 'word_1_3', 'title': 'bbox 35 0 640 4; x_wconf 95'}
{http://www.w3.org/1999/xhtml}div {'class': 'ocr_carea', 'id': 'block_1_4', 'title': 'bbox 47 0 640 3'}
{http://www.w3.org/1999/xhtml}p {'class': 'ocr_par', 'id': 'par_1_4', 'lang': 'eng', 'title': 'bbox 47 0 640 3'}
{http://www.w3.org/1999/xhtml}span {'class': 'ocr_line', 'id': 'line_1_4', 'title': 'bbox 47 0 640 3; baseline 0 0; x_size 2.5; x_descenders -1.25; x_ascenders 1.25'}
{http://www.w3.org/1999/xhtml}span {'class': 'ocrx_word', 'id': 'word_1_4', 'title': 'bbox 47 0 640 3; x_wconf 95'}
{http://www.w3.org/1999/xhtml}div {'class': 'ocr_carea', 'id': 'block_1_5', 'title': 'bbox 0 0 64 1546'}
{http://www.w3.org/1999/xhtml}p {'class': 'ocr_par', 'id': 'par_1_5', 'lang': 'eng', 'title': 'bbox 0 0 64 1546'}
{http://www.w3.org/1999/xhtml}span {'class': 'ocr_line', 'id': 'line_1_5', 'title': 'bbox 0 0 64 1546; baseline 0 0; x_size 773; x_descenders -386.5; x_ascenders 386.5'}
{http://www.w3.org/1999/xhtml}span {'class': 'ocrx_word', 'id': 'word_1_5', 'title': 'bbox 0 0 64 1546; x_wconf 95'}
{http://www.w3.org/1999/xhtml}div {'class': 'ocr_carea', 'id': 'block_1_6', 'title': 'bbox 0 1542 5 2173'}
{http://www.w3.org/1999/xhtml}p {'class': 'ocr_par', 'id': 'par_1_6', 'lang': 'eng', 'title': 'bbox 0 1542 5 2173'}
{http://www.w3.org/1999/xhtml}span {'class': 'ocr_line', 'id': 'line_1_6', 'title': 'bbox 0 1542 5 2173; baseline 0 0; x_size 315.5; x_descenders -157.75; x_ascenders 157.75'}
{http://www.w3.org/1999/xhtml}span {'class': 'ocrx_word', 'id': 'word_1_6', 'title': 'bbox 0 1542 5 2173; x_wconf 95'}
{http://www.w3.org/1999/xhtml}div {'class': 'ocr_carea', 'id': 'block_1_7', 'title': 'bbox 81 78 130 109'}
{http://www.w3.org/1999/xhtml}p {'class': 'ocr_par', 'id': 'par_1_7', 'lang': 'eng', 'title': 'bbox 81 78 130 109'}
{http://www.w3.org/1999/xhtml}span {'class': 'ocr_line', 'id': 'line_1_7', 'title': 'bbox 81 78 130 109; baseline 0 2158; x_size 40; x_descenders 10; x_ascenders 10'}
{http://www.w3.org/1999/xhtml}span {'class': 'ocrx_word', 'id': 'word_1_7', 'title': 'bbox 81 78 130 109; x_wconf 95'}
{http://www.w3.org/1999/xhtml}div {'class': 'ocr_carea', 'id': 'block_1_8', 'title': 'bbox 130 89 479 170'}
{http://www.w3.org/1999/xhtml}p {'class': 'ocr_par', 'id': 'par_1_8', 'lang': 'eng', 'title': 'bbox 130 89 479 170'}
{http://www.w3.org/1999/xhtml}span {'class': 'ocr_line', 'id': 'line_1_8', 'title': 'bbox 130 89 479 112; baseline 0.009 -4; x_size 24; x_descenders 4; x_ascenders 6'}
{http://www.w3.org/1999/xhtml}span {'class': 'ocrx_word', 'id': 'word_1_8', 'title': 'bbox 130 89 210 112; x_wconf 39'}
{http://www.w3.org/1999/xhtml}span {'class': 'ocrx_word', 'id': 'word_1_9', 'title': 'bbox 222 90 315 109; x_wconf 91'}
{http://www.w3.org/1999/xhtml}span {'class': 'ocrx_word', 'id': 'word_1_10', 'title': 'bbox 324 89 414 112; x_wconf 92'}
{http://www.w3.org/1999/xhtml}span {'class': 'ocrx_word', 'id': 'word_1_11', 'title': 'bbox 424 91 479 112; x_wconf 90'}
{http://www.w3.org/1999/xhtml}span {'class': 'ocr_line', 'id': 'line_1_9', 'title': 'bbox 130 120 439 142; baseline 0.01 -4; x_size 24.603773; x_descenders 5.6037736; x_ascenders 4'}
{http://www.w3.org/1999/xhtml}span {'class': 'ocrx_word', 'id': 'word_1_12', 'title': 'bbox 130 120 217 142; x_wconf 50'}
{http://www.w3.org/1999/xhtml}span {'class': 'ocrx_word', 'id': 'word_1_13', 'title': 'bbox 230 120 322 139; x_wconf 90'}
{http://www.w3.org/1999/xhtml}span {'class': 'ocrx_word', 'id': 'word_1_14', 'title': 'bbox 333 122 360 140; x_wconf 96'}
{http://www.w3.org/1999/xhtml}span {'class': 'ocrx_word', 'id': 'word_1_15', 'title': 'bbox 368 116 440 149; x_wconf 96'}
{http://www.w3.org/1999/xhtml}span {'class': 'ocr_line', 'id': 'line_1_10', 'title': 'bbox 130 149 429 170; baseline 0.013 -3; x_size 24.230188; x_descenders 5.2301884; x_ascenders 5'}
{http://www.w3.org/1999/xhtml}span {'class': 'ocrx_word', 'id': 'word_1_16', 'title': 'bbox 130 149 194 168; x_wconf 96'}
{http://www.w3.org/1999/xhtml}span {'class': 'ocrx_word', 'id': 'word_1_17', 'title': 'bbox 205 150 290 168; x_wconf 95'}
{http://www.w3.org/1999/xhtml}span {'class': 'ocrx_word', 'id': 'word_1_18', 'title': 'bbox 301 152 429 170; x_wconf 82'}
{http://www.w3.org/1999/xhtml}div {'class': 'ocr_carea', 'id': 'block_1_9', 'title': 'bbox 87 228 565 274'}
{http://www.w3.org/1999/xhtml}p {'class': 'ocr_par', 'id': 'par_1_9', 'lang': 'eng', 'title': 'bbox 87 228 565 274'}
{http://www.w3.org/1999/xhtml}span {'class': 'ocr_textfloat', 'id': 'line_1_11', 'title': 'bbox 116 228 565 248; baseline 0.009 -7; x_size 25.75; x_descenders 5.5; x_ascenders 6.75'}
{http://www.w3.org/1999/xhtml}span {'class': 'ocrx_word', 'id': 'word_1_19', 'title': 'bbox 116 228 149 242; x_wconf 96'}
{http://www.w3.org/1999/xhtml}span {'class': 'ocrx_word', 'id': 'word_1_20', 'title': 'bbox 158 232 166 241; x_wconf 92'}
{http://www.w3.org/1999/xhtml}span {'class': 'ocrx_word', 'id': 'word_1_21', 'title': 'bbox 176 229 293 246; x_wconf 77'}
{http://www.w3.org/1999/xhtml}span {'class': 'ocrx_word', 'id': 'word_1_22', 'title': 'bbox 300 230 356 243; x_wconf 80'}
{http://www.w3.org/1999/xhtml}span {'class': 'ocrx_word', 'id': 'word_1_23', 'title': 'bbox 363 231 372 243; x_wconf 80'}
{http://www.w3.org/1999/xhtml}span {'class': 'ocrx_word', 'id': 'word_1_24', 'title': 'bbox 379 230 443 248; x_wconf 81'}
{http://www.w3.org/1999/xhtml}span {'class': 'ocrx_word', 'id': 'word_1_25', 'title': 'bbox 450 230 481 244; x_wconf 93'}
{http://www.w3.org/1999/xhtml}span {'class': 'ocrx_word', 'id': 'word_1_26', 'title': 'bbox 490 235 514 244; x_wconf 93'}
{http://www.w3.org/1999/xhtml}span {'class': 'ocrx_word', 'id': 'word_1_27', 'title': 'bbox 521 231 565 245; x_wconf 91'}
{http://www.w3.org/1999/xhtml}span {'class': 'ocr_textfloat', 'id': 'line_1_12', 'title': 'bbox 87 254 565 274; baseline 0.006 -7; x_size 25.75; x_descenders 5.5; x_ascenders 6.75'}
{http://www.w3.org/1999/xhtml}span {'class': 'ocrx_word', 'id': 'word_1_28', 'title': 'bbox 87 254 103 268; x_wconf 90'}
{http://www.w3.org/1999/xhtml}span {'class': 'ocrx_word', 'id': 'word_1_29', 'title': 'bbox 113 258 147 271; x_wconf 85'}
{http://www.w3.org/1999/xhtml}span {'class': 'ocrx_word', 'id': 'word_1_30', 'title': 'bbox 158 258 166 267; x_wconf 85'}
{http://www.w3.org/1999/xhtml}span {'class': 'ocrx_word', 'id': 'word_1_31', 'title': 'bbox 177 258 203 268; x_wconf 96'}
{http://www.w3.org/1999/xhtml}span {'class': 'ocrx_word', 'id': 'word_1_32', 'title': 'bbox 210 255 248 268; x_wconf 96'}
{http://www.w3.org/1999/xhtml}span {'class': 'ocrx_word', 'id': 'word_1_33', 'title': 'bbox 256 254 290 274; x_wconf 61'}
{http://www.w3.org/1999/xhtml}span {'class': 'ocrx_word', 'id': 'word_1_34', 'title': 'bbox 299 256 319 270; x_wconf 96'}
{http://www.w3.org/1999/xhtml}span {'class': 'ocrx_word', 'id': 'word_1_35', 'title': 'bbox 326 255 351 274; x_wconf 96'}
{http://www.w3.org/1999/xhtml}span {'class': 'ocrx_word', 'id': 'word_1_36', 'title': 'bbox 358 255 422 273; x_wconf 90'}
{http://www.w3.org/1999/xhtml}span {'class': 'ocrx_word', 'id': 'word_1_37', 'title': 'bbox 429 257 476 272; x_wconf 13'}
{http://www.w3.org/1999/xhtml}span {'class': 'ocrx_word', 'id': 'word_1_38', 'title': 'bbox 481 261 490 270; x_wconf 90'}
{http://www.w3.org/1999/xhtml}span {'class': 'ocrx_word', 'id': 'word_1_39', 'title': 'bbox 495 257 551 271; x_wconf 68'}
{http://www.w3.org/1999/xhtml}span {'class': 'ocrx_word', 'id': 'word_1_40', 'title': 'bbox 557 258 565 270; x_wconf 78'}
{http://www.w3.org/1999/xhtml}div {'class': 'ocr_carea', 'id': 'block_1_10', 'title': 'bbox 86 280 478 301'}
{http://www.w3.org/1999/xhtml}p {'class': 'ocr_par', 'id': 'par_1_10', 'lang': 'eng', 'title': 'bbox 86 280 478 301'}
{http://www.w3.org/1999/xhtml}span {'class': 'ocr_line', 'id': 'line_1_13', 'title': 'bbox 86 280 478 301; baseline 0.008 -7; x_size 19; x_descenders 3; x_ascenders 6'}
{http://www.w3.org/1999/xhtml}span {'class': 'ocrx_word', 'id': 'word_1_41', 'title': 'bbox 86 280 194 298; x_wconf 86'}
{http://www.w3.org/1999/xhtml}span {'class': 'ocrx_word', 'id': 'word_1_42', 'title': 'bbox 201 285 235 298; x_wconf 75'}
{http://www.w3.org/1999/xhtml}span {'class': 'ocrx_word', 'id': 'word_1_43', 'title': 'bbox 243 285 251 294; x_wconf 75'}
{http://www.w3.org/1999/xhtml}span {'class': 'ocrx_word', 'id': 'word_1_44', 'title': 'bbox 260 280 293 299; x_wconf 96'}
{http://www.w3.org/1999/xhtml}span {'class': 'ocrx_word', 'id': 'word_1_45', 'title': 'bbox 302 281 322 296; x_wconf 93'}
{http://www.w3.org/1999/xhtml}span {'class': 'ocrx_word', 'id': 'word_1_46', 'title': 'bbox 330 280 372 301; x_wconf 91'}
{http://www.w3.org/1999/xhtml}span {'class': 'ocrx_word', 'id': 'word_1_47', 'title': 'bbox 381 281 445 301; x_wconf 76'}
{http://www.w3.org/1999/xhtml}span {'class': 'ocrx_word', 'id': 'word_1_48', 'title': 'bbox 455 285 478 298; x_wconf 56'}
{http://www.w3.org/1999/xhtml}div {'class': 'ocr_carea', 'id': 'block_1_11', 'title': 'bbox 284 323 395 330'}
{http://www.w3.org/1999/xhtml}p {'class': 'ocr_par', 'id': 'par_1_11', 'lang': 'eng', 'title': 'bbox 284 323 395 330'}
{http://www.w3.org/1999/xhtml}span {'class': 'ocr_line', 'id': 'line_1_14', 'title': 'bbox 284 323 395 330; baseline 0 1937; x_size 20; x_descenders 5; x_ascenders 5'}
{http://www.w3.org/1999/xhtml}span {'class': 'ocrx_word', 'id': 'word_1_49', 'title': 'bbox 284 323 395 330; x_wconf 95'}
{http://www.w3.org/1999/xhtml}div {'class': 'ocr_carea', 'id': 'block_1_12', 'title': 'bbox 97 354 559 375'}
{http://www.w3.org/1999/xhtml}p {'class': 'ocr_par', 'id': 'par_1_12', 'lang': 'eng', 'title': 'bbox 97 354 559 375'}
{http://www.w3.org/1999/xhtml}span {'class': 'ocr_textfloat', 'id': 'line_1_15', 'title': 'bbox 97 354 559 375; baseline 0.004 -5; x_size 20; x_descenders 4; x_ascenders 5'}
{http://www.w3.org/1999/xhtml}span {'class': 'ocrx_word', 'id': 'word_1_50', 'title': 'bbox 97 354 179 374; x_wconf 81'}
{http://www.w3.org/1999/xhtml}span {'class': 'ocrx_word', 'id': 'word_1_51', 'title': 'bbox 187 359 196 370; x_wconf 91'}
{http://www.w3.org/1999/xhtml}span {'class': 'ocrx_word', 'id': 'word_1_52', 'title': 'bbox 203 355 280 374; x_wconf 91'}
{http://www.w3.org/1999/xhtml}span {'class': 'ocrx_word', 'id': 'word_1_53', 'title': 'bbox 288 360 310 371; x_wconf 96'}
{http://www.w3.org/1999/xhtml}span {'class': 'ocrx_word', 'id': 'word_1_54', 'title': 'bbox 318 355 352 375; x_wconf 55'}
{http://www.w3.org/1999/xhtml}span {'class': 'ocrx_word', 'id': 'word_1_55', 'title': 'bbox 361 356 439 375; x_wconf 93'}
{http://www.w3.org/1999/xhtml}span {'class': 'ocrx_word', 'id': 'word_1_56', 'title': 'bbox 448 356 559 372; x_wconf 92'}
{http://www.w3.org/1999/xhtml}div {'class': 'ocr_carea', 'id': 'block_1_13', 'title': 'bbox 213 387 432 409'}
{http://www.w3.org/1999/xhtml}p {'class': 'ocr_par', 'id': 'par_1_13', 'lang': 'eng', 'title': 'bbox 213 387 432 409'}
{http://www.w3.org/1999/xhtml}span {'class': 'ocr_line', 'id': 'line_1_16', 'title': 'bbox 213 387 432 409; baseline 0.009 -9; x_size 16; x_descenders 4; x_ascenders 4'}
{http://www.w3.org/1999/xhtml}span {'class': 'ocrx_word', 'id': 'word_1_57', 'title': 'bbox 213 387 259 401; x_wconf 89'}
{http://www.w3.org/1999/xhtml}span {'class': 'ocrx_word', 'id': 'word_1_58', 'title': 'bbox 266 389 290 401; x_wconf 94'}
{http://www.w3.org/1999/xhtml}span {'class': 'ocrx_word', 'id': 'word_1_59', 'title': 'bbox 297 390 346 409; x_wconf 61'}
{http://www.w3.org/1999/xhtml}span {'class': 'ocrx_word', 'id': 'word_1_60', 'title': 'bbox 354 389 432 402; x_wconf 52'}
{http://www.w3.org/1999/xhtml}div {'class': 'ocr_carea', 'id': 'block_1_14', 'title': 'bbox 81 0 951 277'}
{http://www.w3.org/1999/xhtml}p {'class': 'ocr_par', 'id': 'par_1_14', 'lang': 'eng', 'title': 'bbox 81 0 951 277'}
{http://www.w3.org/1999/xhtml}span {'class': 'ocr_line', 'id': 'line_1_17', 'title': 'bbox 81 0 951 277; baseline 0 0; x_size 307.84103; x_descenders 30.841026; x_ascenders 83'}
{http://www.w3.org/1999/xhtml}span {'class': 'ocrx_word', 'id': 'word_1_61', 'title': 'bbox 81 0 951 277; x_wconf 95'}
{http://www.w3.org/1999/xhtml}div {'class': 'ocr_carea', 'id': 'block_1_15', 'title': 'bbox 763 236 854 285'}
{http://www.w3.org/1999/xhtml}p {'class': 'ocr_par', 'id': 'par_1_15', 'lang': 'eng', 'title': 'bbox 763 236 854 285'}
{http://www.w3.org/1999/xhtml}span {'class': 'ocr_line', 'id': 'line_1_18', 'title': 'bbox 763 236 854 285; baseline 0 0; x_size 66.666664; x_descenders 16.666666; x_ascenders 16.666666'}
{http://www.w3.org/1999/xhtml}span {'class': 'ocrx_word', 'id': 'word_1_62', 'title': 'bbox 763 236 854 285; x_wconf 0'}
{http://www.w3.org/1999/xhtml}div {'class': 'ocr_carea', 'id': 'block_1_16', 'title': 'bbox 951 72 1499 328'}
{http://www.w3.org/1999/xhtml}p {'class': 'ocr_par', 'id': 'par_1_16', 'lang': 'eng', 'title': 'bbox 944 72 1504 328'}
{http://www.w3.org/1999/xhtml}span {'class': 'ocr_textfloat', 'id': 'line_1_19', 'title': 'bbox 951 72 1499 328; baseline -0.018 -51.125; x_size 246; x_descenders 41; x_ascenders 62'}
{http://www.w3.org/1999/xhtml}span {'class': 'ocrx_word', 'id': 'word_1_63', 'title': 'bbox 951 72 1499 328; x_wconf 66'}
{http://www.w3.org/1999/xhtml}div {'class': 'ocr_carea', 'id': 'block_1_17', 'title': 'bbox 765 341 1326 404'}
{http://www.w3.org/1999/xhtml}p {'class': 'ocr_par', 'id': 'par_1_17', 'lang': 'eng', 'title': 'bbox 765 341 1326 404'}
{http://www.w3.org/1999/xhtml}span {'class': 'ocr_textfloat', 'id': 'line_1_20', 'title': 'bbox 901 341 1187 369; baseline 0.007 -6; x_size 28; x_descenders 5; x_ascenders 6'}
{http://www.w3.org/1999/xhtml}span {'class': 'ocrx_word', 'id': 'word_1_64', 'title': 'bbox 901 341 1055 369; x_wconf 69'}
{http://www.w3.org/1999/xhtml}span {'class': 'ocrx_word', 'id': 'word_1_65', 'title': 'bbox 1070 342 1187 365; x_wconf 92'}
{http://www.w3.org/1999/xhtml}span {'class': 'ocr_textfloat', 'id': 'line_1_21', 'title': 'bbox 765 384 1326 404; baseline 0.002 -5; x_size 21; x_descenders 4; x_ascenders 6'}
{http://www.w3.org/1999/xhtml}span {'class': 'ocrx_word', 'id': 'word_1_66', 'title': 'bbox 765 384 910 404; x_wconf 90'}
{http://www.w3.org/1999/xhtml}span {'class': 'ocrx_word', 'id': 'word_1_67', 'title': 'bbox 925 385 952 400; x_wconf 92'}
{http://www.w3.org/1999/xhtml}span {'class': 'ocrx_word', 'id': 'word_1_68', 'title': 'bbox 969 386 1074 404; x_wconf 89'}
{http://www.w3.org/1999/xhtml}span {'class': 'ocrx_word', 'id': 'word_1_69', 'title': 'bbox 1090 384 1118 400; x_wconf 92'}
{http://www.w3.org/1999/xhtml}span {'class': 'ocrx_word', 'id': 'word_1_70', 'title': 'bbox 1133 386 1150 400; x_wconf 77'}
{http://www.w3.org/1999/xhtml}span {'class': 'ocrx_word', 'id': 'word_1_71', 'title': 'bbox 1167 384 1326 402; x_wconf 23'}
{http://www.w3.org/1999/xhtml}div {'class': 'ocr_carea', 'id': 'block_1_18', 'title': 'bbox 1363 400 1374 411'}
{http://www.w3.org/1999/xhtml}p {'class': 'ocr_par', 'id': 'par_1_18', 'lang': 'eng', 'title': 'bbox 1363 400 1374 411'}
{http://www.w3.org/1999/xhtml}span {'class': 'ocr_line', 'id': 'line_1_22', 'title': 'bbox 1363 400 1374 411; baseline 0 0; x_size 20; x_descenders 5; x_ascenders 5'}
{http://www.w3.org/1999/xhtml}span {'class': 'ocrx_word', 'id': 'word_1_72', 'title': 'bbox 1363 400 1374 411; x_wconf 45'}
{http://www.w3.org/1999/xhtml}div {'class': 'ocr_carea', 'id': 'block_1_19', 'title': 'bbox 86 424 1496 436'}
{http://www.w3.org/1999/xhtml}p {'class': 'ocr_par', 'id': 'par_1_19', 'lang': 'eng', 'title': 'bbox 86 424 1496 436'}
{http://www.w3.org/1999/xhtml}span {'class': 'ocr_line', 'id': 'line_1_23', 'title': 'bbox 86 424 1496 436; baseline 0 1831; x_size 20; x_descenders 5; x_ascenders 5'}
{http://www.w3.org/1999/xhtml}span {'class': 'ocrx_word', 'id': 'word_1_73', 'title': 'bbox 86 424 1496 436; x_wconf 95'}
{http://www.w3.org/1999/xhtml}div {'class': 'ocr_carea', 'id': 'block_1_20', 'title': 'bbox 257 454 1322 533'}
{http://www.w3.org/1999/xhtml}p {'class': 'ocr_par', 'id': 'par_1_20', 'lang': 'eng', 'title': 'bbox 257 454 1322 533'}
{http://www.w3.org/1999/xhtml}span {'class': 'ocr_header', 'id': 'line_1_24', 'title': 'bbox 257 454 1322 533; baseline 0 -27; x_size 59.111111; x_descenders 14.777778; x_ascenders 14.777778'}
{http://www.w3.org/1999/xhtml}span {'class': 'ocrx_word', 'id': 'word_1_74', 'title': 'bbox 257 456 308 507; x_wconf 96'}
{http://www.w3.org/1999/xhtml}span {'class': 'ocrx_word', 'id': 'word_1_75', 'title': 'bbox 344 462 652 533; x_wconf 95'}
{http://www.w3.org/1999/xhtml}span {'class': 'ocrx_word', 'id': 'word_1_76', 'title': 'bbox 688 462 787 506; x_wconf 95'}
{http://www.w3.org/1999/xhtml}span {'class': 'ocrx_word', 'id': 'word_1_77', 'title': 'bbox 826 454 1322 507; x_wconf 90'}
{http://www.w3.org/1999/xhtml}div {'class': 'ocr_carea', 'id': 'block_1_21', 'title': 'bbox 100 716 331 968'}
{http://www.w3.org/1999/xhtml}p {'class': 'ocr_par', 'id': 'par_1_21', 'lang': 'eng', 'title': 'bbox 100 716 331 968'}
{http://www.w3.org/1999/xhtml}span {'class': 'ocr_line', 'id': 'line_1_25', 'title': 'bbox 100 716 331 968; baseline 0 1299; x_size 316.25; x_descenders 79.0625; x_ascenders 79.0625'}
{http://www.w3.org/1999/xhtml}span {'class': 'ocrx_word', 'id': 'word_1_78', 'title': 'bbox 100 716 331 968; x_wconf 95'}
{http://www.w3.org/1999/xhtml}div {'class': 'ocr_carea', 'id': 'block_1_22', 'title': 'bbox 114 990 297 1015'}
{http://www.w3.org/1999/xhtml}p {'class': 'ocr_par', 'id': 'par_1_22', 'lang': 'eng', 'title': 'bbox 114 990 297 1015'}
{http://www.w3.org/1999/xhtml}span {'class': 'ocr_caption', 'id': 'line_1_26', 'title': 'bbox 114 990 297 1015; baseline 0.016 -8; x_size 22; x_descenders 4; x_ascenders 6'}
{http://www.w3.org/1999/xhtml}span {'class': 'ocrx_word', 'id': 'word_1_79', 'title': 'bbox 114 990 145 1012; x_wconf 64'}
{http://www.w3.org/1999/xhtml}span {'class': 'ocrx_word', 'id': 'word_1_80', 'title': 'bbox 151 990 230 1012; x_wconf 92'}
{http://www.w3.org/1999/xhtml}span {'class': 'ocrx_word', 'id': 'word_1_81', 'title': 'bbox 238 992 254 1009; x_wconf 96'}
{http://www.w3.org/1999/xhtml}span {'class': 'ocrx_word', 'id': 'word_1_82', 'title': 'bbox 260 993 297 1015; x_wconf 88'}
{http://www.w3.org/1999/xhtml}div {'class': 'ocr_carea', 'id': 'block_1_23', 'title': 'bbox 85 1016 327 1063'}
{http://www.w3.org/1999/xhtml}p {'class': 'ocr_par', 'id': 'par_1_23', 'lang': 'eng', 'title': 'bbox 85 1016 327 1063'}
{http://www.w3.org/1999/xhtml}span {'class': 'ocr_caption', 'id': 'line_1_27', 'title': 'bbox 85 1016 246 1029; baseline 0.006 -1; x_size 24; x_descenders 6; x_ascenders 6'}
{http://www.w3.org/1999/xhtml}span {'class': 'ocrx_word', 'id': 'word_1_83', 'title': 'bbox 85 1016 155 1028; x_wconf 93'}
{http://www.w3.org/1999/xhtml}span {'class': 'ocrx_word', 'id': 'word_1_84', 'title': 'bbox 160 1016 176 1028; x_wconf 92'}
{http://www.w3.org/1999/xhtml}span {'class': 'ocrx_word', 'id': 'word_1_85', 'title': 'bbox 181 1016 246 1029; x_wconf 20'}
{http://www.w3.org/1999/xhtml}span {'class': 'ocr_caption', 'id': 'line_1_28', 'title': 'bbox 104 1018 327 1046; baseline 0.022 -4; x_size 30.666666; x_descenders 7.6666665; x_ascenders 7.666667'}
{http://www.w3.org/1999/xhtml}span {'class': 'ocrx_word', 'id': 'word_1_86', 'title': 'bbox 104 1030 178 1043; x_wconf 9'}
{http://www.w3.org/1999/xhtml}span {'class': 'ocrx_word', 'id': 'word_1_87', 'title': 'bbox 183 1032 198 1043; x_wconf 95'}
{http://www.w3.org/1999/xhtml}span {'class': 'ocrx_word', 'id': 'word_1_88', 'title': 'bbox 202 1021 239 1044; x_wconf 49'}
{http://www.w3.org/1999/xhtml}span {'class': 'ocrx_word', 'id': 'word_1_89', 'title': 'bbox 236 1014 257 1055; x_wconf 49'}
{http://www.w3.org/1999/xhtml}span {'class': 'ocrx_word', 'id': 'word_1_90', 'title': 'bbox 259 1018 327 1046; x_wconf 19'}
{http://www.w3.org/1999/xhtml}span {'class': 'ocr_caption', 'id': 'line_1_29', 'title': 'bbox 168 1046 243 1063; baseline 0.013 -6; x_size 24; x_descenders 6; x_ascenders 6'}
{http://www.w3.org/1999/xhtml}span {'class': 'ocrx_word', 'id': 'word_1_91', 'title': 'bbox 168 1046 195 1061; x_wconf 93'}
{http://www.w3.org/1999/xhtml}span {'class': 'ocrx_word', 'id': 'word_1_92', 'title': 'bbox 201 1049 208 1057; x_wconf 61'}
{http://www.w3.org/1999/xhtml}span {'class': 'ocrx_word', 'id': 'word_1_93', 'title': 'bbox 216 1049 243 1063; x_wconf 95'}
{http://www.w3.org/1999/xhtml}div {'class': 'ocr_carea', 'id': 'block_1_24', 'title': 'bbox 85 1154 528 1665'}
{http://www.w3.org/1999/xhtml}p {'class': 'ocr_par', 'id': 'par_1_24', 'lang': 'eng', 'title': 'bbox 85 1154 528 1665'}
{http://www.w3.org/1999/xhtml}span {'class': 'ocr_line', 'id': 'line_1_30', 'title': 'bbox 115 1154 524 1186; baseline 0 -3; x_size 36; x_descenders 7; x_ascenders 7'}
{http://www.w3.org/1999/xhtml}span {'class': 'ocrx_word', 'id': 'word_1_94', 'title': 'bbox 115 1155 140 1177; x_wconf 91'}
{http://www.w3.org/1999/xhtml}span {'class': 'ocrx_word', 'id': 'word_1_95', 'title': 'bbox 147 1155 279 1182; x_wconf 55'}
{http://www.w3.org/1999/xhtml}span {'class': 'ocrx_word', 'id': 'word_1_96', 'title': 'bbox 288 1154 318 1177; x_wconf 94'}
{http://www.w3.org/1999/xhtml}span {'class': 'ocrx_word', 'id': 'word_1_97', 'title': 'bbox 327 1155 350 1182; x_wconf 46'}
{http://www.w3.org/1999/xhtml}span {'class': 'ocrx_word', 'id': 'word_1_98', 'title': 'bbox 359 1154 524 1186; x_wconf 92'}
{http://www.w3.org/1999/xhtml}span {'class': 'ocr_line', 'id': 'line_1_31', 'title': 'bbox 85 1192 525 1221; baseline -0.002 -6; x_size 26; x_descenders 4; x_ascenders 5'}
{http://www.w3.org/1999/xhtml}span {'class': 'ocrx_word', 'id': 'word_1_99', 'title': 'bbox 85 1198 132 1221; x_wconf 96'}
{http://www.w3.org/1999/xhtml}span {'class': 'ocrx_word', 'id': 'word_1_100', 'title': 'bbox 142 1192 241 1215; x_wconf 96'}
{http://www.w3.org/1999/xhtml}span {'class': 'ocrx_word', 'id': 'word_1_101', 'title': 'bbox 253 1192 285 1216; x_wconf 95'}
{http://www.w3.org/1999/xhtml}span {'class': 'ocrx_word', 'id': 'word_1_102', 'title': 'bbox 295 1192 372 1215; x_wconf 95'}
{http://www.w3.org/1999/xhtml}span {'class': 'ocrx_word', 'id': 'word_1_103', 'title': 'bbox 383 1192 415 1214; x_wconf 96'}
{http://www.w3.org/1999/xhtml}span {'class': 'ocrx_word', 'id': 'word_1_104', 'title': 'bbox 425 1192 525 1218; x_wconf 96'}
{http://www.w3.org/1999/xhtml}span {'class': 'ocr_line', 'id': 'line_1_32', 'title': 'bbox 86 1229 526 1258; baseline -0.005 -5; x_size 29; x_descenders 6; x_ascenders 5'}
{http://www.w3.org/1999/xhtml}span {'class': 'ocrx_word', 'id': 'word_1_105', 'title': 'bbox 86 1230 160 1253; x_wconf 96'}
{http://www.w3.org/1999/xhtml}span {'class': 'ocrx_word', 'id': 'word_1_106', 'title': 'bbox 165 1229 222 1258; x_wconf 95'}
{http://www.w3.org/1999/xhtml}span {'class': 'ocrx_word', 'id': 'word_1_107', 'title': 'bbox 228 1235 244 1252; x_wconf 77'}
{http://www.w3.org/1999/xhtml}span {'class': 'ocrx_word', 'id': 'word_1_108', 'title': 'bbox 250 1234 297 1252; x_wconf 77'}
{http://www.w3.org/1999/xhtml}span {'class': 'ocrx_word', 'id': 'word_1_109', 'title': 'bbox 302 1229 423 1252; x_wconf 90'}
{http://www.w3.org/1999/xhtml}span {'class': 'ocrx_word', 'id': 'word_1_110', 'title': 'bbox 428 1235 470 1251; x_wconf 90'}
{http://www.w3.org/1999/xhtml}span {'class': 'ocrx_word', 'id': 'word_1_111', 'title': 'bbox 474 1233 526 1251; x_wconf 91'}
{http://www.w3.org/1999/xhtml}span {'class': 'ocr_line', 'id': 'line_1_33', 'title': 'bbox 85 1265 526 1296; baseline -0.005 -6; x_size 30; x_descenders 7; x_ascenders 6'}
{http://www.w3.org/1999/xhtml}span {'class': 'ocrx_word', 'id': 'word_1_112', 'title': 'bbox 85 1267 184 1296; x_wconf 92'}
{http://www.w3.org/1999/xhtml}span {'class': 'ocrx_word', 'id': 'word_1_113', 'title': 'bbox 191 1272 206 1289; x_wconf 92'}
{http://www.w3.org/1999/xhtml}span {'class': 'ocrx_word', 'id': 'word_1_114', 'title': 'bbox 214 1266 313 1289; x_wconf 93'}
{http://www.w3.org/1999/xhtml}span {'class': 'ocrx_word', 'id': 'word_1_115', 'title': 'bbox 320 1265 487 1294; x_wconf 92'}
{http://www.w3.org/1999/xhtml}span {'class': 'ocrx_word', 'id': 'word_1_116', 'title': 'bbox 495 1272 526 1289; x_wconf 96'}
{http://www.w3.org/1999/xhtml}span {'class': 'ocr_line', 'id': 'line_1_34', 'title': 'bbox 86 1300 526 1336; baseline -0.005 -9; x_size 31.054787; x_descenders 6.0547857; x_ascenders 8'}
{http://www.w3.org/1999/xhtml}span {'class': 'ocrx_word', 'id': 'word_1_117', 'title': 'bbox 86 1304 159 1327; x_wconf 96'}
{http://www.w3.org/1999/xhtml}span {'class': 'ocrx_word', 'id': 'word_1_118', 'title': 'bbox 168 1304 198 1326; x_wconf 96'}
{http://www.w3.org/1999/xhtml}span {'class': 'ocrx_word', 'id': 'word_1_119', 'title': 'bbox 200 1303 355 1336; x_wconf 91'}
{http://www.w3.org/1999/xhtml}span {'class': 'ocrx_word', 'id': 'word_1_120', 'title': 'bbox 360 1300 526 1326; x_wconf 92'}
{http://www.w3.org/1999/xhtml}span {'class': 'ocr_line', 'id': 'line_1_35', 'title': 'bbox 86 1339 527 1366; baseline -0.002 -3; x_size 30.41095; x_descenders 6.4109497; x_ascenders 6'}
{http://www.w3.org/1999/xhtml}span {'class': 'ocrx_word', 'id': 'word_1_121', 'title': 'bbox 86 1347 120 1364; x_wconf 93'}
{http://www.w3.org/1999/xhtml}span {'class': 'ocrx_word', 'id': 'word_1_122', 'title': 'bbox 126 1340 255 1365; x_wconf 91'}
{http://www.w3.org/1999/xhtml}span {'class': 'ocrx_word', 'id': 'word_1_123', 'title': 'bbox 262 1339 454 1366; x_wconf 92'}
{http://www.w3.org/1999/xhtml}span {'class': 'ocrx_word', 'id': 'word_1_124', 'title': 'bbox 463 1345 478 1362; x_wconf 78'}
{http://www.w3.org/1999/xhtml}span {'class': 'ocrx_word', 'id': 'word_1_125', 'title': 'bbox 485 1340 527 1362; x_wconf 92'}
{http://www.w3.org/1999/xhtml}span {'class': 'ocr_line', 'id': 'line_1_36', 'title': 'bbox 87 1376 527 1401; baseline -0.002 -1; x_size 30.054787; x_descenders 6.0547857; x_ascenders 7'}
{http://www.w3.org/1999/xhtml}span {'class': 'ocrx_word', 'id': 'word_1_126', 'title': 'bbox 87 1378 156 1401; x_wconf 88'}
{http://www.w3.org/1999/xhtml}span {'class': 'ocrx_word', 'id': 'word_1_127', 'title': 'bbox 163 1376 288 1400; x_wconf 92'}
{http://www.w3.org/1999/xhtml}span {'class': 'ocrx_word', 'id': 'word_1_128', 'title': 'bbox 297 1377 329 1400; x_wconf 92'}
{http://www.w3.org/1999/xhtml}span {'class': 'ocrx_word', 'id': 'word_1_129', 'title': 'bbox 336 1377 527 1400; x_wconf 91'}
{http://www.w3.org/1999/xhtml}span {'class': 'ocr_line', 'id': 'line_1_37', 'title': 'bbox 86 1414 527 1443; baseline -0.005 -5; x_size 26; x_descenders 4; x_ascenders 5'}
{http://www.w3.org/1999/xhtml}span {'class': 'ocrx_word', 'id': 'word_1_130', 'title': 'bbox 86 1416 245 1443; x_wconf 88'}
{http://www.w3.org/1999/xhtml}span {'class': 'ocrx_word', 'id': 'word_1_131', 'title': 'bbox 258 1420 272 1437; x_wconf 90'}
{http://www.w3.org/1999/xhtml}span {'class': 'ocrx_word', 'id': 'word_1_132', 'title': 'bbox 284 1419 329 1437; x_wconf 93'}
{http://www.w3.org/1999/xhtml}span {'class': 'ocrx_word', 'id': 'word_1_133', 'title': 'bbox 341 1414 444 1437; x_wconf 91'}
{http://www.w3.org/1999/xhtml}span {'class': 'ocrx_word', 'id': 'word_1_134', 'title': 'bbox 452 1420 527 1437; x_wconf 92'}
{http://www.w3.org/1999/xhtml}span {'class': 'ocr_line', 'id': 'line_1_38', 'title': 'bbox 87 1451 528 1480; baseline -0.005 -5; x_size 27; x_descenders 4; x_ascenders 6'}
{http://www.w3.org/1999/xhtml}span {'class': 'ocrx_word', 'id': 'word_1_135', 'title': 'bbox 87 1452 189 1478; x_wconf 60'}
{http://www.w3.org/1999/xhtml}span {'class': 'ocrx_word', 'id': 'word_1_136', 'title': 'bbox 204 1452 274 1480; x_wconf 92'}
{http://www.w3.org/1999/xhtml}span {'class': 'ocrx_word', 'id': 'word_1_137', 'title': 'bbox 285 1452 394 1474; x_wconf 92'}
{http://www.w3.org/1999/xhtml}span {'class': 'ocrx_word', 'id': 'word_1_138', 'title': 'bbox 406 1451 528 1473; x_wconf 91'}
{http://www.w3.org/1999/xhtml}span {'class': 'ocr_line', 'id': 'line_1_39', 'title': 'bbox 88 1488 527 1517; baseline -0.005 -5; x_size 28; x_descenders 6; x_ascenders 6'}
{http://www.w3.org/1999/xhtml}span {'class': 'ocrx_word', 'id': 'word_1_139', 'title': 'bbox 88 1491 143 1512; x_wconf 95'}
{http://www.w3.org/1999/xhtml}span {'class': 'ocrx_word', 'id': 'word_1_140', 'title': 'bbox 157 1489 256 1517; x_wconf 96'}
{http://www.w3.org/1999/xhtml}span {'class': 'ocrx_word', 'id': 'word_1_141', 'title': 'bbox 270 1489 341 1516; x_wconf 93'}
{http://www.w3.org/1999/xhtml}span {'class': 'ocrx_word', 'id': 'word_1_142', 'title': 'bbox 354 1488 527 1510; x_wconf 91'}
{http://www.w3.org/1999/xhtml}span {'class': 'ocr_line', 'id': 'line_1_40', 'title': 'bbox 88 1525 528 1554; baseline -0.005 -5; x_size 28; x_descenders 6; x_ascenders 6'}
{http://www.w3.org/1999/xhtml}span {'class': 'ocrx_word', 'id': 'word_1_143', 'title': 'bbox 88 1526 203 1554; x_wconf 91'}
{http://www.w3.org/1999/xhtml}span {'class': 'ocrx_word', 'id': 'word_1_144', 'title': 'bbox 215 1532 262 1554; x_wconf 96'}
{http://www.w3.org/1999/xhtml}span {'class': 'ocrx_word', 'id': 'word_1_145', 'title': 'bbox 275 1532 290 1548; x_wconf 96'}
{http://www.w3.org/1999/xhtml}span {'class': 'ocrx_word', 'id': 'word_1_146', 'title': 'bbox 302 1527 356 1548; x_wconf 96'}
{http://www.w3.org/1999/xhtml}span {'class': 'ocrx_word', 'id': 'word_1_147', 'title': 'bbox 366 1525 453 1547; x_wconf 96'}
{http://www.w3.org/1999/xhtml}span {'class': 'ocrx_word', 'id': 'word_1_148', 'title': 'bbox 461 1526 528 1547; x_wconf 96'}
{http://www.w3.org/1999/xhtml}span {'class': 'ocr_line', 'id': 'line_1_41', 'title': 'bbox 88 1562 528 1592; baseline -0.005 -6; x_size 29; x_descenders 6; x_ascenders 6'}
{http://www.w3.org/1999/xhtml}span {'class': 'ocrx_word', 'id': 'word_1_149', 'title': 'bbox 88 1564 212 1592; x_wconf 91'}
{http://www.w3.org/1999/xhtml}span {'class': 'ocrx_word', 'id': 'word_1_150', 'title': 'bbox 231 1562 382 1591; x_wconf 90'}
{http://www.w3.org/1999/xhtml}span {'class': 'ocrx_word', 'id': 'word_1_151', 'title': 'bbox 402 1568 496 1590; x_wconf 96'}
{http://www.w3.org/1999/xhtml}span {'class': 'ocrx_word', 'id': 'word_1_152', 'title': 'bbox 513 1568 528 1585; x_wconf 96'}
{http://www.w3.org/1999/xhtml}span {'class': 'ocr_line', 'id': 'line_1_42', 'title': 'bbox 88 1599 528 1628; baseline -0.005 -5; x_size 28; x_descenders 6; x_ascenders 6'}
{http://www.w3.org/1999/xhtml}span {'class': 'ocrx_word', 'id': 'word_1_153', 'title': 'bbox 88 1601 251 1628; x_wconf 59'}
{http://www.w3.org/1999/xhtml}span {'class': 'ocrx_word', 'id': 'word_1_154', 'title': 'bbox 274 1600 319 1622; x_wconf 96'}
{http://www.w3.org/1999/xhtml}span {'class': 'ocrx_word', 'id': 'word_1_155', 'title': 'bbox 342 1605 402 1621; x_wconf 93'}
{http://www.w3.org/1999/xhtml}span {'class': 'ocrx_word', 'id': 'word_1_156', 'title': 'bbox 423 1599 528 1622; x_wconf 92'}
{http://www.w3.org/1999/xhtml}span {'class': 'ocr_line', 'id': 'line_1_43', 'title': 'bbox 88 1636 468 1665; baseline -0.008 -4; x_size 28; x_descenders 5; x_ascenders 7'}
{http://www.w3.org/1999/xhtml}span {'class': 'ocrx_word', 'id': 'word_1_157', 'title': 'bbox 88 1638 188 1665; x_wconf 96'}
{http://www.w3.org/1999/xhtml}span {'class': 'ocrx_word', 'id': 'word_1_158', 'title': 'bbox 203 1639 276 1660; x_wconf 93'}
{http://www.w3.org/1999/xhtml}span {'class': 'ocrx_word', 'id': 'word_1_159', 'title': 'bbox 289 1637 368 1659; x_wconf 91'}
{http://www.w3.org/1999/xhtml}span {'class': 'ocrx_word', 'id': 'word_1_160', 'title': 'bbox 381 1636 468 1659; x_wconf 91'}
{http://www.w3.org/1999/xhtml}div {'class': 'ocr_carea', 'id': 'block_1_25', 'title': 'bbox 102 1702 422 2211'}
{http://www.w3.org/1999/xhtml}p {'class': 'ocr_par', 'id': 'par_1_25', 'lang': 'eng', 'title': 'bbox 102 1702 422 2211'}
{http://www.w3.org/1999/xhtml}span {'class': 'ocr_line', 'id': 'line_1_44', 'title': 'bbox 102 1702 422 2211; baseline 0.047 -15; x_size 660; x_descenders 165; x_ascenders 165'}
{http://www.w3.org/1999/xhtml}span {'class': 'ocrx_word', 'id': 'word_1_161', 'title': 'bbox 102 1702 422 2211; x_wconf 95'}
{http://www.w3.org/1999/xhtml}div {'class': 'ocr_carea', 'id': 'block_1_26', 'title': 'bbox 331 2186 430 2211'}
{http://www.w3.org/1999/xhtml}p {'class': 'ocr_par', 'id': 'par_1_26', 'lang': 'eng', 'title': 'bbox 331 2186 430 2211'}
{http://www.w3.org/1999/xhtml}span {'class': 'ocr_line', 'id': 'line_1_45', 'title': 'bbox 331 2186 367 2198; baseline -0.028 0; x_size 20; x_descenders 5; x_ascenders 5'}
{http://www.w3.org/1999/xhtml}span {'class': 'ocrx_word', 'id': 'word_1_162', 'title': 'bbox 331 2186 367 2198; x_wconf 84'}
{http://www.w3.org/1999/xhtml}span {'class': 'ocr_line', 'id': 'line_1_46', 'title': 'bbox 332 2201 430 2211; baseline -0.01 -1; x_size 20; x_descenders 5; x_ascenders 5'}
{http://www.w3.org/1999/xhtml}span {'class': 'ocrx_word', 'id': 'word_1_163', 'title': 'bbox 332 2202 371 2211; x_wconf 51'}
{http://www.w3.org/1999/xhtml}span {'class': 'ocrx_word', 'id': 'word_1_164', 'title': 'bbox 377 2201 393 2210; x_wconf 89'}
{http://www.w3.org/1999/xhtml}span {'class': 'ocrx_word', 'id': 'word_1_165', 'title': 'bbox 398 2201 430 2209; x_wconf 78'}
{http://www.w3.org/1999/xhtml}div {'class': 'ocr_carea', 'id': 'block_1_27', 'title': 'bbox 102 2188 244 2214'}
{http://www.w3.org/1999/xhtml}p {'class': 'ocr_par', 'id': 'par_1_27', 'lang': 'eng', 'title': 'bbox 102 2188 244 2214'}
{http://www.w3.org/1999/xhtml}span {'class': 'ocr_line', 'id': 'line_1_47', 'title': 'bbox 168 2188 242 2199; baseline -0.014 0; x_size 20; x_descenders 5; x_ascenders 5'}
{http://www.w3.org/1999/xhtml}span {'class': 'ocrx_word', 'id': 'word_1_166', 'title': 'bbox 168 2188 227 2199; x_wconf 95'}
{http://www.w3.org/1999/xhtml}span {'class': 'ocrx_word', 'id': 'word_1_167', 'title': 'bbox 236 2194 242 2198; x_wconf 87'}
{http://www.w3.org/1999/xhtml}span {'class': 'ocr_line', 'id': 'line_1_48', 'title': 'bbox 102 2203 244 2214; baseline -0.007 -2; x_size 20; x_descenders 5; x_ascenders 5'}
{http://www.w3.org/1999/xhtml}span {'class': 'ocrx_word', 'id': 'word_1_168', 'title': 'bbox 102 2203 151 2212; x_wconf 91'}
{http://www.w3.org/1999/xhtml}span {'class': 'ocrx_word', 'id': 'word_1_169', 'title': 'bbox 157 2205 188 2214; x_wconf 94'}
{http://www.w3.org/1999/xhtml}span {'class': 'ocrx_word', 'id': 'word_1_170', 'title': 'bbox 193 2203 204 2211; x_wconf 86'}
{http://www.w3.org/1999/xhtml}span {'class': 'ocrx_word', 'id': 'word_1_171', 'title': 'bbox 211 2204 244 2211; x_wconf 86'}
{http://www.w3.org/1999/xhtml}div {'class': 'ocr_carea', 'id': 'block_1_28', 'title': 'bbox 542 570 1038 1062'}
{http://www.w3.org/1999/xhtml}p {'class': 'ocr_par', 'id': 'par_1_28', 'lang': 'eng', 'title': 'bbox 542 570 1038 1062'}
{http://www.w3.org/1999/xhtml}span {'class': 'ocr_line', 'id': 'line_1_49', 'title': 'bbox 542 570 1038 1062; baseline 0 1205; x_size 205.33333; x_descenders 51.333332; x_ascenders 51.333336'}
{http://www.w3.org/1999/xhtml}span {'class': 'ocrx_word', 'id': 'word_1_172', 'title': 'bbox 542 570 1038 1062; x_wconf 95'}
{http://www.w3.org/1999/xhtml}div {'class': 'ocr_carea', 'id': 'block_1_29', 'title': 'bbox 541 1061 1039 1149'}
{http://www.w3.org/1999/xhtml}p {'class': 'ocr_par', 'id': 'par_1_29', 'lang': 'eng', 'title': 'bbox 541 1061 1039 1146'}
{http://www.w3.org/1999/xhtml}span {'class': 'ocr_line', 'id': 'line_1_50', 'title': 'bbox 707 1061 874 1106; baseline 0 -10; x_size 22; x_descenders 6; x_ascenders 4'}
{http://www.w3.org/1999/xhtml}span {'class': 'ocrx_word', 'id': 'word_1_173', 'title': 'bbox 707 1080 737 1101; x_wconf 77'}
{http://www.w3.org/1999/xhtml}span {'class': 'ocrx_word', 'id': 'word_1_174', 'title': 'bbox 745 1061 810 1106; x_wconf 27'}
{http://www.w3.org/1999/xhtml}span {'class': 'ocrx_word', 'id': 'word_1_175', 'title': 'bbox 817 1080 874 1102; x_wconf 82'}
{http://www.w3.org/1999/xhtml}span {'class': 'ocr_line', 'id': 'line_1_51', 'title': 'bbox 541 1104 1039 1132; baseline -0.004 -13; x_size 24.5; x_descenders 6.5; x_ascenders 5.5'}
{http://www.w3.org/1999/xhtml}span {'class': 'ocrx_word', 'id': 'word_1_176', 'title': 'bbox 541 1098 612 1120; x_wconf 96'}
{http://www.w3.org/1999/xhtml}span {'class': 'ocrx_word', 'id': 'word_1_177', 'title': 'bbox 619 1105 634 1117; x_wconf 96'}
{http://www.w3.org/1999/xhtml}span {'class': 'ocrx_word', 'id': 'word_1_178', 'title': 'bbox 640 1104 714 1132; x_wconf 0'}
{http://www.w3.org/1999/xhtml}span {'class': 'ocrx_word', 'id': 'word_1_179', 'title': 'bbox 721 1104 789 1117; x_wconf 91'}
{http://www.w3.org/1999/xhtml}span {'class': 'ocrx_word', 'id': 'word_1_180', 'title': 'bbox 797 1107 804 1116; x_wconf 49'}
{http://www.w3.org/1999/xhtml}span {'class': 'ocrx_word', 'id': 'word_1_181', 'title': 'bbox 812 1104 827 1117; x_wconf 90'}
{http://www.w3.org/1999/xhtml}span {'class': 'ocrx_word', 'id': 'word_1_182', 'title': 'bbox 833 1104 897 1117; x_wconf 78'}
{http://www.w3.org/1999/xhtml}span {'class': 'ocrx_word', 'id': 'word_1_183', 'title': 'bbox 905 1104 919 1116; x_wconf 73'}
{http://www.w3.org/1999/xhtml}span {'class': 'ocrx_word', 'id': 'word_1_184', 'title': 'bbox 927 1104 962 1116; x_wconf 94'}
{http://www.w3.org/1999/xhtml}span {'class': 'ocrx_word', 'id': 'word_1_185', 'title': 'bbox 970 1104 985 1117; x_wconf 83'}
{http://www.w3.org/1999/xhtml}span {'class': 'ocrx_word', 'id': 'word_1_186', 'title': 'bbox 993 1104 1039 1117; x_wconf 90'}
{http://www.w3.org/1999/xhtml}span {'class': 'ocr_line', 'id': 'line_1_52', 'title': 'bbox 640 1118 941 1136; baseline -0.003 -3.965; x_size 24.5; x_descenders 6.5; x_ascenders 5.5'}
{http://www.w3.org/1999/xhtml}span {'class': 'ocrx_word', 'id': 'word_1_187', 'title': 'bbox 640 1120 704 1132; x_wconf 91'}
{http://www.w3.org/1999/xhtml}span {'class': 'ocrx_word', 'id': 'word_1_188', 'title': 'bbox 709 1120 724 1132; x_wconf 89'}
{http://www.w3.org/1999/xhtml}span {'class': 'ocrx_word', 'id': 'word_1_189', 'title': 'bbox 729 1119 798 1146; x_wconf 31'}
{http://www.w3.org/1999/xhtml}span {'class': 'ocrx_word', 'id': 'word_1_190', 'title': 'bbox 803 1119 860 1135; x_wconf 80'}
{http://www.w3.org/1999/xhtml}span {'class': 'ocrx_word', 'id': 'word_1_191', 'title': 'bbox 865 1122 872 1131; x_wconf 60'}
{http://www.w3.org/1999/xhtml}span {'class': 'ocrx_word', 'id': 'word_1_192', 'title': 'bbox 878 1118 941 1131; x_wconf 70'}
{http://www.w3.org/1999/xhtml}span {'class': 'ocr_line', 'id': 'line_1_53', 'title': 'bbox 784 1137 806 1149; baseline 0 -4; x_size 24.5; x_descenders 6.5; x_ascenders 5.5'}
{http://www.w3.org/1999/xhtml}span {'class': 'ocrx_word', 'id': 'word_1_193', 'title': 'bbox 784 1137 806 1149; x_wconf 56'}
{http://www.w3.org/1999/xhtml}div {'class': 'ocr_carea', 'id': 'block_1_30', 'title': 'bbox 624 1158 956 1658'}
{http://www.w3.org/1999/xhtml}p {'class': 'ocr_par', 'id': 'par_1_30', 'lang': 'eng', 'title': 'bbox 624 1158 956 1658'}
{http://www.w3.org/1999/xhtml}span {'class': 'ocr_line', 'id': 'line_1_54', 'title': 'bbox 624 1158 956 1658; baseline 0 609; x_size 208; x_descenders 52; x_ascenders 52'}
{http://www.w3.org/1999/xhtml}span {'class': 'ocrx_word', 'id': 'word_1_194', 'title': 'bbox 624 1158 956 1658; x_wconf 95'}
{http://www.w3.org/1999/xhtml}div {'class': 'ocr_carea', 'id': 'block_1_31', 'title': 'bbox 673 1666 890 1709'}
{http://www.w3.org/1999/xhtml}p {'class': 'ocr_par', 'id': 'par_1_31', 'lang': 'eng', 'title': 'bbox 673 1666 899 1709'}
{http://www.w3.org/1999/xhtml}span {'class': 'ocr_line', 'id': 'line_1_55', 'title': 'bbox 673 1666 890 1709; baseline 0 -24; x_size 20; x_descenders 5; x_ascenders 5'}
{http://www.w3.org/1999/xhtml}span {'class': 'ocrx_word', 'id': 'word_1_195', 'title': 'bbox 673 1666 743 1694; x_wconf 89'}
{http://www.w3.org/1999/xhtml}span {'class': 'ocrx_word', 'id': 'word_1_196', 'title': 'bbox 763 1670 820 1709; x_wconf 11'}
{http://www.w3.org/1999/xhtml}span {'class': 'ocrx_word', 'id': 'word_1_197', 'title': 'bbox 804 1666 829 1701; x_wconf 87'}
{http://www.w3.org/1999/xhtml}span {'class': 'ocrx_word', 'id': 'word_1_198', 'title': 'bbox 823 1670 890 1705; x_wconf 7'}
{http://www.w3.org/1999/xhtml}div {'class': 'ocr_carea', 'id': 'block_1_32', 'title': 'bbox 1258 720 1499 966'}
{http://www.w3.org/1999/xhtml}p {'class': 'ocr_par', 'id': 'par_1_32', 'lang': 'eng', 'title': 'bbox 1258 720 1499 966'}
{http://www.w3.org/1999/xhtml}span {'class': 'ocr_line', 'id': 'line_1_56', 'title': 'bbox 1258 720 1499 966; baseline 0 1301; x_size 308.75; x_descenders 77.1875; x_ascenders 77.1875'}
{http://www.w3.org/1999/xhtml}span {'class': 'ocrx_word', 'id': 'word_1_199', 'title': 'bbox 1258 720 1499 966; x_wconf 95'}
{http://www.w3.org/1999/xhtml}div {'class': 'ocr_carea', 'id': 'block_1_33', 'title': 'bbox 1249 992 1495 1033'}
{http://www.w3.org/1999/xhtml}p {'class': 'ocr_par', 'id': 'par_1_33', 'lang': 'eng', 'title': 'bbox 1249 992 1495 1033'}
{http://www.w3.org/1999/xhtml}span {'class': 'ocr_caption', 'id': 'line_1_57', 'title': 'bbox 1280 992 1461 1015; baseline -0.011 -5; x_size 21; x_descenders 5; x_ascenders 5'}
{http://www.w3.org/1999/xhtml}span {'class': 'ocrx_word', 'id': 'word_1_200', 'title': 'bbox 1280 994 1311 1015; x_wconf 55'}
{http://www.w3.org/1999/xhtml}span {'class': 'ocrx_word', 'id': 'word_1_201', 'title': 'bbox 1318 993 1390 1014; x_wconf 93'}
{http://www.w3.org/1999/xhtml}span {'class': 'ocrx_word', 'id': 'word_1_202', 'title': 'bbox 1397 992 1461 1008; x_wconf 89'}
{http://www.w3.org/1999/xhtml}span {'class': 'ocr_caption', 'id': 'line_1_58', 'title': 'bbox 1249 1016 1495 1033; baseline -0.008 -2; x_size 22.5; x_descenders 5.5; x_ascenders 5.5'}
{http://www.w3.org/1999/xhtml}span {'class': 'ocrx_word', 'id': 'word_1_203', 'title': 'bbox 1249 1019 1319 1031; x_wconf 95'}
{http://www.w3.org/1999/xhtml}span {'class': 'ocrx_word', 'id': 'word_1_204', 'title': 'bbox 1325 1018 1340 1030; x_wconf 91'}
{http://www.w3.org/1999/xhtml}span {'class': 'ocrx_word', 'id': 'word_1_205', 'title': 'bbox 1346 1017 1420 1033; x_wconf 7'}
{http://www.w3.org/1999/xhtml}span {'class': 'ocrx_word', 'id': 'word_1_206', 'title': 'bbox 1426 1016 1495 1029; x_wconf 10'}
{http://www.w3.org/1999/xhtml}div {'class': 'ocr_carea', 'id': 'block_1_34', 'title': 'bbox 1260 1032 1483 1063'}
{http://www.w3.org/1999/xhtml}p {'class': 'ocr_par', 'id': 'par_1_34', 'lang': 'eng', 'title': 'bbox 1260 1032 1483 1063'}
{http://www.w3.org/1999/xhtml}span {'class': 'ocr_line', 'id': 'line_1_59', 'title': 'bbox 1260 1032 1483 1063; baseline -0.009 -17; x_size 16; x_descenders 4; x_ascenders 4'}
{http://www.w3.org/1999/xhtml}span {'class': 'ocrx_word', 'id': 'word_1_207', 'title': 'bbox 1260 1034 1286 1046; x_wconf 90'}
{http://www.w3.org/1999/xhtml}span {'class': 'ocrx_word', 'id': 'word_1_208', 'title': 'bbox 1291 1032 1374 1063; x_wconf 30'}
{http://www.w3.org/1999/xhtml}span {'class': 'ocrx_word', 'id': 'word_1_209', 'title': 'bbox 1378 1032 1413 1044; x_wconf 94'}
{http://www.w3.org/1999/xhtml}span {'class': 'ocrx_word', 'id': 'word_1_210', 'title': 'bbox 1417 1032 1432 1044; x_wconf 94'}
{http://www.w3.org/1999/xhtml}span {'class': 'ocrx_word', 'id': 'word_1_211', 'title': 'bbox 1437 1032 1483 1044; x_wconf 96'}
{http://www.w3.org/1999/xhtml}div {'class': 'ocr_carea', 'id': 'block_1_35', 'title': 'bbox 1369 1050 1411 1062'}
{http://www.w3.org/1999/xhtml}p {'class': 'ocr_par', 'id': 'par_1_35', 'lang': 'eng', 'title': 'bbox 1369 1050 1411 1062'}
{http://www.w3.org/1999/xhtml}span {'class': 'ocr_line', 'id': 'line_1_60', 'title': 'bbox 1369 1050 1411 1062; baseline 0 -3; x_size 20; x_descenders 5; x_ascenders 5'}
{http://www.w3.org/1999/xhtml}span {'class': 'ocrx_word', 'id': 'word_1_212', 'title': 'bbox 1369 1050 1376 1059; x_wconf 63'}
{http://www.w3.org/1999/xhtml}span {'class': 'ocrx_word', 'id': 'word_1_213', 'title': 'bbox 1384 1050 1411 1062; x_wconf 63'}
{http://www.w3.org/1999/xhtml}div {'class': 'ocr_carea', 'id': 'block_1_36', 'title': 'bbox 1082 1152 1493 1184'}
{http://www.w3.org/1999/xhtml}p {'class': 'ocr_par', 'id': 'par_1_36', 'lang': 'eng', 'title': 'bbox 1082 1152 1493 1184'}
{http://www.w3.org/1999/xhtml}span {'class': 'ocr_line', 'id': 'line_1_61', 'title': 'bbox 1082 1152 1493 1184; baseline -0.007 -3; x_size 34; x_descenders 5; x_ascenders 8'}
{http://www.w3.org/1999/xhtml}span {'class': 'ocrx_word', 'id': 'word_1_214', 'title': 'bbox 1082 1153 1105 1181; x_wconf 91'}
{http://www.w3.org/1999/xhtml}span {'class': 'ocrx_word', 'id': 'word_1_215', 'title': 'bbox 1120 1148 1276 1190; x_wconf 89'}
{http://www.w3.org/1999/xhtml}span {'class': 'ocrx_word', 'id': 'word_1_216', 'title': 'bbox 1278 1148 1446 1190; x_wconf 80'}
{http://www.w3.org/1999/xhtml}span {'class': 'ocrx_word', 'id': 'word_1_217', 'title': 'bbox 1459 1158 1493 1175; x_wconf 96'}
{http://www.w3.org/1999/xhtml}div {'class': 'ocr_carea', 'id': 'block_1_37', 'title': 'bbox 1052 1189 1494 1329'}
{http://www.w3.org/1999/xhtml}p {'class': 'ocr_par', 'id': 'par_1_37', 'lang': 'eng', 'title': 'bbox 1052 1189 1494 1329'}
{http://www.w3.org/1999/xhtml}span {'class': 'ocr_line', 'id': 'line_1_62', 'title': 'bbox 1053 1189 1493 1223; baseline 0 -10; x_size 28; x_descenders 5; x_ascenders 6'}
{http://www.w3.org/1999/xhtml}span {'class': 'ocrx_word', 'id': 'word_1_218', 'title': 'bbox 1053 1190 1143 1213; x_wconf 91'}
{http://www.w3.org/1999/xhtml}span {'class': 'ocrx_word', 'id': 'word_1_219', 'title': 'bbox 1160 1190 1191 1212; x_wconf 96'}
{http://www.w3.org/1999/xhtml}span {'class': 'ocrx_word', 'id': 'word_1_220', 'title': 'bbox 1207 1189 1285 1217; x_wconf 93'}
{http://www.w3.org/1999/xhtml}span {'class': 'ocrx_word', 'id': 'word_1_221', 'title': 'bbox 1300 1190 1463 1223; x_wconf 91'}
{http://www.w3.org/1999/xhtml}span {'class': 'ocrx_word', 'id': 'word_1_222', 'title': 'bbox 1478 1196 1493 1213; x_wconf 88'}
{http://www.w3.org/1999/xhtml}span {'class': 'ocr_line', 'id': 'line_1_63', 'title': 'bbox 1052 1227 1494 1255; baseline 0 -5; x_size 27; x_descenders 4; x_ascenders 7'}
{http://www.w3.org/1999/xhtml}span {'class': 'ocrx_word', 'id': 'word_1_223', 'title': 'bbox 1052 1228 1126 1250; x_wconf 92'}
{http://www.w3.org/1999/xhtml}span {'class': 'ocrx_word', 'id': 'word_1_224', 'title': 'bbox 1138 1227 1252 1253; x_wconf 91'}
{http://www.w3.org/1999/xhtml}span {'class': 'ocrx_word', 'id': 'word_1_225', 'title': 'bbox 1265 1227 1343 1254; x_wconf 91'}
{http://www.w3.org/1999/xhtml}span {'class': 'ocrx_word', 'id': 'word_1_226', 'title': 'bbox 1356 1233 1369 1249; x_wconf 89'}
{http://www.w3.org/1999/xhtml}span {'class': 'ocrx_word', 'id': 'word_1_227', 'title': 'bbox 1379 1227 1494 1255; x_wconf 89'}
{http://www.w3.org/1999/xhtml}span {'class': 'ocr_line', 'id': 'line_1_64', 'title': 'bbox 1053 1264 1494 1290; baseline 0 -3; x_size 27; x_descenders 4; x_ascenders 6'}
{http://www.w3.org/1999/xhtml}span {'class': 'ocrx_word', 'id': 'word_1_228', 'title': 'bbox 1053 1270 1083 1287; x_wconf 96'}
{http://www.w3.org/1999/xhtml}span {'class': 'ocrx_word', 'id': 'word_1_229', 'title': 'bbox 1095 1265 1168 1287; x_wconf 93'}
{http://www.w3.org/1999/xhtml}span {'class': 'ocrx_word', 'id': 'word_1_230', 'title': 'bbox 1179 1264 1265 1290; x_wconf 91'}
{http://www.w3.org/1999/xhtml}span {'class': 'ocrx_word', 'id': 'word_1_231', 'title': 'bbox 1278 1264 1406 1286; x_wconf 92'}
{http://www.w3.org/1999/xhtml}span {'class': 'ocrx_word', 'id': 'word_1_232', 'title': 'bbox 1413 1269 1427 1286; x_wconf 89'}
{http://www.w3.org/1999/xhtml}span {'class': 'ocrx_word', 'id': 'word_1_233', 'title': 'bbox 1435 1264 1494 1287; x_wconf 89'}
{http://www.w3.org/1999/xhtml}span {'class': 'ocr_line', 'id': 'line_1_65', 'title': 'bbox 1052 1301 1493 1329; baseline 0 -6; x_size 28; x_descenders 6; x_ascenders 6'}
{http://www.w3.org/1999/xhtml}span {'class': 'ocrx_word', 'id': 'word_1_234', 'title': 'bbox 1052 1301 1170 1329; x_wconf 91'}
{http://www.w3.org/1999/xhtml}span {'class': 'ocrx_word', 'id': 'word_1_235', 'title': 'bbox 1190 1301 1279 1323; x_wconf 96'}
{http://www.w3.org/1999/xhtml}span {'class': 'ocrx_word', 'id': 'word_1_236', 'title': 'bbox 1300 1306 1341 1323; x_wconf 96'}
{http://www.w3.org/1999/xhtml}span {'class': 'ocrx_word', 'id': 'word_1_237', 'title': 'bbox 1358 1301 1428 1323; x_wconf 96'}
{http://www.w3.org/1999/xhtml}span {'class': 'ocrx_word', 'id': 'word_1_238', 'title': 'bbox 1447 1302 1493 1324; x_wconf 96'}
{http://www.w3.org/1999/xhtml}div {'class': 'ocr_carea', 'id': 'block_1_38', 'title': 'bbox 1036 1336 1494 1368'}
{http://www.w3.org/1999/xhtml}p {'class': 'ocr_par', 'id': 'par_1_38', 'lang': 'eng', 'title': 'bbox 1036 1336 1494 1368'}
{http://www.w3.org/1999/xhtml}span {'class': 'ocr_textfloat', 'id': 'line_1_66', 'title': 'bbox 1036 1336 1494 1368; baseline 0 -7; x_size 27; x_descenders 5; x_ascenders 6'}
{http://www.w3.org/1999/xhtml}span {'class': 'ocrx_word', 'id': 'word_1_239', 'title': 'bbox 1036 1336 1176 1368; x_wconf 77'}
{http://www.w3.org/1999/xhtml}span {'class': 'ocrx_word', 'id': 'word_1_240', 'title': 'bbox 1190 1344 1204 1360; x_wconf 91'}
{http://www.w3.org/1999/xhtml}span {'class': 'ocrx_word', 'id': 'word_1_241', 'title': 'bbox 1218 1338 1386 1365; x_wconf 92'}
{http://www.w3.org/1999/xhtml}span {'class': 'ocrx_word', 'id': 'word_1_242', 'title': 'bbox 1396 1344 1494 1366; x_wconf 92'}
{http://www.w3.org/1999/xhtml}div {'class': 'ocr_carea', 'id': 'block_1_39', 'title': 'bbox 1053 1375 1494 1658'}
{http://www.w3.org/1999/xhtml}p {'class': 'ocr_par', 'id': 'par_1_39', 'lang': 'eng', 'title': 'bbox 1053 1375 1494 1658'}
{http://www.w3.org/1999/xhtml}span {'class': 'ocr_line', 'id': 'line_1_67', 'title': 'bbox 1054 1375 1493 1402; baseline 0.002 -5; x_size 27; x_descenders 5; x_ascenders 6'}
{http://www.w3.org/1999/xhtml}span {'class': 'ocrx_word', 'id': 'word_1_243', 'title': 'bbox 1054 1376 1084 1397; x_wconf 93'}
{http://www.w3.org/1999/xhtml}span {'class': 'ocrx_word', 'id': 'word_1_244', 'title': 'bbox 1097 1375 1232 1397; x_wconf 91'}
{http://www.w3.org/1999/xhtml}span {'class': 'ocrx_word', 'id': 'word_1_245', 'title': 'bbox 1248 1375 1341 1397; x_wconf 96'}
{http://www.w3.org/1999/xhtml}span {'class': 'ocrx_word', 'id': 'word_1_246', 'title': 'bbox 1357 1381 1406 1402; x_wconf 96'}
{http://www.w3.org/1999/xhtml}span {'class': 'ocrx_word', 'id': 'word_1_247', 'title': 'bbox 1421 1375 1463 1398; x_wconf 94'}
{http://www.w3.org/1999/xhtml}span {'class': 'ocrx_word', 'id': 'word_1_248', 'title': 'bbox 1477 1382 1493 1398; x_wconf 94'}
{http://www.w3.org/1999/xhtml}span {'class': 'ocr_line', 'id': 'line_1_68', 'title': 'bbox 1054 1412 1494 1435; baseline 0 -1; x_size 27.416666; x_descenders 5.4166665; x_ascenders 6'}
{http://www.w3.org/1999/xhtml}span {'class': 'ocrx_word', 'id': 'word_1_249', 'title': 'bbox 1054 1413 1096 1435; x_wconf 96'}
{http://www.w3.org/1999/xhtml}span {'class': 'ocrx_word', 'id': 'word_1_250', 'title': 'bbox 1116 1418 1176 1435; x_wconf 93'}
{http://www.w3.org/1999/xhtml}span {'class': 'ocrx_word', 'id': 'word_1_251', 'title': 'bbox 1194 1412 1334 1434; x_wconf 92'}
{http://www.w3.org/1999/xhtml}span {'class': 'ocrx_word', 'id': 'word_1_252', 'title': 'bbox 1354 1412 1385 1434; x_wconf 93'}
{http://www.w3.org/1999/xhtml}span {'class': 'ocrx_word', 'id': 'word_1_253', 'title': 'bbox 1403 1412 1494 1435; x_wconf 91'}
{http://www.w3.org/1999/xhtml}span {'class': 'ocr_line', 'id': 'line_1_69', 'title': 'bbox 1054 1449 1494 1476; baseline 0 -4; x_size 27; x_descenders 5; x_ascenders 6'}
{http://www.w3.org/1999/xhtml}span {'class': 'ocrx_word', 'id': 'word_1_254', 'title': 'bbox 1054 1450 1118 1472; x_wconf 96'}
{http://www.w3.org/1999/xhtml}span {'class': 'ocrx_word', 'id': 'word_1_255', 'title': 'bbox 1131 1450 1161 1471; x_wconf 96'}
{http://www.w3.org/1999/xhtml}span {'class': 'ocrx_word', 'id': 'word_1_256', 'title': 'bbox 1173 1449 1248 1471; x_wconf 96'}
{http://www.w3.org/1999/xhtml}span {'class': 'ocrx_word', 'id': 'word_1_257', 'title': 'bbox 1261 1455 1290 1471; x_wconf 93'}
{http://www.w3.org/1999/xhtml}span {'class': 'ocrx_word', 'id': 'word_1_258', 'title': 'bbox 1303 1450 1447 1476; x_wconf 92'}
{http://www.w3.org/1999/xhtml}span {'class': 'ocrx_word', 'id': 'word_1_259', 'title': 'bbox 1455 1456 1494 1472; x_wconf 92'}
{http://www.w3.org/1999/xhtml}span {'class': 'ocr_line', 'id': 'line_1_70', 'title': 'bbox 1054 1486 1494 1512; baseline 0.002 -4; x_size 26; x_descenders 4; x_ascenders 6'}
{http://www.w3.org/1999/xhtml}span {'class': 'ocrx_word', 'id': 'word_1_260', 'title': 'bbox 1054 1487 1123 1512; x_wconf 90'}
{http://www.w3.org/1999/xhtml}span {'class': 'ocrx_word', 'id': 'word_1_261', 'title': 'bbox 1133 1486 1213 1508; x_wconf 88'}
{http://www.w3.org/1999/xhtml}span {'class': 'ocrx_word', 'id': 'word_1_262', 'title': 'bbox 1219 1492 1260 1508; x_wconf 96'}
{http://www.w3.org/1999/xhtml}span {'class': 'ocrx_word', 'id': 'word_1_263', 'title': 'bbox 1266 1492 1342 1508; x_wconf 93'}
{http://www.w3.org/1999/xhtml}span {'class': 'ocrx_word', 'id': 'word_1_264', 'title': 'bbox 1349 1486 1421 1508; x_wconf 89'}
{http://www.w3.org/1999/xhtml}span {'class': 'ocrx_word', 'id': 'word_1_265', 'title': 'bbox 1429 1492 1494 1509; x_wconf 91'}
{http://www.w3.org/1999/xhtml}span {'class': 'ocr_line', 'id': 'line_1_71', 'title': 'bbox 1053 1523 1494 1551; baseline 0 -5; x_size 28.460938; x_descenders 5.5859375; x_ascenders 6.375'}
{http://www.w3.org/1999/xhtml}span {'class': 'ocrx_word', 'id': 'word_1_266', 'title': 'bbox 1053 1530 1096 1546; x_wconf 95'}
{http://www.w3.org/1999/xhtml}span {'class': 'ocrx_word', 'id': 'word_1_267', 'title': 'bbox 1110 1524 1184 1545; x_wconf 95'}
{http://www.w3.org/1999/xhtml}span {'class': 'ocrx_word', 'id': 'word_1_268', 'title': 'bbox 1196 1523 1272 1545; x_wconf 96'}
{http://www.w3.org/1999/xhtml}span {'class': 'ocrx_word', 'id': 'word_1_269', 'title': 'bbox 1284 1529 1313 1545; x_wconf 95'}
{http://www.w3.org/1999/xhtml}span {'class': 'ocrx_word', 'id': 'word_1_270', 'title': 'bbox 1326 1529 1433 1551; x_wconf 96'}
{http://www.w3.org/1999/xhtml}span {'class': 'ocrx_word', 'id': 'word_1_271', 'title': 'bbox 1445 1530 1494 1551; x_wconf 96'}
{http://www.w3.org/1999/xhtml}span {'class': 'ocr_line', 'id': 'line_1_72', 'title': 'bbox 1053 1561 1494 1583; baseline 0 0; x_size 26.416666; x_descenders 5.4166665; x_ascenders 5'}
{http://www.w3.org/1999/xhtml}span {'class': 'ocrx_word', 'id': 'word_1_272', 'title': 'bbox 1053 1562 1164 1583; x_wconf 92'}
{http://www.w3.org/1999/xhtml}span {'class': 'ocrx_word', 'id': 'word_1_273', 'title': 'bbox 1181 1562 1238 1582; x_wconf 96'}
{http://www.w3.org/1999/xhtml}span {'class': 'ocrx_word', 'id': 'word_1_274', 'title': 'bbox 1253 1561 1324 1582; x_wconf 95'}
{http://www.w3.org/1999/xhtml}span {'class': 'ocrx_word', 'id': 'word_1_275', 'title': 'bbox 1340 1566 1397 1582; x_wconf 95'}
{http://www.w3.org/1999/xhtml}span {'class': 'ocrx_word', 'id': 'word_1_276', 'title': 'bbox 1413 1567 1429 1583; x_wconf 95'}
{http://www.w3.org/1999/xhtml}span {'class': 'ocrx_word', 'id': 'word_1_277', 'title': 'bbox 1445 1566 1494 1583; x_wconf 96'}
{http://www.w3.org/1999/xhtml}span {'class': 'ocr_line', 'id': 'line_1_73', 'title': 'bbox 1054 1597 1494 1625; baseline 0 -5; x_size 28; x_descenders 6; x_ascenders 6'}
{http://www.w3.org/1999/xhtml}span {'class': 'ocrx_word', 'id': 'word_1_278', 'title': 'bbox 1054 1598 1133 1620; x_wconf 96'}
{http://www.w3.org/1999/xhtml}span {'class': 'ocrx_word', 'id': 'word_1_279', 'title': 'bbox 1146 1603 1192 1625; x_wconf 93'}
{http://www.w3.org/1999/xhtml}span {'class': 'ocrx_word', 'id': 'word_1_280', 'title': 'bbox 1204 1598 1306 1619; x_wconf 46'}
{http://www.w3.org/1999/xhtml}span {'class': 'ocrx_word', 'id': 'word_1_281', 'title': 'bbox 1319 1597 1364 1619; x_wconf 93'}
{http://www.w3.org/1999/xhtml}span {'class': 'ocrx_word', 'id': 'word_1_282', 'title': 'bbox 1379 1597 1494 1620; x_wconf 91'}
{http://www.w3.org/1999/xhtml}span {'class': 'ocr_line', 'id': 'line_1_74', 'title': 'bbox 1054 1636 1163 1658; baseline -0.018 0; x_size 26.416666; x_descenders 5.4166665; x_ascenders 5'}
{http://www.w3.org/1999/xhtml}span {'class': 'ocrx_word', 'id': 'word_1_283', 'title': 'bbox 1054 1636 1163 1658; x_wconf 69'}
{http://www.w3.org/1999/xhtml}div {'class': 'ocr_carea', 'id': 'block_1_40', 'title': 'bbox 597 1694 1482 2212'}
{http://www.w3.org/1999/xhtml}p {'class': 'ocr_par', 'id': 'par_1_40', 'lang': 'eng', 'title': 'bbox 597 1694 1482 2212'}
{http://www.w3.org/1999/xhtml}span {'class': 'ocr_line', 'id': 'line_1_75', 'title': 'bbox 597 1694 1482 2212; baseline 0 55; x_size 765.33331; x_descenders 191.33333; x_ascenders 191.33333'}
{http://www.w3.org/1999/xhtml}span {'class': 'ocrx_word', 'id': 'word_1_284', 'title': 'bbox 597 1694 1482 2212; x_wconf 95'}
{http://www.w3.org/1999/xhtml}div {'class': 'ocr_carea', 'id': 'block_1_41', 'title': 'bbox 1472 0 1601 442'}
{http://www.w3.org/1999/xhtml}p {'class': 'ocr_par', 'id': 'par_1_41', 'lang': 'eng', 'title': 'bbox 1472 0 1601 442'}
{http://www.w3.org/1999/xhtml}span {'class': 'ocr_line', 'id': 'line_1_76', 'title': 'bbox 1472 0 1601 442; baseline 0 -319; x_size 132; x_descenders 33; x_ascenders 32.999996'}
{http://www.w3.org/1999/xhtml}span {'class': 'ocrx_word', 'id': 'word_1_285', 'title': 'bbox 1472 0 1601 442; x_wconf 95'}
{http://www.w3.org/1999/xhtml}div {'class': 'ocr_carea', 'id': 'block_1_42', 'title': 'bbox 1580 1515 1601 1576'}
{http://www.w3.org/1999/xhtml}p {'class': 'ocr_par', 'id': 'par_1_42', 'lang': 'eng', 'title': 'bbox 1580 1515 1601 1576'}
{http://www.w3.org/1999/xhtml}span {'class': 'ocr_line', 'id': 'line_1_77', 'title': 'bbox 1580 1515 1601 1576; baseline 0 691; x_size 77.5; x_descenders 19.375; x_ascenders 19.375'}
{http://www.w3.org/1999/xhtml}span {'class': 'ocrx_word', 'id': 'word_1_286', 'title': 'bbox 1580 1515 1601 1576; x_wconf 95'}
{http://www.w3.org/1999/xhtml}div {'class': 'ocr_carea', 'id': 'block_1_43', 'title': 'bbox 1595 1248 1601 2267'}
{http://www.w3.org/1999/xhtml}p {'class': 'ocr_par', 'id': 'par_1_43', 'lang': 'eng', 'title': 'bbox 1595 1248 1601 2267'}
{http://www.w3.org/1999/xhtml}span {'class': 'ocr_line', 'id': 'line_1_78', 'title': 'bbox 1595 1248 1601 2267; baseline 0 0; x_size 509.5; x_descenders -254.75; x_ascenders 254.75'}
{http://www.w3.org/1999/xhtml}span {'class': 'ocrx_word', 'id': 'word_1_287', 'title': 'bbox 1595 1248 1601 2267; x_wconf 95'}
>>> for child in iterator: print(child.attrib)
...
>>>
>>> for child in iterator: print(child.attrib)
...
>>> for child in iterator: print(child.tag, child.attrib)
...
>>> for child in page1: print(child.tag, child.attrib)
...
{http://www.w3.org/1999/xhtml}div {'class': 'ocr_carea', 'id': 'block_1_1', 'title': 'bbox 7 0 640 5'}
{http://www.w3.org/1999/xhtml}div {'class': 'ocr_carea', 'id': 'block_1_2', 'title': 'bbox 35 0 640 5'}
{http://www.w3.org/1999/xhtml}div {'class': 'ocr_carea', 'id': 'block_1_3', 'title': 'bbox 35 0 640 4'}
{http://www.w3.org/1999/xhtml}div {'class': 'ocr_carea', 'id': 'block_1_4', 'title': 'bbox 47 0 640 3'}
{http://www.w3.org/1999/xhtml}div {'class': 'ocr_carea', 'id': 'block_1_5', 'title': 'bbox 0 0 64 1546'}
{http://www.w3.org/1999/xhtml}div {'class': 'ocr_carea', 'id': 'block_1_6', 'title': 'bbox 0 1542 5 2173'}
{http://www.w3.org/1999/xhtml}div {'class': 'ocr_carea', 'id': 'block_1_7', 'title': 'bbox 81 78 130 109'}
{http://www.w3.org/1999/xhtml}div {'class': 'ocr_carea', 'id': 'block_1_8', 'title': 'bbox 130 89 479 170'}
{http://www.w3.org/1999/xhtml}div {'class': 'ocr_carea', 'id': 'block_1_9', 'title': 'bbox 87 228 565 274'}
{http://www.w3.org/1999/xhtml}div {'class': 'ocr_carea', 'id': 'block_1_10', 'title': 'bbox 86 280 478 301'}
{http://www.w3.org/1999/xhtml}div {'class': 'ocr_carea', 'id': 'block_1_11', 'title': 'bbox 284 323 395 330'}
{http://www.w3.org/1999/xhtml}div {'class': 'ocr_carea', 'id': 'block_1_12', 'title': 'bbox 97 354 559 375'}
{http://www.w3.org/1999/xhtml}div {'class': 'ocr_carea', 'id': 'block_1_13', 'title': 'bbox 213 387 432 409'}
{http://www.w3.org/1999/xhtml}div {'class': 'ocr_carea', 'id': 'block_1_14', 'title': 'bbox 81 0 951 277'}
{http://www.w3.org/1999/xhtml}div {'class': 'ocr_carea', 'id': 'block_1_15', 'title': 'bbox 763 236 854 285'}
{http://www.w3.org/1999/xhtml}div {'class': 'ocr_carea', 'id': 'block_1_16', 'title': 'bbox 951 72 1499 328'}
{http://www.w3.org/1999/xhtml}div {'class': 'ocr_carea', 'id': 'block_1_17', 'title': 'bbox 765 341 1326 404'}
{http://www.w3.org/1999/xhtml}div {'class': 'ocr_carea', 'id': 'block_1_18', 'title': 'bbox 1363 400 1374 411'}
{http://www.w3.org/1999/xhtml}div {'class': 'ocr_carea', 'id': 'block_1_19', 'title': 'bbox 86 424 1496 436'}
{http://www.w3.org/1999/xhtml}div {'class': 'ocr_carea', 'id': 'block_1_20', 'title': 'bbox 257 454 1322 533'}
{http://www.w3.org/1999/xhtml}div {'class': 'ocr_carea', 'id': 'block_1_21', 'title': 'bbox 100 716 331 968'}
{http://www.w3.org/1999/xhtml}div {'class': 'ocr_carea', 'id': 'block_1_22', 'title': 'bbox 114 990 297 1015'}
{http://www.w3.org/1999/xhtml}div {'class': 'ocr_carea', 'id': 'block_1_23', 'title': 'bbox 85 1016 327 1063'}
{http://www.w3.org/1999/xhtml}div {'class': 'ocr_carea', 'id': 'block_1_24', 'title': 'bbox 85 1154 528 1665'}
{http://www.w3.org/1999/xhtml}div {'class': 'ocr_carea', 'id': 'block_1_25', 'title': 'bbox 102 1702 422 2211'}
{http://www.w3.org/1999/xhtml}div {'class': 'ocr_carea', 'id': 'block_1_26', 'title': 'bbox 331 2186 430 2211'}
{http://www.w3.org/1999/xhtml}div {'class': 'ocr_carea', 'id': 'block_1_27', 'title': 'bbox 102 2188 244 2214'}
{http://www.w3.org/1999/xhtml}div {'class': 'ocr_carea', 'id': 'block_1_28', 'title': 'bbox 542 570 1038 1062'}
{http://www.w3.org/1999/xhtml}div {'class': 'ocr_carea', 'id': 'block_1_29', 'title': 'bbox 541 1061 1039 1149'}
{http://www.w3.org/1999/xhtml}div {'class': 'ocr_carea', 'id': 'block_1_30', 'title': 'bbox 624 1158 956 1658'}
{http://www.w3.org/1999/xhtml}div {'class': 'ocr_carea', 'id': 'block_1_31', 'title': 'bbox 673 1666 890 1709'}
{http://www.w3.org/1999/xhtml}div {'class': 'ocr_carea', 'id': 'block_1_32', 'title': 'bbox 1258 720 1499 966'}
{http://www.w3.org/1999/xhtml}div {'class': 'ocr_carea', 'id': 'block_1_33', 'title': 'bbox 1249 992 1495 1033'}
{http://www.w3.org/1999/xhtml}div {'class': 'ocr_carea', 'id': 'block_1_34', 'title': 'bbox 1260 1032 1483 1063'}
{http://www.w3.org/1999/xhtml}div {'class': 'ocr_carea', 'id': 'block_1_35', 'title': 'bbox 1369 1050 1411 1062'}
{http://www.w3.org/1999/xhtml}div {'class': 'ocr_carea', 'id': 'block_1_36', 'title': 'bbox 1082 1152 1493 1184'}
{http://www.w3.org/1999/xhtml}div {'class': 'ocr_carea', 'id': 'block_1_37', 'title': 'bbox 1052 1189 1494 1329'}
{http://www.w3.org/1999/xhtml}div {'class': 'ocr_carea', 'id': 'block_1_38', 'title': 'bbox 1036 1336 1494 1368'}
{http://www.w3.org/1999/xhtml}div {'class': 'ocr_carea', 'id': 'block_1_39', 'title': 'bbox 1053 1375 1494 1658'}
{http://www.w3.org/1999/xhtml}div {'class': 'ocr_carea', 'id': 'block_1_40', 'title': 'bbox 597 1694 1482 2212'}
{http://www.w3.org/1999/xhtml}div {'class': 'ocr_carea', 'id': 'block_1_41', 'title': 'bbox 1472 0 1601 442'}
{http://www.w3.org/1999/xhtml}div {'class': 'ocr_carea', 'id': 'block_1_42', 'title': 'bbox 1580 1515 1601 1576'}
{http://www.w3.org/1999/xhtml}div {'class': 'ocr_carea', 'id': 'block_1_43', 'title': 'bbox 1595 1248 1601 2267'}
>>> page1.items()
[('class', 'ocr_page'), ('id', 'page_1'), ('title', 'image "_.pdf_P-000.jpg"; bbox 0 0 1601 2267; ppageno 0')]
>>> page1.get('class')
'ocr_page'
>>> page1.get('class') == 'ocr_page'
True
>>> page1.keys()
['class', 'id', 'title']
>>> page1.find("page")
>>> page1.find("p")
>>> page1.find(p)
Traceback (most recent call last):
  File "<stdin>", line 1, in <module>
NameError: name 'p' is not defined
>>> page1.find('p')
>>> page1.find('div')
>>> page1.find('div','')
>>> page1.find('div',' ')
Traceback (most recent call last):
  File "<stdin>", line 1, in <module>
  File "/home/anaconda3/lib/python3.9/xml/etree/ElementPath.py", line 389, in find
    return next(iterfind(elem, path, namespaces), None)
  File "/home/anaconda3/lib/python3.9/xml/etree/ElementPath.py", line 351, in iterfind
    cache_key += tuple(sorted(namespaces.items()))
AttributeError: 'str' object has no attribute 'items'
>>> page1.find('div','')
>>> page1
<Element '{http://www.w3.org/1999/xhtml}div' at 0x7fc6adfb9360>
>>> page1.tag
'{http://www.w3.org/1999/xhtml}div'
>>> page1.attrib
{'class': 'ocr_page', 'id': 'page_1', 'title': 'image "_.pdf_P-000.jpg"; bbox 0 0 1601 2267; ppageno 0'}
>>> data = {}
>>> for child in page1.iter(): print(child.attrib)
...
{'class': 'ocr_page', 'id': 'page_1', 'title': 'image "_.pdf_P-000.jpg"; bbox 0 0 1601 2267; ppageno 0'}
{'class': 'ocr_carea', 'id': 'block_1_1', 'title': 'bbox 7 0 640 5'}
{'class': 'ocr_par', 'id': 'par_1_1', 'lang': 'eng', 'title': 'bbox 7 0 640 5'}
{'class': 'ocr_line', 'id': 'line_1_1', 'title': 'bbox 7 0 640 5; baseline 0 0; x_size 4; x_descenders -2; x_ascenders 2'}
{'class': 'ocrx_word', 'id': 'word_1_1', 'title': 'bbox 7 0 640 5; x_wconf 95'}
{'class': 'ocr_carea', 'id': 'block_1_2', 'title': 'bbox 35 0 640 5'}
{'class': 'ocr_par', 'id': 'par_1_2', 'lang': 'eng', 'title': 'bbox 35 0 640 5'}
{'class': 'ocr_line', 'id': 'line_1_2', 'title': 'bbox 35 0 640 5; baseline 0 0; x_size 4; x_descenders -2; x_ascenders 2'}
{'class': 'ocrx_word', 'id': 'word_1_2', 'title': 'bbox 35 0 640 5; x_wconf 95'}
{'class': 'ocr_carea', 'id': 'block_1_3', 'title': 'bbox 35 0 640 4'}
{'class': 'ocr_par', 'id': 'par_1_3', 'lang': 'eng', 'title': 'bbox 35 0 640 4'}
{'class': 'ocr_line', 'id': 'line_1_3', 'title': 'bbox 35 0 640 4; baseline 0 0; x_size 3.5; x_descenders -1.75; x_ascenders 1.75'}
{'class': 'ocrx_word', 'id': 'word_1_3', 'title': 'bbox 35 0 640 4; x_wconf 95'}
{'class': 'ocr_carea', 'id': 'block_1_4', 'title': 'bbox 47 0 640 3'}
{'class': 'ocr_par', 'id': 'par_1_4', 'lang': 'eng', 'title': 'bbox 47 0 640 3'}
{'class': 'ocr_line', 'id': 'line_1_4', 'title': 'bbox 47 0 640 3; baseline 0 0; x_size 2.5; x_descenders -1.25; x_ascenders 1.25'}
{'class': 'ocrx_word', 'id': 'word_1_4', 'title': 'bbox 47 0 640 3; x_wconf 95'}
{'class': 'ocr_carea', 'id': 'block_1_5', 'title': 'bbox 0 0 64 1546'}
{'class': 'ocr_par', 'id': 'par_1_5', 'lang': 'eng', 'title': 'bbox 0 0 64 1546'}
{'class': 'ocr_line', 'id': 'line_1_5', 'title': 'bbox 0 0 64 1546; baseline 0 0; x_size 773; x_descenders -386.5; x_ascenders 386.5'}
{'class': 'ocrx_word', 'id': 'word_1_5', 'title': 'bbox 0 0 64 1546; x_wconf 95'}
{'class': 'ocr_carea', 'id': 'block_1_6', 'title': 'bbox 0 1542 5 2173'}
{'class': 'ocr_par', 'id': 'par_1_6', 'lang': 'eng', 'title': 'bbox 0 1542 5 2173'}
{'class': 'ocr_line', 'id': 'line_1_6', 'title': 'bbox 0 1542 5 2173; baseline 0 0; x_size 315.5; x_descenders -157.75; x_ascenders 157.75'}
{'class': 'ocrx_word', 'id': 'word_1_6', 'title': 'bbox 0 1542 5 2173; x_wconf 95'}
{'class': 'ocr_carea', 'id': 'block_1_7', 'title': 'bbox 81 78 130 109'}
{'class': 'ocr_par', 'id': 'par_1_7', 'lang': 'eng', 'title': 'bbox 81 78 130 109'}
{'class': 'ocr_line', 'id': 'line_1_7', 'title': 'bbox 81 78 130 109; baseline 0 2158; x_size 40; x_descenders 10; x_ascenders 10'}
{'class': 'ocrx_word', 'id': 'word_1_7', 'title': 'bbox 81 78 130 109; x_wconf 95'}
{'class': 'ocr_carea', 'id': 'block_1_8', 'title': 'bbox 130 89 479 170'}
{'class': 'ocr_par', 'id': 'par_1_8', 'lang': 'eng', 'title': 'bbox 130 89 479 170'}
{'class': 'ocr_line', 'id': 'line_1_8', 'title': 'bbox 130 89 479 112; baseline 0.009 -4; x_size 24; x_descenders 4; x_ascenders 6'}
{'class': 'ocrx_word', 'id': 'word_1_8', 'title': 'bbox 130 89 210 112; x_wconf 39'}
{'class': 'ocrx_word', 'id': 'word_1_9', 'title': 'bbox 222 90 315 109; x_wconf 91'}
{'class': 'ocrx_word', 'id': 'word_1_10', 'title': 'bbox 324 89 414 112; x_wconf 92'}
{'class': 'ocrx_word', 'id': 'word_1_11', 'title': 'bbox 424 91 479 112; x_wconf 90'}
{'class': 'ocr_line', 'id': 'line_1_9', 'title': 'bbox 130 120 439 142; baseline 0.01 -4; x_size 24.603773; x_descenders 5.6037736; x_ascenders 4'}
{'class': 'ocrx_word', 'id': 'word_1_12', 'title': 'bbox 130 120 217 142; x_wconf 50'}
{'class': 'ocrx_word', 'id': 'word_1_13', 'title': 'bbox 230 120 322 139; x_wconf 90'}
{'class': 'ocrx_word', 'id': 'word_1_14', 'title': 'bbox 333 122 360 140; x_wconf 96'}
{'class': 'ocrx_word', 'id': 'word_1_15', 'title': 'bbox 368 116 440 149; x_wconf 96'}
{'class': 'ocr_line', 'id': 'line_1_10', 'title': 'bbox 130 149 429 170; baseline 0.013 -3; x_size 24.230188; x_descenders 5.2301884; x_ascenders 5'}
{'class': 'ocrx_word', 'id': 'word_1_16', 'title': 'bbox 130 149 194 168; x_wconf 96'}
{'class': 'ocrx_word', 'id': 'word_1_17', 'title': 'bbox 205 150 290 168; x_wconf 95'}
{'class': 'ocrx_word', 'id': 'word_1_18', 'title': 'bbox 301 152 429 170; x_wconf 82'}
{'class': 'ocr_carea', 'id': 'block_1_9', 'title': 'bbox 87 228 565 274'}
{'class': 'ocr_par', 'id': 'par_1_9', 'lang': 'eng', 'title': 'bbox 87 228 565 274'}
{'class': 'ocr_textfloat', 'id': 'line_1_11', 'title': 'bbox 116 228 565 248; baseline 0.009 -7; x_size 25.75; x_descenders 5.5; x_ascenders 6.75'}
{'class': 'ocrx_word', 'id': 'word_1_19', 'title': 'bbox 116 228 149 242; x_wconf 96'}
{'class': 'ocrx_word', 'id': 'word_1_20', 'title': 'bbox 158 232 166 241; x_wconf 92'}
{'class': 'ocrx_word', 'id': 'word_1_21', 'title': 'bbox 176 229 293 246; x_wconf 77'}
{'class': 'ocrx_word', 'id': 'word_1_22', 'title': 'bbox 300 230 356 243; x_wconf 80'}
{'class': 'ocrx_word', 'id': 'word_1_23', 'title': 'bbox 363 231 372 243; x_wconf 80'}
{'class': 'ocrx_word', 'id': 'word_1_24', 'title': 'bbox 379 230 443 248; x_wconf 81'}
{'class': 'ocrx_word', 'id': 'word_1_25', 'title': 'bbox 450 230 481 244; x_wconf 93'}
{'class': 'ocrx_word', 'id': 'word_1_26', 'title': 'bbox 490 235 514 244; x_wconf 93'}
{'class': 'ocrx_word', 'id': 'word_1_27', 'title': 'bbox 521 231 565 245; x_wconf 91'}
{'class': 'ocr_textfloat', 'id': 'line_1_12', 'title': 'bbox 87 254 565 274; baseline 0.006 -7; x_size 25.75; x_descenders 5.5; x_ascenders 6.75'}
{'class': 'ocrx_word', 'id': 'word_1_28', 'title': 'bbox 87 254 103 268; x_wconf 90'}
{'class': 'ocrx_word', 'id': 'word_1_29', 'title': 'bbox 113 258 147 271; x_wconf 85'}
{'class': 'ocrx_word', 'id': 'word_1_30', 'title': 'bbox 158 258 166 267; x_wconf 85'}
{'class': 'ocrx_word', 'id': 'word_1_31', 'title': 'bbox 177 258 203 268; x_wconf 96'}
{'class': 'ocrx_word', 'id': 'word_1_32', 'title': 'bbox 210 255 248 268; x_wconf 96'}
{'class': 'ocrx_word', 'id': 'word_1_33', 'title': 'bbox 256 254 290 274; x_wconf 61'}
{'class': 'ocrx_word', 'id': 'word_1_34', 'title': 'bbox 299 256 319 270; x_wconf 96'}
{'class': 'ocrx_word', 'id': 'word_1_35', 'title': 'bbox 326 255 351 274; x_wconf 96'}
{'class': 'ocrx_word', 'id': 'word_1_36', 'title': 'bbox 358 255 422 273; x_wconf 90'}
{'class': 'ocrx_word', 'id': 'word_1_37', 'title': 'bbox 429 257 476 272; x_wconf 13'}
{'class': 'ocrx_word', 'id': 'word_1_38', 'title': 'bbox 481 261 490 270; x_wconf 90'}
{'class': 'ocrx_word', 'id': 'word_1_39', 'title': 'bbox 495 257 551 271; x_wconf 68'}
{'class': 'ocrx_word', 'id': 'word_1_40', 'title': 'bbox 557 258 565 270; x_wconf 78'}
{'class': 'ocr_carea', 'id': 'block_1_10', 'title': 'bbox 86 280 478 301'}
{'class': 'ocr_par', 'id': 'par_1_10', 'lang': 'eng', 'title': 'bbox 86 280 478 301'}
{'class': 'ocr_line', 'id': 'line_1_13', 'title': 'bbox 86 280 478 301; baseline 0.008 -7; x_size 19; x_descenders 3; x_ascenders 6'}
{'class': 'ocrx_word', 'id': 'word_1_41', 'title': 'bbox 86 280 194 298; x_wconf 86'}
{'class': 'ocrx_word', 'id': 'word_1_42', 'title': 'bbox 201 285 235 298; x_wconf 75'}
{'class': 'ocrx_word', 'id': 'word_1_43', 'title': 'bbox 243 285 251 294; x_wconf 75'}
{'class': 'ocrx_word', 'id': 'word_1_44', 'title': 'bbox 260 280 293 299; x_wconf 96'}
{'class': 'ocrx_word', 'id': 'word_1_45', 'title': 'bbox 302 281 322 296; x_wconf 93'}
{'class': 'ocrx_word', 'id': 'word_1_46', 'title': 'bbox 330 280 372 301; x_wconf 91'}
{'class': 'ocrx_word', 'id': 'word_1_47', 'title': 'bbox 381 281 445 301; x_wconf 76'}
{'class': 'ocrx_word', 'id': 'word_1_48', 'title': 'bbox 455 285 478 298; x_wconf 56'}
{'class': 'ocr_carea', 'id': 'block_1_11', 'title': 'bbox 284 323 395 330'}
{'class': 'ocr_par', 'id': 'par_1_11', 'lang': 'eng', 'title': 'bbox 284 323 395 330'}
{'class': 'ocr_line', 'id': 'line_1_14', 'title': 'bbox 284 323 395 330; baseline 0 1937; x_size 20; x_descenders 5; x_ascenders 5'}
{'class': 'ocrx_word', 'id': 'word_1_49', 'title': 'bbox 284 323 395 330; x_wconf 95'}
{'class': 'ocr_carea', 'id': 'block_1_12', 'title': 'bbox 97 354 559 375'}
{'class': 'ocr_par', 'id': 'par_1_12', 'lang': 'eng', 'title': 'bbox 97 354 559 375'}
{'class': 'ocr_textfloat', 'id': 'line_1_15', 'title': 'bbox 97 354 559 375; baseline 0.004 -5; x_size 20; x_descenders 4; x_ascenders 5'}
{'class': 'ocrx_word', 'id': 'word_1_50', 'title': 'bbox 97 354 179 374; x_wconf 81'}
{'class': 'ocrx_word', 'id': 'word_1_51', 'title': 'bbox 187 359 196 370; x_wconf 91'}
{'class': 'ocrx_word', 'id': 'word_1_52', 'title': 'bbox 203 355 280 374; x_wconf 91'}
{'class': 'ocrx_word', 'id': 'word_1_53', 'title': 'bbox 288 360 310 371; x_wconf 96'}
{'class': 'ocrx_word', 'id': 'word_1_54', 'title': 'bbox 318 355 352 375; x_wconf 55'}
{'class': 'ocrx_word', 'id': 'word_1_55', 'title': 'bbox 361 356 439 375; x_wconf 93'}
{'class': 'ocrx_word', 'id': 'word_1_56', 'title': 'bbox 448 356 559 372; x_wconf 92'}
{'class': 'ocr_carea', 'id': 'block_1_13', 'title': 'bbox 213 387 432 409'}
{'class': 'ocr_par', 'id': 'par_1_13', 'lang': 'eng', 'title': 'bbox 213 387 432 409'}
{'class': 'ocr_line', 'id': 'line_1_16', 'title': 'bbox 213 387 432 409; baseline 0.009 -9; x_size 16; x_descenders 4; x_ascenders 4'}
{'class': 'ocrx_word', 'id': 'word_1_57', 'title': 'bbox 213 387 259 401; x_wconf 89'}
{'class': 'ocrx_word', 'id': 'word_1_58', 'title': 'bbox 266 389 290 401; x_wconf 94'}
{'class': 'ocrx_word', 'id': 'word_1_59', 'title': 'bbox 297 390 346 409; x_wconf 61'}
{'class': 'ocrx_word', 'id': 'word_1_60', 'title': 'bbox 354 389 432 402; x_wconf 52'}
{'class': 'ocr_carea', 'id': 'block_1_14', 'title': 'bbox 81 0 951 277'}
{'class': 'ocr_par', 'id': 'par_1_14', 'lang': 'eng', 'title': 'bbox 81 0 951 277'}
{'class': 'ocr_line', 'id': 'line_1_17', 'title': 'bbox 81 0 951 277; baseline 0 0; x_size 307.84103; x_descenders 30.841026; x_ascenders 83'}
{'class': 'ocrx_word', 'id': 'word_1_61', 'title': 'bbox 81 0 951 277; x_wconf 95'}
{'class': 'ocr_carea', 'id': 'block_1_15', 'title': 'bbox 763 236 854 285'}
{'class': 'ocr_par', 'id': 'par_1_15', 'lang': 'eng', 'title': 'bbox 763 236 854 285'}
{'class': 'ocr_line', 'id': 'line_1_18', 'title': 'bbox 763 236 854 285; baseline 0 0; x_size 66.666664; x_descenders 16.666666; x_ascenders 16.666666'}
{'class': 'ocrx_word', 'id': 'word_1_62', 'title': 'bbox 763 236 854 285; x_wconf 0'}
{'class': 'ocr_carea', 'id': 'block_1_16', 'title': 'bbox 951 72 1499 328'}
{'class': 'ocr_par', 'id': 'par_1_16', 'lang': 'eng', 'title': 'bbox 944 72 1504 328'}
{'class': 'ocr_textfloat', 'id': 'line_1_19', 'title': 'bbox 951 72 1499 328; baseline -0.018 -51.125; x_size 246; x_descenders 41; x_ascenders 62'}
{'class': 'ocrx_word', 'id': 'word_1_63', 'title': 'bbox 951 72 1499 328; x_wconf 66'}
{'class': 'ocr_carea', 'id': 'block_1_17', 'title': 'bbox 765 341 1326 404'}
{'class': 'ocr_par', 'id': 'par_1_17', 'lang': 'eng', 'title': 'bbox 765 341 1326 404'}
{'class': 'ocr_textfloat', 'id': 'line_1_20', 'title': 'bbox 901 341 1187 369; baseline 0.007 -6; x_size 28; x_descenders 5; x_ascenders 6'}
{'class': 'ocrx_word', 'id': 'word_1_64', 'title': 'bbox 901 341 1055 369; x_wconf 69'}
{'class': 'ocrx_word', 'id': 'word_1_65', 'title': 'bbox 1070 342 1187 365; x_wconf 92'}
{'class': 'ocr_textfloat', 'id': 'line_1_21', 'title': 'bbox 765 384 1326 404; baseline 0.002 -5; x_size 21; x_descenders 4; x_ascenders 6'}
{'class': 'ocrx_word', 'id': 'word_1_66', 'title': 'bbox 765 384 910 404; x_wconf 90'}
{'class': 'ocrx_word', 'id': 'word_1_67', 'title': 'bbox 925 385 952 400; x_wconf 92'}
{'class': 'ocrx_word', 'id': 'word_1_68', 'title': 'bbox 969 386 1074 404; x_wconf 89'}
{'class': 'ocrx_word', 'id': 'word_1_69', 'title': 'bbox 1090 384 1118 400; x_wconf 92'}
{'class': 'ocrx_word', 'id': 'word_1_70', 'title': 'bbox 1133 386 1150 400; x_wconf 77'}
{'class': 'ocrx_word', 'id': 'word_1_71', 'title': 'bbox 1167 384 1326 402; x_wconf 23'}
{'class': 'ocr_carea', 'id': 'block_1_18', 'title': 'bbox 1363 400 1374 411'}
{'class': 'ocr_par', 'id': 'par_1_18', 'lang': 'eng', 'title': 'bbox 1363 400 1374 411'}
{'class': 'ocr_line', 'id': 'line_1_22', 'title': 'bbox 1363 400 1374 411; baseline 0 0; x_size 20; x_descenders 5; x_ascenders 5'}
{'class': 'ocrx_word', 'id': 'word_1_72', 'title': 'bbox 1363 400 1374 411; x_wconf 45'}
{'class': 'ocr_carea', 'id': 'block_1_19', 'title': 'bbox 86 424 1496 436'}
{'class': 'ocr_par', 'id': 'par_1_19', 'lang': 'eng', 'title': 'bbox 86 424 1496 436'}
{'class': 'ocr_line', 'id': 'line_1_23', 'title': 'bbox 86 424 1496 436; baseline 0 1831; x_size 20; x_descenders 5; x_ascenders 5'}
{'class': 'ocrx_word', 'id': 'word_1_73', 'title': 'bbox 86 424 1496 436; x_wconf 95'}
{'class': 'ocr_carea', 'id': 'block_1_20', 'title': 'bbox 257 454 1322 533'}
{'class': 'ocr_par', 'id': 'par_1_20', 'lang': 'eng', 'title': 'bbox 257 454 1322 533'}
{'class': 'ocr_header', 'id': 'line_1_24', 'title': 'bbox 257 454 1322 533; baseline 0 -27; x_size 59.111111; x_descenders 14.777778; x_ascenders 14.777778'}
{'class': 'ocrx_word', 'id': 'word_1_74', 'title': 'bbox 257 456 308 507; x_wconf 96'}
{'class': 'ocrx_word', 'id': 'word_1_75', 'title': 'bbox 344 462 652 533; x_wconf 95'}
{'class': 'ocrx_word', 'id': 'word_1_76', 'title': 'bbox 688 462 787 506; x_wconf 95'}
{'class': 'ocrx_word', 'id': 'word_1_77', 'title': 'bbox 826 454 1322 507; x_wconf 90'}
{'class': 'ocr_carea', 'id': 'block_1_21', 'title': 'bbox 100 716 331 968'}
{'class': 'ocr_par', 'id': 'par_1_21', 'lang': 'eng', 'title': 'bbox 100 716 331 968'}
{'class': 'ocr_line', 'id': 'line_1_25', 'title': 'bbox 100 716 331 968; baseline 0 1299; x_size 316.25; x_descenders 79.0625; x_ascenders 79.0625'}
{'class': 'ocrx_word', 'id': 'word_1_78', 'title': 'bbox 100 716 331 968; x_wconf 95'}
{'class': 'ocr_carea', 'id': 'block_1_22', 'title': 'bbox 114 990 297 1015'}
{'class': 'ocr_par', 'id': 'par_1_22', 'lang': 'eng', 'title': 'bbox 114 990 297 1015'}
{'class': 'ocr_caption', 'id': 'line_1_26', 'title': 'bbox 114 990 297 1015; baseline 0.016 -8; x_size 22; x_descenders 4; x_ascenders 6'}
{'class': 'ocrx_word', 'id': 'word_1_79', 'title': 'bbox 114 990 145 1012; x_wconf 64'}
{'class': 'ocrx_word', 'id': 'word_1_80', 'title': 'bbox 151 990 230 1012; x_wconf 92'}
{'class': 'ocrx_word', 'id': 'word_1_81', 'title': 'bbox 238 992 254 1009; x_wconf 96'}
{'class': 'ocrx_word', 'id': 'word_1_82', 'title': 'bbox 260 993 297 1015; x_wconf 88'}
{'class': 'ocr_carea', 'id': 'block_1_23', 'title': 'bbox 85 1016 327 1063'}
{'class': 'ocr_par', 'id': 'par_1_23', 'lang': 'eng', 'title': 'bbox 85 1016 327 1063'}
{'class': 'ocr_caption', 'id': 'line_1_27', 'title': 'bbox 85 1016 246 1029; baseline 0.006 -1; x_size 24; x_descenders 6; x_ascenders 6'}
{'class': 'ocrx_word', 'id': 'word_1_83', 'title': 'bbox 85 1016 155 1028; x_wconf 93'}
{'class': 'ocrx_word', 'id': 'word_1_84', 'title': 'bbox 160 1016 176 1028; x_wconf 92'}
{'class': 'ocrx_word', 'id': 'word_1_85', 'title': 'bbox 181 1016 246 1029; x_wconf 20'}
{'class': 'ocr_caption', 'id': 'line_1_28', 'title': 'bbox 104 1018 327 1046; baseline 0.022 -4; x_size 30.666666; x_descenders 7.6666665; x_ascenders 7.666667'}
{'class': 'ocrx_word', 'id': 'word_1_86', 'title': 'bbox 104 1030 178 1043; x_wconf 9'}
{'class': 'ocrx_word', 'id': 'word_1_87', 'title': 'bbox 183 1032 198 1043; x_wconf 95'}
{'class': 'ocrx_word', 'id': 'word_1_88', 'title': 'bbox 202 1021 239 1044; x_wconf 49'}
{'class': 'ocrx_word', 'id': 'word_1_89', 'title': 'bbox 236 1014 257 1055; x_wconf 49'}
{'class': 'ocrx_word', 'id': 'word_1_90', 'title': 'bbox 259 1018 327 1046; x_wconf 19'}
{'class': 'ocr_caption', 'id': 'line_1_29', 'title': 'bbox 168 1046 243 1063; baseline 0.013 -6; x_size 24; x_descenders 6; x_ascenders 6'}
{'class': 'ocrx_word', 'id': 'word_1_91', 'title': 'bbox 168 1046 195 1061; x_wconf 93'}
{'class': 'ocrx_word', 'id': 'word_1_92', 'title': 'bbox 201 1049 208 1057; x_wconf 61'}
{'class': 'ocrx_word', 'id': 'word_1_93', 'title': 'bbox 216 1049 243 1063; x_wconf 95'}
{'class': 'ocr_carea', 'id': 'block_1_24', 'title': 'bbox 85 1154 528 1665'}
{'class': 'ocr_par', 'id': 'par_1_24', 'lang': 'eng', 'title': 'bbox 85 1154 528 1665'}
{'class': 'ocr_line', 'id': 'line_1_30', 'title': 'bbox 115 1154 524 1186; baseline 0 -3; x_size 36; x_descenders 7; x_ascenders 7'}
{'class': 'ocrx_word', 'id': 'word_1_94', 'title': 'bbox 115 1155 140 1177; x_wconf 91'}
{'class': 'ocrx_word', 'id': 'word_1_95', 'title': 'bbox 147 1155 279 1182; x_wconf 55'}
{'class': 'ocrx_word', 'id': 'word_1_96', 'title': 'bbox 288 1154 318 1177; x_wconf 94'}
{'class': 'ocrx_word', 'id': 'word_1_97', 'title': 'bbox 327 1155 350 1182; x_wconf 46'}
{'class': 'ocrx_word', 'id': 'word_1_98', 'title': 'bbox 359 1154 524 1186; x_wconf 92'}
{'class': 'ocr_line', 'id': 'line_1_31', 'title': 'bbox 85 1192 525 1221; baseline -0.002 -6; x_size 26; x_descenders 4; x_ascenders 5'}
{'class': 'ocrx_word', 'id': 'word_1_99', 'title': 'bbox 85 1198 132 1221; x_wconf 96'}
{'class': 'ocrx_word', 'id': 'word_1_100', 'title': 'bbox 142 1192 241 1215; x_wconf 96'}
{'class': 'ocrx_word', 'id': 'word_1_101', 'title': 'bbox 253 1192 285 1216; x_wconf 95'}
{'class': 'ocrx_word', 'id': 'word_1_102', 'title': 'bbox 295 1192 372 1215; x_wconf 95'}
{'class': 'ocrx_word', 'id': 'word_1_103', 'title': 'bbox 383 1192 415 1214; x_wconf 96'}
{'class': 'ocrx_word', 'id': 'word_1_104', 'title': 'bbox 425 1192 525 1218; x_wconf 96'}
{'class': 'ocr_line', 'id': 'line_1_32', 'title': 'bbox 86 1229 526 1258; baseline -0.005 -5; x_size 29; x_descenders 6; x_ascenders 5'}
{'class': 'ocrx_word', 'id': 'word_1_105', 'title': 'bbox 86 1230 160 1253; x_wconf 96'}
{'class': 'ocrx_word', 'id': 'word_1_106', 'title': 'bbox 165 1229 222 1258; x_wconf 95'}
{'class': 'ocrx_word', 'id': 'word_1_107', 'title': 'bbox 228 1235 244 1252; x_wconf 77'}
{'class': 'ocrx_word', 'id': 'word_1_108', 'title': 'bbox 250 1234 297 1252; x_wconf 77'}
{'class': 'ocrx_word', 'id': 'word_1_109', 'title': 'bbox 302 1229 423 1252; x_wconf 90'}
{'class': 'ocrx_word', 'id': 'word_1_110', 'title': 'bbox 428 1235 470 1251; x_wconf 90'}
{'class': 'ocrx_word', 'id': 'word_1_111', 'title': 'bbox 474 1233 526 1251; x_wconf 91'}
{'class': 'ocr_line', 'id': 'line_1_33', 'title': 'bbox 85 1265 526 1296; baseline -0.005 -6; x_size 30; x_descenders 7; x_ascenders 6'}
{'class': 'ocrx_word', 'id': 'word_1_112', 'title': 'bbox 85 1267 184 1296; x_wconf 92'}
{'class': 'ocrx_word', 'id': 'word_1_113', 'title': 'bbox 191 1272 206 1289; x_wconf 92'}
{'class': 'ocrx_word', 'id': 'word_1_114', 'title': 'bbox 214 1266 313 1289; x_wconf 93'}
{'class': 'ocrx_word', 'id': 'word_1_115', 'title': 'bbox 320 1265 487 1294; x_wconf 92'}
{'class': 'ocrx_word', 'id': 'word_1_116', 'title': 'bbox 495 1272 526 1289; x_wconf 96'}
{'class': 'ocr_line', 'id': 'line_1_34', 'title': 'bbox 86 1300 526 1336; baseline -0.005 -9; x_size 31.054787; x_descenders 6.0547857; x_ascenders 8'}
{'class': 'ocrx_word', 'id': 'word_1_117', 'title': 'bbox 86 1304 159 1327; x_wconf 96'}
{'class': 'ocrx_word', 'id': 'word_1_118', 'title': 'bbox 168 1304 198 1326; x_wconf 96'}
{'class': 'ocrx_word', 'id': 'word_1_119', 'title': 'bbox 200 1303 355 1336; x_wconf 91'}
{'class': 'ocrx_word', 'id': 'word_1_120', 'title': 'bbox 360 1300 526 1326; x_wconf 92'}
{'class': 'ocr_line', 'id': 'line_1_35', 'title': 'bbox 86 1339 527 1366; baseline -0.002 -3; x_size 30.41095; x_descenders 6.4109497; x_ascenders 6'}
{'class': 'ocrx_word', 'id': 'word_1_121', 'title': 'bbox 86 1347 120 1364; x_wconf 93'}
{'class': 'ocrx_word', 'id': 'word_1_122', 'title': 'bbox 126 1340 255 1365; x_wconf 91'}
{'class': 'ocrx_word', 'id': 'word_1_123', 'title': 'bbox 262 1339 454 1366; x_wconf 92'}
{'class': 'ocrx_word', 'id': 'word_1_124', 'title': 'bbox 463 1345 478 1362; x_wconf 78'}
{'class': 'ocrx_word', 'id': 'word_1_125', 'title': 'bbox 485 1340 527 1362; x_wconf 92'}
{'class': 'ocr_line', 'id': 'line_1_36', 'title': 'bbox 87 1376 527 1401; baseline -0.002 -1; x_size 30.054787; x_descenders 6.0547857; x_ascenders 7'}
{'class': 'ocrx_word', 'id': 'word_1_126', 'title': 'bbox 87 1378 156 1401; x_wconf 88'}
{'class': 'ocrx_word', 'id': 'word_1_127', 'title': 'bbox 163 1376 288 1400; x_wconf 92'}
{'class': 'ocrx_word', 'id': 'word_1_128', 'title': 'bbox 297 1377 329 1400; x_wconf 92'}
{'class': 'ocrx_word', 'id': 'word_1_129', 'title': 'bbox 336 1377 527 1400; x_wconf 91'}
{'class': 'ocr_line', 'id': 'line_1_37', 'title': 'bbox 86 1414 527 1443; baseline -0.005 -5; x_size 26; x_descenders 4; x_ascenders 5'}
{'class': 'ocrx_word', 'id': 'word_1_130', 'title': 'bbox 86 1416 245 1443; x_wconf 88'}
{'class': 'ocrx_word', 'id': 'word_1_131', 'title': 'bbox 258 1420 272 1437; x_wconf 90'}
{'class': 'ocrx_word', 'id': 'word_1_132', 'title': 'bbox 284 1419 329 1437; x_wconf 93'}
{'class': 'ocrx_word', 'id': 'word_1_133', 'title': 'bbox 341 1414 444 1437; x_wconf 91'}
{'class': 'ocrx_word', 'id': 'word_1_134', 'title': 'bbox 452 1420 527 1437; x_wconf 92'}
{'class': 'ocr_line', 'id': 'line_1_38', 'title': 'bbox 87 1451 528 1480; baseline -0.005 -5; x_size 27; x_descenders 4; x_ascenders 6'}
{'class': 'ocrx_word', 'id': 'word_1_135', 'title': 'bbox 87 1452 189 1478; x_wconf 60'}
{'class': 'ocrx_word', 'id': 'word_1_136', 'title': 'bbox 204 1452 274 1480; x_wconf 92'}
{'class': 'ocrx_word', 'id': 'word_1_137', 'title': 'bbox 285 1452 394 1474; x_wconf 92'}
{'class': 'ocrx_word', 'id': 'word_1_138', 'title': 'bbox 406 1451 528 1473; x_wconf 91'}
{'class': 'ocr_line', 'id': 'line_1_39', 'title': 'bbox 88 1488 527 1517; baseline -0.005 -5; x_size 28; x_descenders 6; x_ascenders 6'}
{'class': 'ocrx_word', 'id': 'word_1_139', 'title': 'bbox 88 1491 143 1512; x_wconf 95'}
{'class': 'ocrx_word', 'id': 'word_1_140', 'title': 'bbox 157 1489 256 1517; x_wconf 96'}
{'class': 'ocrx_word', 'id': 'word_1_141', 'title': 'bbox 270 1489 341 1516; x_wconf 93'}
{'class': 'ocrx_word', 'id': 'word_1_142', 'title': 'bbox 354 1488 527 1510; x_wconf 91'}
{'class': 'ocr_line', 'id': 'line_1_40', 'title': 'bbox 88 1525 528 1554; baseline -0.005 -5; x_size 28; x_descenders 6; x_ascenders 6'}
{'class': 'ocrx_word', 'id': 'word_1_143', 'title': 'bbox 88 1526 203 1554; x_wconf 91'}
{'class': 'ocrx_word', 'id': 'word_1_144', 'title': 'bbox 215 1532 262 1554; x_wconf 96'}
{'class': 'ocrx_word', 'id': 'word_1_145', 'title': 'bbox 275 1532 290 1548; x_wconf 96'}
{'class': 'ocrx_word', 'id': 'word_1_146', 'title': 'bbox 302 1527 356 1548; x_wconf 96'}
{'class': 'ocrx_word', 'id': 'word_1_147', 'title': 'bbox 366 1525 453 1547; x_wconf 96'}
{'class': 'ocrx_word', 'id': 'word_1_148', 'title': 'bbox 461 1526 528 1547; x_wconf 96'}
{'class': 'ocr_line', 'id': 'line_1_41', 'title': 'bbox 88 1562 528 1592; baseline -0.005 -6; x_size 29; x_descenders 6; x_ascenders 6'}
{'class': 'ocrx_word', 'id': 'word_1_149', 'title': 'bbox 88 1564 212 1592; x_wconf 91'}
{'class': 'ocrx_word', 'id': 'word_1_150', 'title': 'bbox 231 1562 382 1591; x_wconf 90'}
{'class': 'ocrx_word', 'id': 'word_1_151', 'title': 'bbox 402 1568 496 1590; x_wconf 96'}
{'class': 'ocrx_word', 'id': 'word_1_152', 'title': 'bbox 513 1568 528 1585; x_wconf 96'}
{'class': 'ocr_line', 'id': 'line_1_42', 'title': 'bbox 88 1599 528 1628; baseline -0.005 -5; x_size 28; x_descenders 6; x_ascenders 6'}
{'class': 'ocrx_word', 'id': 'word_1_153', 'title': 'bbox 88 1601 251 1628; x_wconf 59'}
{'class': 'ocrx_word', 'id': 'word_1_154', 'title': 'bbox 274 1600 319 1622; x_wconf 96'}
{'class': 'ocrx_word', 'id': 'word_1_155', 'title': 'bbox 342 1605 402 1621; x_wconf 93'}
{'class': 'ocrx_word', 'id': 'word_1_156', 'title': 'bbox 423 1599 528 1622; x_wconf 92'}
{'class': 'ocr_line', 'id': 'line_1_43', 'title': 'bbox 88 1636 468 1665; baseline -0.008 -4; x_size 28; x_descenders 5; x_ascenders 7'}
{'class': 'ocrx_word', 'id': 'word_1_157', 'title': 'bbox 88 1638 188 1665; x_wconf 96'}
{'class': 'ocrx_word', 'id': 'word_1_158', 'title': 'bbox 203 1639 276 1660; x_wconf 93'}
{'class': 'ocrx_word', 'id': 'word_1_159', 'title': 'bbox 289 1637 368 1659; x_wconf 91'}
{'class': 'ocrx_word', 'id': 'word_1_160', 'title': 'bbox 381 1636 468 1659; x_wconf 91'}
{'class': 'ocr_carea', 'id': 'block_1_25', 'title': 'bbox 102 1702 422 2211'}
{'class': 'ocr_par', 'id': 'par_1_25', 'lang': 'eng', 'title': 'bbox 102 1702 422 2211'}
{'class': 'ocr_line', 'id': 'line_1_44', 'title': 'bbox 102 1702 422 2211; baseline 0.047 -15; x_size 660; x_descenders 165; x_ascenders 165'}
{'class': 'ocrx_word', 'id': 'word_1_161', 'title': 'bbox 102 1702 422 2211; x_wconf 95'}
{'class': 'ocr_carea', 'id': 'block_1_26', 'title': 'bbox 331 2186 430 2211'}
{'class': 'ocr_par', 'id': 'par_1_26', 'lang': 'eng', 'title': 'bbox 331 2186 430 2211'}
{'class': 'ocr_line', 'id': 'line_1_45', 'title': 'bbox 331 2186 367 2198; baseline -0.028 0; x_size 20; x_descenders 5; x_ascenders 5'}
{'class': 'ocrx_word', 'id': 'word_1_162', 'title': 'bbox 331 2186 367 2198; x_wconf 84'}
{'class': 'ocr_line', 'id': 'line_1_46', 'title': 'bbox 332 2201 430 2211; baseline -0.01 -1; x_size 20; x_descenders 5; x_ascenders 5'}
{'class': 'ocrx_word', 'id': 'word_1_163', 'title': 'bbox 332 2202 371 2211; x_wconf 51'}
{'class': 'ocrx_word', 'id': 'word_1_164', 'title': 'bbox 377 2201 393 2210; x_wconf 89'}
{'class': 'ocrx_word', 'id': 'word_1_165', 'title': 'bbox 398 2201 430 2209; x_wconf 78'}
{'class': 'ocr_carea', 'id': 'block_1_27', 'title': 'bbox 102 2188 244 2214'}
{'class': 'ocr_par', 'id': 'par_1_27', 'lang': 'eng', 'title': 'bbox 102 2188 244 2214'}
{'class': 'ocr_line', 'id': 'line_1_47', 'title': 'bbox 168 2188 242 2199; baseline -0.014 0; x_size 20; x_descenders 5; x_ascenders 5'}
{'class': 'ocrx_word', 'id': 'word_1_166', 'title': 'bbox 168 2188 227 2199; x_wconf 95'}
{'class': 'ocrx_word', 'id': 'word_1_167', 'title': 'bbox 236 2194 242 2198; x_wconf 87'}
{'class': 'ocr_line', 'id': 'line_1_48', 'title': 'bbox 102 2203 244 2214; baseline -0.007 -2; x_size 20; x_descenders 5; x_ascenders 5'}
{'class': 'ocrx_word', 'id': 'word_1_168', 'title': 'bbox 102 2203 151 2212; x_wconf 91'}
{'class': 'ocrx_word', 'id': 'word_1_169', 'title': 'bbox 157 2205 188 2214; x_wconf 94'}
{'class': 'ocrx_word', 'id': 'word_1_170', 'title': 'bbox 193 2203 204 2211; x_wconf 86'}
{'class': 'ocrx_word', 'id': 'word_1_171', 'title': 'bbox 211 2204 244 2211; x_wconf 86'}
{'class': 'ocr_carea', 'id': 'block_1_28', 'title': 'bbox 542 570 1038 1062'}
{'class': 'ocr_par', 'id': 'par_1_28', 'lang': 'eng', 'title': 'bbox 542 570 1038 1062'}
{'class': 'ocr_line', 'id': 'line_1_49', 'title': 'bbox 542 570 1038 1062; baseline 0 1205; x_size 205.33333; x_descenders 51.333332; x_ascenders 51.333336'}
{'class': 'ocrx_word', 'id': 'word_1_172', 'title': 'bbox 542 570 1038 1062; x_wconf 95'}
{'class': 'ocr_carea', 'id': 'block_1_29', 'title': 'bbox 541 1061 1039 1149'}
{'class': 'ocr_par', 'id': 'par_1_29', 'lang': 'eng', 'title': 'bbox 541 1061 1039 1146'}
{'class': 'ocr_line', 'id': 'line_1_50', 'title': 'bbox 707 1061 874 1106; baseline 0 -10; x_size 22; x_descenders 6; x_ascenders 4'}
{'class': 'ocrx_word', 'id': 'word_1_173', 'title': 'bbox 707 1080 737 1101; x_wconf 77'}
{'class': 'ocrx_word', 'id': 'word_1_174', 'title': 'bbox 745 1061 810 1106; x_wconf 27'}
{'class': 'ocrx_word', 'id': 'word_1_175', 'title': 'bbox 817 1080 874 1102; x_wconf 82'}
{'class': 'ocr_line', 'id': 'line_1_51', 'title': 'bbox 541 1104 1039 1132; baseline -0.004 -13; x_size 24.5; x_descenders 6.5; x_ascenders 5.5'}
{'class': 'ocrx_word', 'id': 'word_1_176', 'title': 'bbox 541 1098 612 1120; x_wconf 96'}
{'class': 'ocrx_word', 'id': 'word_1_177', 'title': 'bbox 619 1105 634 1117; x_wconf 96'}
{'class': 'ocrx_word', 'id': 'word_1_178', 'title': 'bbox 640 1104 714 1132; x_wconf 0'}
{'class': 'ocrx_word', 'id': 'word_1_179', 'title': 'bbox 721 1104 789 1117; x_wconf 91'}
{'class': 'ocrx_word', 'id': 'word_1_180', 'title': 'bbox 797 1107 804 1116; x_wconf 49'}
{'class': 'ocrx_word', 'id': 'word_1_181', 'title': 'bbox 812 1104 827 1117; x_wconf 90'}
{'class': 'ocrx_word', 'id': 'word_1_182', 'title': 'bbox 833 1104 897 1117; x_wconf 78'}
{'class': 'ocrx_word', 'id': 'word_1_183', 'title': 'bbox 905 1104 919 1116; x_wconf 73'}
{'class': 'ocrx_word', 'id': 'word_1_184', 'title': 'bbox 927 1104 962 1116; x_wconf 94'}
{'class': 'ocrx_word', 'id': 'word_1_185', 'title': 'bbox 970 1104 985 1117; x_wconf 83'}
{'class': 'ocrx_word', 'id': 'word_1_186', 'title': 'bbox 993 1104 1039 1117; x_wconf 90'}
{'class': 'ocr_line', 'id': 'line_1_52', 'title': 'bbox 640 1118 941 1136; baseline -0.003 -3.965; x_size 24.5; x_descenders 6.5; x_ascenders 5.5'}
{'class': 'ocrx_word', 'id': 'word_1_187', 'title': 'bbox 640 1120 704 1132; x_wconf 91'}
{'class': 'ocrx_word', 'id': 'word_1_188', 'title': 'bbox 709 1120 724 1132; x_wconf 89'}
{'class': 'ocrx_word', 'id': 'word_1_189', 'title': 'bbox 729 1119 798 1146; x_wconf 31'}
{'class': 'ocrx_word', 'id': 'word_1_190', 'title': 'bbox 803 1119 860 1135; x_wconf 80'}
{'class': 'ocrx_word', 'id': 'word_1_191', 'title': 'bbox 865 1122 872 1131; x_wconf 60'}
{'class': 'ocrx_word', 'id': 'word_1_192', 'title': 'bbox 878 1118 941 1131; x_wconf 70'}
{'class': 'ocr_line', 'id': 'line_1_53', 'title': 'bbox 784 1137 806 1149; baseline 0 -4; x_size 24.5; x_descenders 6.5; x_ascenders 5.5'}
{'class': 'ocrx_word', 'id': 'word_1_193', 'title': 'bbox 784 1137 806 1149; x_wconf 56'}
{'class': 'ocr_carea', 'id': 'block_1_30', 'title': 'bbox 624 1158 956 1658'}
{'class': 'ocr_par', 'id': 'par_1_30', 'lang': 'eng', 'title': 'bbox 624 1158 956 1658'}
{'class': 'ocr_line', 'id': 'line_1_54', 'title': 'bbox 624 1158 956 1658; baseline 0 609; x_size 208; x_descenders 52; x_ascenders 52'}
{'class': 'ocrx_word', 'id': 'word_1_194', 'title': 'bbox 624 1158 956 1658; x_wconf 95'}
{'class': 'ocr_carea', 'id': 'block_1_31', 'title': 'bbox 673 1666 890 1709'}
{'class': 'ocr_par', 'id': 'par_1_31', 'lang': 'eng', 'title': 'bbox 673 1666 899 1709'}
{'class': 'ocr_line', 'id': 'line_1_55', 'title': 'bbox 673 1666 890 1709; baseline 0 -24; x_size 20; x_descenders 5; x_ascenders 5'}
{'class': 'ocrx_word', 'id': 'word_1_195', 'title': 'bbox 673 1666 743 1694; x_wconf 89'}
{'class': 'ocrx_word', 'id': 'word_1_196', 'title': 'bbox 763 1670 820 1709; x_wconf 11'}
{'class': 'ocrx_word', 'id': 'word_1_197', 'title': 'bbox 804 1666 829 1701; x_wconf 87'}
{'class': 'ocrx_word', 'id': 'word_1_198', 'title': 'bbox 823 1670 890 1705; x_wconf 7'}
{'class': 'ocr_carea', 'id': 'block_1_32', 'title': 'bbox 1258 720 1499 966'}
{'class': 'ocr_par', 'id': 'par_1_32', 'lang': 'eng', 'title': 'bbox 1258 720 1499 966'}
{'class': 'ocr_line', 'id': 'line_1_56', 'title': 'bbox 1258 720 1499 966; baseline 0 1301; x_size 308.75; x_descenders 77.1875; x_ascenders 77.1875'}
{'class': 'ocrx_word', 'id': 'word_1_199', 'title': 'bbox 1258 720 1499 966; x_wconf 95'}
{'class': 'ocr_carea', 'id': 'block_1_33', 'title': 'bbox 1249 992 1495 1033'}
{'class': 'ocr_par', 'id': 'par_1_33', 'lang': 'eng', 'title': 'bbox 1249 992 1495 1033'}
{'class': 'ocr_caption', 'id': 'line_1_57', 'title': 'bbox 1280 992 1461 1015; baseline -0.011 -5; x_size 21; x_descenders 5; x_ascenders 5'}
{'class': 'ocrx_word', 'id': 'word_1_200', 'title': 'bbox 1280 994 1311 1015; x_wconf 55'}
{'class': 'ocrx_word', 'id': 'word_1_201', 'title': 'bbox 1318 993 1390 1014; x_wconf 93'}
{'class': 'ocrx_word', 'id': 'word_1_202', 'title': 'bbox 1397 992 1461 1008; x_wconf 89'}
{'class': 'ocr_caption', 'id': 'line_1_58', 'title': 'bbox 1249 1016 1495 1033; baseline -0.008 -2; x_size 22.5; x_descenders 5.5; x_ascenders 5.5'}
{'class': 'ocrx_word', 'id': 'word_1_203', 'title': 'bbox 1249 1019 1319 1031; x_wconf 95'}
{'class': 'ocrx_word', 'id': 'word_1_204', 'title': 'bbox 1325 1018 1340 1030; x_wconf 91'}
{'class': 'ocrx_word', 'id': 'word_1_205', 'title': 'bbox 1346 1017 1420 1033; x_wconf 7'}
{'class': 'ocrx_word', 'id': 'word_1_206', 'title': 'bbox 1426 1016 1495 1029; x_wconf 10'}
{'class': 'ocr_carea', 'id': 'block_1_34', 'title': 'bbox 1260 1032 1483 1063'}
{'class': 'ocr_par', 'id': 'par_1_34', 'lang': 'eng', 'title': 'bbox 1260 1032 1483 1063'}
{'class': 'ocr_line', 'id': 'line_1_59', 'title': 'bbox 1260 1032 1483 1063; baseline -0.009 -17; x_size 16; x_descenders 4; x_ascenders 4'}
{'class': 'ocrx_word', 'id': 'word_1_207', 'title': 'bbox 1260 1034 1286 1046; x_wconf 90'}
{'class': 'ocrx_word', 'id': 'word_1_208', 'title': 'bbox 1291 1032 1374 1063; x_wconf 30'}
{'class': 'ocrx_word', 'id': 'word_1_209', 'title': 'bbox 1378 1032 1413 1044; x_wconf 94'}
{'class': 'ocrx_word', 'id': 'word_1_210', 'title': 'bbox 1417 1032 1432 1044; x_wconf 94'}
{'class': 'ocrx_word', 'id': 'word_1_211', 'title': 'bbox 1437 1032 1483 1044; x_wconf 96'}
{'class': 'ocr_carea', 'id': 'block_1_35', 'title': 'bbox 1369 1050 1411 1062'}
{'class': 'ocr_par', 'id': 'par_1_35', 'lang': 'eng', 'title': 'bbox 1369 1050 1411 1062'}
{'class': 'ocr_line', 'id': 'line_1_60', 'title': 'bbox 1369 1050 1411 1062; baseline 0 -3; x_size 20; x_descenders 5; x_ascenders 5'}
{'class': 'ocrx_word', 'id': 'word_1_212', 'title': 'bbox 1369 1050 1376 1059; x_wconf 63'}
{'class': 'ocrx_word', 'id': 'word_1_213', 'title': 'bbox 1384 1050 1411 1062; x_wconf 63'}
{'class': 'ocr_carea', 'id': 'block_1_36', 'title': 'bbox 1082 1152 1493 1184'}
{'class': 'ocr_par', 'id': 'par_1_36', 'lang': 'eng', 'title': 'bbox 1082 1152 1493 1184'}
{'class': 'ocr_line', 'id': 'line_1_61', 'title': 'bbox 1082 1152 1493 1184; baseline -0.007 -3; x_size 34; x_descenders 5; x_ascenders 8'}
{'class': 'ocrx_word', 'id': 'word_1_214', 'title': 'bbox 1082 1153 1105 1181; x_wconf 91'}
{'class': 'ocrx_word', 'id': 'word_1_215', 'title': 'bbox 1120 1148 1276 1190; x_wconf 89'}
{'class': 'ocrx_word', 'id': 'word_1_216', 'title': 'bbox 1278 1148 1446 1190; x_wconf 80'}
{'class': 'ocrx_word', 'id': 'word_1_217', 'title': 'bbox 1459 1158 1493 1175; x_wconf 96'}
{'class': 'ocr_carea', 'id': 'block_1_37', 'title': 'bbox 1052 1189 1494 1329'}
{'class': 'ocr_par', 'id': 'par_1_37', 'lang': 'eng', 'title': 'bbox 1052 1189 1494 1329'}
{'class': 'ocr_line', 'id': 'line_1_62', 'title': 'bbox 1053 1189 1493 1223; baseline 0 -10; x_size 28; x_descenders 5; x_ascenders 6'}
{'class': 'ocrx_word', 'id': 'word_1_218', 'title': 'bbox 1053 1190 1143 1213; x_wconf 91'}
{'class': 'ocrx_word', 'id': 'word_1_219', 'title': 'bbox 1160 1190 1191 1212; x_wconf 96'}
{'class': 'ocrx_word', 'id': 'word_1_220', 'title': 'bbox 1207 1189 1285 1217; x_wconf 93'}
{'class': 'ocrx_word', 'id': 'word_1_221', 'title': 'bbox 1300 1190 1463 1223; x_wconf 91'}
{'class': 'ocrx_word', 'id': 'word_1_222', 'title': 'bbox 1478 1196 1493 1213; x_wconf 88'}
{'class': 'ocr_line', 'id': 'line_1_63', 'title': 'bbox 1052 1227 1494 1255; baseline 0 -5; x_size 27; x_descenders 4; x_ascenders 7'}
{'class': 'ocrx_word', 'id': 'word_1_223', 'title': 'bbox 1052 1228 1126 1250; x_wconf 92'}
{'class': 'ocrx_word', 'id': 'word_1_224', 'title': 'bbox 1138 1227 1252 1253; x_wconf 91'}
{'class': 'ocrx_word', 'id': 'word_1_225', 'title': 'bbox 1265 1227 1343 1254; x_wconf 91'}
{'class': 'ocrx_word', 'id': 'word_1_226', 'title': 'bbox 1356 1233 1369 1249; x_wconf 89'}
{'class': 'ocrx_word', 'id': 'word_1_227', 'title': 'bbox 1379 1227 1494 1255; x_wconf 89'}
{'class': 'ocr_line', 'id': 'line_1_64', 'title': 'bbox 1053 1264 1494 1290; baseline 0 -3; x_size 27; x_descenders 4; x_ascenders 6'}
{'class': 'ocrx_word', 'id': 'word_1_228', 'title': 'bbox 1053 1270 1083 1287; x_wconf 96'}
{'class': 'ocrx_word', 'id': 'word_1_229', 'title': 'bbox 1095 1265 1168 1287; x_wconf 93'}
{'class': 'ocrx_word', 'id': 'word_1_230', 'title': 'bbox 1179 1264 1265 1290; x_wconf 91'}
{'class': 'ocrx_word', 'id': 'word_1_231', 'title': 'bbox 1278 1264 1406 1286; x_wconf 92'}
{'class': 'ocrx_word', 'id': 'word_1_232', 'title': 'bbox 1413 1269 1427 1286; x_wconf 89'}
{'class': 'ocrx_word', 'id': 'word_1_233', 'title': 'bbox 1435 1264 1494 1287; x_wconf 89'}
{'class': 'ocr_line', 'id': 'line_1_65', 'title': 'bbox 1052 1301 1493 1329; baseline 0 -6; x_size 28; x_descenders 6; x_ascenders 6'}
{'class': 'ocrx_word', 'id': 'word_1_234', 'title': 'bbox 1052 1301 1170 1329; x_wconf 91'}
{'class': 'ocrx_word', 'id': 'word_1_235', 'title': 'bbox 1190 1301 1279 1323; x_wconf 96'}
{'class': 'ocrx_word', 'id': 'word_1_236', 'title': 'bbox 1300 1306 1341 1323; x_wconf 96'}
{'class': 'ocrx_word', 'id': 'word_1_237', 'title': 'bbox 1358 1301 1428 1323; x_wconf 96'}
{'class': 'ocrx_word', 'id': 'word_1_238', 'title': 'bbox 1447 1302 1493 1324; x_wconf 96'}
{'class': 'ocr_carea', 'id': 'block_1_38', 'title': 'bbox 1036 1336 1494 1368'}
{'class': 'ocr_par', 'id': 'par_1_38', 'lang': 'eng', 'title': 'bbox 1036 1336 1494 1368'}
{'class': 'ocr_textfloat', 'id': 'line_1_66', 'title': 'bbox 1036 1336 1494 1368; baseline 0 -7; x_size 27; x_descenders 5; x_ascenders 6'}
{'class': 'ocrx_word', 'id': 'word_1_239', 'title': 'bbox 1036 1336 1176 1368; x_wconf 77'}
{'class': 'ocrx_word', 'id': 'word_1_240', 'title': 'bbox 1190 1344 1204 1360; x_wconf 91'}
{'class': 'ocrx_word', 'id': 'word_1_241', 'title': 'bbox 1218 1338 1386 1365; x_wconf 92'}
{'class': 'ocrx_word', 'id': 'word_1_242', 'title': 'bbox 1396 1344 1494 1366; x_wconf 92'}
{'class': 'ocr_carea', 'id': 'block_1_39', 'title': 'bbox 1053 1375 1494 1658'}
{'class': 'ocr_par', 'id': 'par_1_39', 'lang': 'eng', 'title': 'bbox 1053 1375 1494 1658'}
{'class': 'ocr_line', 'id': 'line_1_67', 'title': 'bbox 1054 1375 1493 1402; baseline 0.002 -5; x_size 27; x_descenders 5; x_ascenders 6'}
{'class': 'ocrx_word', 'id': 'word_1_243', 'title': 'bbox 1054 1376 1084 1397; x_wconf 93'}
{'class': 'ocrx_word', 'id': 'word_1_244', 'title': 'bbox 1097 1375 1232 1397; x_wconf 91'}
{'class': 'ocrx_word', 'id': 'word_1_245', 'title': 'bbox 1248 1375 1341 1397; x_wconf 96'}
{'class': 'ocrx_word', 'id': 'word_1_246', 'title': 'bbox 1357 1381 1406 1402; x_wconf 96'}
{'class': 'ocrx_word', 'id': 'word_1_247', 'title': 'bbox 1421 1375 1463 1398; x_wconf 94'}
{'class': 'ocrx_word', 'id': 'word_1_248', 'title': 'bbox 1477 1382 1493 1398; x_wconf 94'}
{'class': 'ocr_line', 'id': 'line_1_68', 'title': 'bbox 1054 1412 1494 1435; baseline 0 -1; x_size 27.416666; x_descenders 5.4166665; x_ascenders 6'}
{'class': 'ocrx_word', 'id': 'word_1_249', 'title': 'bbox 1054 1413 1096 1435; x_wconf 96'}
{'class': 'ocrx_word', 'id': 'word_1_250', 'title': 'bbox 1116 1418 1176 1435; x_wconf 93'}
{'class': 'ocrx_word', 'id': 'word_1_251', 'title': 'bbox 1194 1412 1334 1434; x_wconf 92'}
{'class': 'ocrx_word', 'id': 'word_1_252', 'title': 'bbox 1354 1412 1385 1434; x_wconf 93'}
{'class': 'ocrx_word', 'id': 'word_1_253', 'title': 'bbox 1403 1412 1494 1435; x_wconf 91'}
{'class': 'ocr_line', 'id': 'line_1_69', 'title': 'bbox 1054 1449 1494 1476; baseline 0 -4; x_size 27; x_descenders 5; x_ascenders 6'}
{'class': 'ocrx_word', 'id': 'word_1_254', 'title': 'bbox 1054 1450 1118 1472; x_wconf 96'}
{'class': 'ocrx_word', 'id': 'word_1_255', 'title': 'bbox 1131 1450 1161 1471; x_wconf 96'}
{'class': 'ocrx_word', 'id': 'word_1_256', 'title': 'bbox 1173 1449 1248 1471; x_wconf 96'}
{'class': 'ocrx_word', 'id': 'word_1_257', 'title': 'bbox 1261 1455 1290 1471; x_wconf 93'}
{'class': 'ocrx_word', 'id': 'word_1_258', 'title': 'bbox 1303 1450 1447 1476; x_wconf 92'}
{'class': 'ocrx_word', 'id': 'word_1_259', 'title': 'bbox 1455 1456 1494 1472; x_wconf 92'}
{'class': 'ocr_line', 'id': 'line_1_70', 'title': 'bbox 1054 1486 1494 1512; baseline 0.002 -4; x_size 26; x_descenders 4; x_ascenders 6'}
{'class': 'ocrx_word', 'id': 'word_1_260', 'title': 'bbox 1054 1487 1123 1512; x_wconf 90'}
{'class': 'ocrx_word', 'id': 'word_1_261', 'title': 'bbox 1133 1486 1213 1508; x_wconf 88'}
{'class': 'ocrx_word', 'id': 'word_1_262', 'title': 'bbox 1219 1492 1260 1508; x_wconf 96'}
{'class': 'ocrx_word', 'id': 'word_1_263', 'title': 'bbox 1266 1492 1342 1508; x_wconf 93'}
{'class': 'ocrx_word', 'id': 'word_1_264', 'title': 'bbox 1349 1486 1421 1508; x_wconf 89'}
{'class': 'ocrx_word', 'id': 'word_1_265', 'title': 'bbox 1429 1492 1494 1509; x_wconf 91'}
{'class': 'ocr_line', 'id': 'line_1_71', 'title': 'bbox 1053 1523 1494 1551; baseline 0 -5; x_size 28.460938; x_descenders 5.5859375; x_ascenders 6.375'}
{'class': 'ocrx_word', 'id': 'word_1_266', 'title': 'bbox 1053 1530 1096 1546; x_wconf 95'}
{'class': 'ocrx_word', 'id': 'word_1_267', 'title': 'bbox 1110 1524 1184 1545; x_wconf 95'}
{'class': 'ocrx_word', 'id': 'word_1_268', 'title': 'bbox 1196 1523 1272 1545; x_wconf 96'}
{'class': 'ocrx_word', 'id': 'word_1_269', 'title': 'bbox 1284 1529 1313 1545; x_wconf 95'}
{'class': 'ocrx_word', 'id': 'word_1_270', 'title': 'bbox 1326 1529 1433 1551; x_wconf 96'}
{'class': 'ocrx_word', 'id': 'word_1_271', 'title': 'bbox 1445 1530 1494 1551; x_wconf 96'}
{'class': 'ocr_line', 'id': 'line_1_72', 'title': 'bbox 1053 1561 1494 1583; baseline 0 0; x_size 26.416666; x_descenders 5.4166665; x_ascenders 5'}
{'class': 'ocrx_word', 'id': 'word_1_272', 'title': 'bbox 1053 1562 1164 1583; x_wconf 92'}
{'class': 'ocrx_word', 'id': 'word_1_273', 'title': 'bbox 1181 1562 1238 1582; x_wconf 96'}
{'class': 'ocrx_word', 'id': 'word_1_274', 'title': 'bbox 1253 1561 1324 1582; x_wconf 95'}
{'class': 'ocrx_word', 'id': 'word_1_275', 'title': 'bbox 1340 1566 1397 1582; x_wconf 95'}
{'class': 'ocrx_word', 'id': 'word_1_276', 'title': 'bbox 1413 1567 1429 1583; x_wconf 95'}
{'class': 'ocrx_word', 'id': 'word_1_277', 'title': 'bbox 1445 1566 1494 1583; x_wconf 96'}
{'class': 'ocr_line', 'id': 'line_1_73', 'title': 'bbox 1054 1597 1494 1625; baseline 0 -5; x_size 28; x_descenders 6; x_ascenders 6'}
{'class': 'ocrx_word', 'id': 'word_1_278', 'title': 'bbox 1054 1598 1133 1620; x_wconf 96'}
{'class': 'ocrx_word', 'id': 'word_1_279', 'title': 'bbox 1146 1603 1192 1625; x_wconf 93'}
{'class': 'ocrx_word', 'id': 'word_1_280', 'title': 'bbox 1204 1598 1306 1619; x_wconf 46'}
{'class': 'ocrx_word', 'id': 'word_1_281', 'title': 'bbox 1319 1597 1364 1619; x_wconf 93'}
{'class': 'ocrx_word', 'id': 'word_1_282', 'title': 'bbox 1379 1597 1494 1620; x_wconf 91'}
{'class': 'ocr_line', 'id': 'line_1_74', 'title': 'bbox 1054 1636 1163 1658; baseline -0.018 0; x_size 26.416666; x_descenders 5.4166665; x_ascenders 5'}
{'class': 'ocrx_word', 'id': 'word_1_283', 'title': 'bbox 1054 1636 1163 1658; x_wconf 69'}
{'class': 'ocr_carea', 'id': 'block_1_40', 'title': 'bbox 597 1694 1482 2212'}
{'class': 'ocr_par', 'id': 'par_1_40', 'lang': 'eng', 'title': 'bbox 597 1694 1482 2212'}
{'class': 'ocr_line', 'id': 'line_1_75', 'title': 'bbox 597 1694 1482 2212; baseline 0 55; x_size 765.33331; x_descenders 191.33333; x_ascenders 191.33333'}
{'class': 'ocrx_word', 'id': 'word_1_284', 'title': 'bbox 597 1694 1482 2212; x_wconf 95'}
{'class': 'ocr_carea', 'id': 'block_1_41', 'title': 'bbox 1472 0 1601 442'}
{'class': 'ocr_par', 'id': 'par_1_41', 'lang': 'eng', 'title': 'bbox 1472 0 1601 442'}
{'class': 'ocr_line', 'id': 'line_1_76', 'title': 'bbox 1472 0 1601 442; baseline 0 -319; x_size 132; x_descenders 33; x_ascenders 32.999996'}
{'class': 'ocrx_word', 'id': 'word_1_285', 'title': 'bbox 1472 0 1601 442; x_wconf 95'}
{'class': 'ocr_carea', 'id': 'block_1_42', 'title': 'bbox 1580 1515 1601 1576'}
{'class': 'ocr_par', 'id': 'par_1_42', 'lang': 'eng', 'title': 'bbox 1580 1515 1601 1576'}
{'class': 'ocr_line', 'id': 'line_1_77', 'title': 'bbox 1580 1515 1601 1576; baseline 0 691; x_size 77.5; x_descenders 19.375; x_ascenders 19.375'}
{'class': 'ocrx_word', 'id': 'word_1_286', 'title': 'bbox 1580 1515 1601 1576; x_wconf 95'}
{'class': 'ocr_carea', 'id': 'block_1_43', 'title': 'bbox 1595 1248 1601 2267'}
{'class': 'ocr_par', 'id': 'par_1_43', 'lang': 'eng', 'title': 'bbox 1595 1248 1601 2267'}
{'class': 'ocr_line', 'id': 'line_1_78', 'title': 'bbox 1595 1248 1601 2267; baseline 0 0; x_size 509.5; x_descenders -254.75; x_ascenders 254.75'}
{'class': 'ocrx_word', 'id': 'word_1_287', 'title': 'bbox 1595 1248 1601 2267; x_wconf 95'}
>>> for child in page1.iter(): print(child.attrib)
...
{'class': 'ocr_page', 'id': 'page_1', 'title': 'image "_.pdf_P-000.jpg"; bbox 0 0 1601 2267; ppageno 0'}
{'class': 'ocr_carea', 'id': 'block_1_1', 'title': 'bbox 7 0 640 5'}
{'class': 'ocr_par', 'id': 'par_1_1', 'lang': 'eng', 'title': 'bbox 7 0 640 5'}
{'class': 'ocr_line', 'id': 'line_1_1', 'title': 'bbox 7 0 640 5; baseline 0 0; x_size 4; x_descenders -2; x_ascenders 2'}
{'class': 'ocrx_word', 'id': 'word_1_1', 'title': 'bbox 7 0 640 5; x_wconf 95'}
{'class': 'ocr_carea', 'id': 'block_1_2', 'title': 'bbox 35 0 640 5'}
{'class': 'ocr_par', 'id': 'par_1_2', 'lang': 'eng', 'title': 'bbox 35 0 640 5'}
{'class': 'ocr_line', 'id': 'line_1_2', 'title': 'bbox 35 0 640 5; baseline 0 0; x_size 4; x_descenders -2; x_ascenders 2'}
{'class': 'ocrx_word', 'id': 'word_1_2', 'title': 'bbox 35 0 640 5; x_wconf 95'}
{'class': 'ocr_carea', 'id': 'block_1_3', 'title': 'bbox 35 0 640 4'}
{'class': 'ocr_par', 'id': 'par_1_3', 'lang': 'eng', 'title': 'bbox 35 0 640 4'}
{'class': 'ocr_line', 'id': 'line_1_3', 'title': 'bbox 35 0 640 4; baseline 0 0; x_size 3.5; x_descenders -1.75; x_ascenders 1.75'}
{'class': 'ocrx_word', 'id': 'word_1_3', 'title': 'bbox 35 0 640 4; x_wconf 95'}
{'class': 'ocr_carea', 'id': 'block_1_4', 'title': 'bbox 47 0 640 3'}
{'class': 'ocr_par', 'id': 'par_1_4', 'lang': 'eng', 'title': 'bbox 47 0 640 3'}
{'class': 'ocr_line', 'id': 'line_1_4', 'title': 'bbox 47 0 640 3; baseline 0 0; x_size 2.5; x_descenders -1.25; x_ascenders 1.25'}
{'class': 'ocrx_word', 'id': 'word_1_4', 'title': 'bbox 47 0 640 3; x_wconf 95'}
{'class': 'ocr_carea', 'id': 'block_1_5', 'title': 'bbox 0 0 64 1546'}
{'class': 'ocr_par', 'id': 'par_1_5', 'lang': 'eng', 'title': 'bbox 0 0 64 1546'}
{'class': 'ocr_line', 'id': 'line_1_5', 'title': 'bbox 0 0 64 1546; baseline 0 0; x_size 773; x_descenders -386.5; x_ascenders 386.5'}
{'class': 'ocrx_word', 'id': 'word_1_5', 'title': 'bbox 0 0 64 1546; x_wconf 95'}
{'class': 'ocr_carea', 'id': 'block_1_6', 'title': 'bbox 0 1542 5 2173'}
{'class': 'ocr_par', 'id': 'par_1_6', 'lang': 'eng', 'title': 'bbox 0 1542 5 2173'}
{'class': 'ocr_line', 'id': 'line_1_6', 'title': 'bbox 0 1542 5 2173; baseline 0 0; x_size 315.5; x_descenders -157.75; x_ascenders 157.75'}
{'class': 'ocrx_word', 'id': 'word_1_6', 'title': 'bbox 0 1542 5 2173; x_wconf 95'}
{'class': 'ocr_carea', 'id': 'block_1_7', 'title': 'bbox 81 78 130 109'}
{'class': 'ocr_par', 'id': 'par_1_7', 'lang': 'eng', 'title': 'bbox 81 78 130 109'}
{'class': 'ocr_line', 'id': 'line_1_7', 'title': 'bbox 81 78 130 109; baseline 0 2158; x_size 40; x_descenders 10; x_ascenders 10'}
{'class': 'ocrx_word', 'id': 'word_1_7', 'title': 'bbox 81 78 130 109; x_wconf 95'}
{'class': 'ocr_carea', 'id': 'block_1_8', 'title': 'bbox 130 89 479 170'}
{'class': 'ocr_par', 'id': 'par_1_8', 'lang': 'eng', 'title': 'bbox 130 89 479 170'}
{'class': 'ocr_line', 'id': 'line_1_8', 'title': 'bbox 130 89 479 112; baseline 0.009 -4; x_size 24; x_descenders 4; x_ascenders 6'}
{'class': 'ocrx_word', 'id': 'word_1_8', 'title': 'bbox 130 89 210 112; x_wconf 39'}
{'class': 'ocrx_word', 'id': 'word_1_9', 'title': 'bbox 222 90 315 109; x_wconf 91'}
{'class': 'ocrx_word', 'id': 'word_1_10', 'title': 'bbox 324 89 414 112; x_wconf 92'}
{'class': 'ocrx_word', 'id': 'word_1_11', 'title': 'bbox 424 91 479 112; x_wconf 90'}
{'class': 'ocr_line', 'id': 'line_1_9', 'title': 'bbox 130 120 439 142; baseline 0.01 -4; x_size 24.603773; x_descenders 5.6037736; x_ascenders 4'}
{'class': 'ocrx_word', 'id': 'word_1_12', 'title': 'bbox 130 120 217 142; x_wconf 50'}
{'class': 'ocrx_word', 'id': 'word_1_13', 'title': 'bbox 230 120 322 139; x_wconf 90'}
{'class': 'ocrx_word', 'id': 'word_1_14', 'title': 'bbox 333 122 360 140; x_wconf 96'}
{'class': 'ocrx_word', 'id': 'word_1_15', 'title': 'bbox 368 116 440 149; x_wconf 96'}
{'class': 'ocr_line', 'id': 'line_1_10', 'title': 'bbox 130 149 429 170; baseline 0.013 -3; x_size 24.230188; x_descenders 5.2301884; x_ascenders 5'}
{'class': 'ocrx_word', 'id': 'word_1_16', 'title': 'bbox 130 149 194 168; x_wconf 96'}
{'class': 'ocrx_word', 'id': 'word_1_17', 'title': 'bbox 205 150 290 168; x_wconf 95'}
{'class': 'ocrx_word', 'id': 'word_1_18', 'title': 'bbox 301 152 429 170; x_wconf 82'}
{'class': 'ocr_carea', 'id': 'block_1_9', 'title': 'bbox 87 228 565 274'}
{'class': 'ocr_par', 'id': 'par_1_9', 'lang': 'eng', 'title': 'bbox 87 228 565 274'}
{'class': 'ocr_textfloat', 'id': 'line_1_11', 'title': 'bbox 116 228 565 248; baseline 0.009 -7; x_size 25.75; x_descenders 5.5; x_ascenders 6.75'}
{'class': 'ocrx_word', 'id': 'word_1_19', 'title': 'bbox 116 228 149 242; x_wconf 96'}
{'class': 'ocrx_word', 'id': 'word_1_20', 'title': 'bbox 158 232 166 241; x_wconf 92'}
{'class': 'ocrx_word', 'id': 'word_1_21', 'title': 'bbox 176 229 293 246; x_wconf 77'}
{'class': 'ocrx_word', 'id': 'word_1_22', 'title': 'bbox 300 230 356 243; x_wconf 80'}
{'class': 'ocrx_word', 'id': 'word_1_23', 'title': 'bbox 363 231 372 243; x_wconf 80'}
{'class': 'ocrx_word', 'id': 'word_1_24', 'title': 'bbox 379 230 443 248; x_wconf 81'}
{'class': 'ocrx_word', 'id': 'word_1_25', 'title': 'bbox 450 230 481 244; x_wconf 93'}
{'class': 'ocrx_word', 'id': 'word_1_26', 'title': 'bbox 490 235 514 244; x_wconf 93'}
{'class': 'ocrx_word', 'id': 'word_1_27', 'title': 'bbox 521 231 565 245; x_wconf 91'}
{'class': 'ocr_textfloat', 'id': 'line_1_12', 'title': 'bbox 87 254 565 274; baseline 0.006 -7; x_size 25.75; x_descenders 5.5; x_ascenders 6.75'}
{'class': 'ocrx_word', 'id': 'word_1_28', 'title': 'bbox 87 254 103 268; x_wconf 90'}
{'class': 'ocrx_word', 'id': 'word_1_29', 'title': 'bbox 113 258 147 271; x_wconf 85'}
{'class': 'ocrx_word', 'id': 'word_1_30', 'title': 'bbox 158 258 166 267; x_wconf 85'}
{'class': 'ocrx_word', 'id': 'word_1_31', 'title': 'bbox 177 258 203 268; x_wconf 96'}
{'class': 'ocrx_word', 'id': 'word_1_32', 'title': 'bbox 210 255 248 268; x_wconf 96'}
{'class': 'ocrx_word', 'id': 'word_1_33', 'title': 'bbox 256 254 290 274; x_wconf 61'}
{'class': 'ocrx_word', 'id': 'word_1_34', 'title': 'bbox 299 256 319 270; x_wconf 96'}
{'class': 'ocrx_word', 'id': 'word_1_35', 'title': 'bbox 326 255 351 274; x_wconf 96'}
{'class': 'ocrx_word', 'id': 'word_1_36', 'title': 'bbox 358 255 422 273; x_wconf 90'}
{'class': 'ocrx_word', 'id': 'word_1_37', 'title': 'bbox 429 257 476 272; x_wconf 13'}
{'class': 'ocrx_word', 'id': 'word_1_38', 'title': 'bbox 481 261 490 270; x_wconf 90'}
{'class': 'ocrx_word', 'id': 'word_1_39', 'title': 'bbox 495 257 551 271; x_wconf 68'}
{'class': 'ocrx_word', 'id': 'word_1_40', 'title': 'bbox 557 258 565 270; x_wconf 78'}
{'class': 'ocr_carea', 'id': 'block_1_10', 'title': 'bbox 86 280 478 301'}
{'class': 'ocr_par', 'id': 'par_1_10', 'lang': 'eng', 'title': 'bbox 86 280 478 301'}
{'class': 'ocr_line', 'id': 'line_1_13', 'title': 'bbox 86 280 478 301; baseline 0.008 -7; x_size 19; x_descenders 3; x_ascenders 6'}
{'class': 'ocrx_word', 'id': 'word_1_41', 'title': 'bbox 86 280 194 298; x_wconf 86'}
{'class': 'ocrx_word', 'id': 'word_1_42', 'title': 'bbox 201 285 235 298; x_wconf 75'}
{'class': 'ocrx_word', 'id': 'word_1_43', 'title': 'bbox 243 285 251 294; x_wconf 75'}
{'class': 'ocrx_word', 'id': 'word_1_44', 'title': 'bbox 260 280 293 299; x_wconf 96'}
{'class': 'ocrx_word', 'id': 'word_1_45', 'title': 'bbox 302 281 322 296; x_wconf 93'}
{'class': 'ocrx_word', 'id': 'word_1_46', 'title': 'bbox 330 280 372 301; x_wconf 91'}
{'class': 'ocrx_word', 'id': 'word_1_47', 'title': 'bbox 381 281 445 301; x_wconf 76'}
{'class': 'ocrx_word', 'id': 'word_1_48', 'title': 'bbox 455 285 478 298; x_wconf 56'}
{'class': 'ocr_carea', 'id': 'block_1_11', 'title': 'bbox 284 323 395 330'}
{'class': 'ocr_par', 'id': 'par_1_11', 'lang': 'eng', 'title': 'bbox 284 323 395 330'}
{'class': 'ocr_line', 'id': 'line_1_14', 'title': 'bbox 284 323 395 330; baseline 0 1937; x_size 20; x_descenders 5; x_ascenders 5'}
{'class': 'ocrx_word', 'id': 'word_1_49', 'title': 'bbox 284 323 395 330; x_wconf 95'}
{'class': 'ocr_carea', 'id': 'block_1_12', 'title': 'bbox 97 354 559 375'}
{'class': 'ocr_par', 'id': 'par_1_12', 'lang': 'eng', 'title': 'bbox 97 354 559 375'}
{'class': 'ocr_textfloat', 'id': 'line_1_15', 'title': 'bbox 97 354 559 375; baseline 0.004 -5; x_size 20; x_descenders 4; x_ascenders 5'}
{'class': 'ocrx_word', 'id': 'word_1_50', 'title': 'bbox 97 354 179 374; x_wconf 81'}
{'class': 'ocrx_word', 'id': 'word_1_51', 'title': 'bbox 187 359 196 370; x_wconf 91'}
{'class': 'ocrx_word', 'id': 'word_1_52', 'title': 'bbox 203 355 280 374; x_wconf 91'}
{'class': 'ocrx_word', 'id': 'word_1_53', 'title': 'bbox 288 360 310 371; x_wconf 96'}
{'class': 'ocrx_word', 'id': 'word_1_54', 'title': 'bbox 318 355 352 375; x_wconf 55'}
{'class': 'ocrx_word', 'id': 'word_1_55', 'title': 'bbox 361 356 439 375; x_wconf 93'}
{'class': 'ocrx_word', 'id': 'word_1_56', 'title': 'bbox 448 356 559 372; x_wconf 92'}
{'class': 'ocr_carea', 'id': 'block_1_13', 'title': 'bbox 213 387 432 409'}
{'class': 'ocr_par', 'id': 'par_1_13', 'lang': 'eng', 'title': 'bbox 213 387 432 409'}
{'class': 'ocr_line', 'id': 'line_1_16', 'title': 'bbox 213 387 432 409; baseline 0.009 -9; x_size 16; x_descenders 4; x_ascenders 4'}
{'class': 'ocrx_word', 'id': 'word_1_57', 'title': 'bbox 213 387 259 401; x_wconf 89'}
{'class': 'ocrx_word', 'id': 'word_1_58', 'title': 'bbox 266 389 290 401; x_wconf 94'}
{'class': 'ocrx_word', 'id': 'word_1_59', 'title': 'bbox 297 390 346 409; x_wconf 61'}
{'class': 'ocrx_word', 'id': 'word_1_60', 'title': 'bbox 354 389 432 402; x_wconf 52'}
{'class': 'ocr_carea', 'id': 'block_1_14', 'title': 'bbox 81 0 951 277'}
{'class': 'ocr_par', 'id': 'par_1_14', 'lang': 'eng', 'title': 'bbox 81 0 951 277'}
{'class': 'ocr_line', 'id': 'line_1_17', 'title': 'bbox 81 0 951 277; baseline 0 0; x_size 307.84103; x_descenders 30.841026; x_ascenders 83'}
{'class': 'ocrx_word', 'id': 'word_1_61', 'title': 'bbox 81 0 951 277; x_wconf 95'}
{'class': 'ocr_carea', 'id': 'block_1_15', 'title': 'bbox 763 236 854 285'}
{'class': 'ocr_par', 'id': 'par_1_15', 'lang': 'eng', 'title': 'bbox 763 236 854 285'}
{'class': 'ocr_line', 'id': 'line_1_18', 'title': 'bbox 763 236 854 285; baseline 0 0; x_size 66.666664; x_descenders 16.666666; x_ascenders 16.666666'}
{'class': 'ocrx_word', 'id': 'word_1_62', 'title': 'bbox 763 236 854 285; x_wconf 0'}
{'class': 'ocr_carea', 'id': 'block_1_16', 'title': 'bbox 951 72 1499 328'}
{'class': 'ocr_par', 'id': 'par_1_16', 'lang': 'eng', 'title': 'bbox 944 72 1504 328'}
{'class': 'ocr_textfloat', 'id': 'line_1_19', 'title': 'bbox 951 72 1499 328; baseline -0.018 -51.125; x_size 246; x_descenders 41; x_ascenders 62'}
{'class': 'ocrx_word', 'id': 'word_1_63', 'title': 'bbox 951 72 1499 328; x_wconf 66'}
{'class': 'ocr_carea', 'id': 'block_1_17', 'title': 'bbox 765 341 1326 404'}
{'class': 'ocr_par', 'id': 'par_1_17', 'lang': 'eng', 'title': 'bbox 765 341 1326 404'}
{'class': 'ocr_textfloat', 'id': 'line_1_20', 'title': 'bbox 901 341 1187 369; baseline 0.007 -6; x_size 28; x_descenders 5; x_ascenders 6'}
{'class': 'ocrx_word', 'id': 'word_1_64', 'title': 'bbox 901 341 1055 369; x_wconf 69'}
{'class': 'ocrx_word', 'id': 'word_1_65', 'title': 'bbox 1070 342 1187 365; x_wconf 92'}
{'class': 'ocr_textfloat', 'id': 'line_1_21', 'title': 'bbox 765 384 1326 404; baseline 0.002 -5; x_size 21; x_descenders 4; x_ascenders 6'}
{'class': 'ocrx_word', 'id': 'word_1_66', 'title': 'bbox 765 384 910 404; x_wconf 90'}
{'class': 'ocrx_word', 'id': 'word_1_67', 'title': 'bbox 925 385 952 400; x_wconf 92'}
{'class': 'ocrx_word', 'id': 'word_1_68', 'title': 'bbox 969 386 1074 404; x_wconf 89'}
{'class': 'ocrx_word', 'id': 'word_1_69', 'title': 'bbox 1090 384 1118 400; x_wconf 92'}
{'class': 'ocrx_word', 'id': 'word_1_70', 'title': 'bbox 1133 386 1150 400; x_wconf 77'}
{'class': 'ocrx_word', 'id': 'word_1_71', 'title': 'bbox 1167 384 1326 402; x_wconf 23'}
{'class': 'ocr_carea', 'id': 'block_1_18', 'title': 'bbox 1363 400 1374 411'}
{'class': 'ocr_par', 'id': 'par_1_18', 'lang': 'eng', 'title': 'bbox 1363 400 1374 411'}
{'class': 'ocr_line', 'id': 'line_1_22', 'title': 'bbox 1363 400 1374 411; baseline 0 0; x_size 20; x_descenders 5; x_ascenders 5'}
{'class': 'ocrx_word', 'id': 'word_1_72', 'title': 'bbox 1363 400 1374 411; x_wconf 45'}
{'class': 'ocr_carea', 'id': 'block_1_19', 'title': 'bbox 86 424 1496 436'}
{'class': 'ocr_par', 'id': 'par_1_19', 'lang': 'eng', 'title': 'bbox 86 424 1496 436'}
{'class': 'ocr_line', 'id': 'line_1_23', 'title': 'bbox 86 424 1496 436; baseline 0 1831; x_size 20; x_descenders 5; x_ascenders 5'}
{'class': 'ocrx_word', 'id': 'word_1_73', 'title': 'bbox 86 424 1496 436; x_wconf 95'}
{'class': 'ocr_carea', 'id': 'block_1_20', 'title': 'bbox 257 454 1322 533'}
{'class': 'ocr_par', 'id': 'par_1_20', 'lang': 'eng', 'title': 'bbox 257 454 1322 533'}
{'class': 'ocr_header', 'id': 'line_1_24', 'title': 'bbox 257 454 1322 533; baseline 0 -27; x_size 59.111111; x_descenders 14.777778; x_ascenders 14.777778'}
{'class': 'ocrx_word', 'id': 'word_1_74', 'title': 'bbox 257 456 308 507; x_wconf 96'}
{'class': 'ocrx_word', 'id': 'word_1_75', 'title': 'bbox 344 462 652 533; x_wconf 95'}
{'class': 'ocrx_word', 'id': 'word_1_76', 'title': 'bbox 688 462 787 506; x_wconf 95'}
{'class': 'ocrx_word', 'id': 'word_1_77', 'title': 'bbox 826 454 1322 507; x_wconf 90'}
{'class': 'ocr_carea', 'id': 'block_1_21', 'title': 'bbox 100 716 331 968'}
{'class': 'ocr_par', 'id': 'par_1_21', 'lang': 'eng', 'title': 'bbox 100 716 331 968'}
{'class': 'ocr_line', 'id': 'line_1_25', 'title': 'bbox 100 716 331 968; baseline 0 1299; x_size 316.25; x_descenders 79.0625; x_ascenders 79.0625'}
{'class': 'ocrx_word', 'id': 'word_1_78', 'title': 'bbox 100 716 331 968; x_wconf 95'}
{'class': 'ocr_carea', 'id': 'block_1_22', 'title': 'bbox 114 990 297 1015'}
{'class': 'ocr_par', 'id': 'par_1_22', 'lang': 'eng', 'title': 'bbox 114 990 297 1015'}
{'class': 'ocr_caption', 'id': 'line_1_26', 'title': 'bbox 114 990 297 1015; baseline 0.016 -8; x_size 22; x_descenders 4; x_ascenders 6'}
{'class': 'ocrx_word', 'id': 'word_1_79', 'title': 'bbox 114 990 145 1012; x_wconf 64'}
{'class': 'ocrx_word', 'id': 'word_1_80', 'title': 'bbox 151 990 230 1012; x_wconf 92'}
{'class': 'ocrx_word', 'id': 'word_1_81', 'title': 'bbox 238 992 254 1009; x_wconf 96'}
{'class': 'ocrx_word', 'id': 'word_1_82', 'title': 'bbox 260 993 297 1015; x_wconf 88'}
{'class': 'ocr_carea', 'id': 'block_1_23', 'title': 'bbox 85 1016 327 1063'}
{'class': 'ocr_par', 'id': 'par_1_23', 'lang': 'eng', 'title': 'bbox 85 1016 327 1063'}
{'class': 'ocr_caption', 'id': 'line_1_27', 'title': 'bbox 85 1016 246 1029; baseline 0.006 -1; x_size 24; x_descenders 6; x_ascenders 6'}
{'class': 'ocrx_word', 'id': 'word_1_83', 'title': 'bbox 85 1016 155 1028; x_wconf 93'}
{'class': 'ocrx_word', 'id': 'word_1_84', 'title': 'bbox 160 1016 176 1028; x_wconf 92'}
{'class': 'ocrx_word', 'id': 'word_1_85', 'title': 'bbox 181 1016 246 1029; x_wconf 20'}
{'class': 'ocr_caption', 'id': 'line_1_28', 'title': 'bbox 104 1018 327 1046; baseline 0.022 -4; x_size 30.666666; x_descenders 7.6666665; x_ascenders 7.666667'}
{'class': 'ocrx_word', 'id': 'word_1_86', 'title': 'bbox 104 1030 178 1043; x_wconf 9'}
{'class': 'ocrx_word', 'id': 'word_1_87', 'title': 'bbox 183 1032 198 1043; x_wconf 95'}
{'class': 'ocrx_word', 'id': 'word_1_88', 'title': 'bbox 202 1021 239 1044; x_wconf 49'}
{'class': 'ocrx_word', 'id': 'word_1_89', 'title': 'bbox 236 1014 257 1055; x_wconf 49'}
{'class': 'ocrx_word', 'id': 'word_1_90', 'title': 'bbox 259 1018 327 1046; x_wconf 19'}
{'class': 'ocr_caption', 'id': 'line_1_29', 'title': 'bbox 168 1046 243 1063; baseline 0.013 -6; x_size 24; x_descenders 6; x_ascenders 6'}
{'class': 'ocrx_word', 'id': 'word_1_91', 'title': 'bbox 168 1046 195 1061; x_wconf 93'}
{'class': 'ocrx_word', 'id': 'word_1_92', 'title': 'bbox 201 1049 208 1057; x_wconf 61'}
{'class': 'ocrx_word', 'id': 'word_1_93', 'title': 'bbox 216 1049 243 1063; x_wconf 95'}
{'class': 'ocr_carea', 'id': 'block_1_24', 'title': 'bbox 85 1154 528 1665'}
{'class': 'ocr_par', 'id': 'par_1_24', 'lang': 'eng', 'title': 'bbox 85 1154 528 1665'}
{'class': 'ocr_line', 'id': 'line_1_30', 'title': 'bbox 115 1154 524 1186; baseline 0 -3; x_size 36; x_descenders 7; x_ascenders 7'}
{'class': 'ocrx_word', 'id': 'word_1_94', 'title': 'bbox 115 1155 140 1177; x_wconf 91'}
{'class': 'ocrx_word', 'id': 'word_1_95', 'title': 'bbox 147 1155 279 1182; x_wconf 55'}
{'class': 'ocrx_word', 'id': 'word_1_96', 'title': 'bbox 288 1154 318 1177; x_wconf 94'}
{'class': 'ocrx_word', 'id': 'word_1_97', 'title': 'bbox 327 1155 350 1182; x_wconf 46'}
{'class': 'ocrx_word', 'id': 'word_1_98', 'title': 'bbox 359 1154 524 1186; x_wconf 92'}
{'class': 'ocr_line', 'id': 'line_1_31', 'title': 'bbox 85 1192 525 1221; baseline -0.002 -6; x_size 26; x_descenders 4; x_ascenders 5'}
{'class': 'ocrx_word', 'id': 'word_1_99', 'title': 'bbox 85 1198 132 1221; x_wconf 96'}
{'class': 'ocrx_word', 'id': 'word_1_100', 'title': 'bbox 142 1192 241 1215; x_wconf 96'}
{'class': 'ocrx_word', 'id': 'word_1_101', 'title': 'bbox 253 1192 285 1216; x_wconf 95'}
{'class': 'ocrx_word', 'id': 'word_1_102', 'title': 'bbox 295 1192 372 1215; x_wconf 95'}
{'class': 'ocrx_word', 'id': 'word_1_103', 'title': 'bbox 383 1192 415 1214; x_wconf 96'}
{'class': 'ocrx_word', 'id': 'word_1_104', 'title': 'bbox 425 1192 525 1218; x_wconf 96'}
{'class': 'ocr_line', 'id': 'line_1_32', 'title': 'bbox 86 1229 526 1258; baseline -0.005 -5; x_size 29; x_descenders 6; x_ascenders 5'}
{'class': 'ocrx_word', 'id': 'word_1_105', 'title': 'bbox 86 1230 160 1253; x_wconf 96'}
{'class': 'ocrx_word', 'id': 'word_1_106', 'title': 'bbox 165 1229 222 1258; x_wconf 95'}
{'class': 'ocrx_word', 'id': 'word_1_107', 'title': 'bbox 228 1235 244 1252; x_wconf 77'}
{'class': 'ocrx_word', 'id': 'word_1_108', 'title': 'bbox 250 1234 297 1252; x_wconf 77'}
{'class': 'ocrx_word', 'id': 'word_1_109', 'title': 'bbox 302 1229 423 1252; x_wconf 90'}
{'class': 'ocrx_word', 'id': 'word_1_110', 'title': 'bbox 428 1235 470 1251; x_wconf 90'}
{'class': 'ocrx_word', 'id': 'word_1_111', 'title': 'bbox 474 1233 526 1251; x_wconf 91'}
{'class': 'ocr_line', 'id': 'line_1_33', 'title': 'bbox 85 1265 526 1296; baseline -0.005 -6; x_size 30; x_descenders 7; x_ascenders 6'}
{'class': 'ocrx_word', 'id': 'word_1_112', 'title': 'bbox 85 1267 184 1296; x_wconf 92'}
{'class': 'ocrx_word', 'id': 'word_1_113', 'title': 'bbox 191 1272 206 1289; x_wconf 92'}
{'class': 'ocrx_word', 'id': 'word_1_114', 'title': 'bbox 214 1266 313 1289; x_wconf 93'}
{'class': 'ocrx_word', 'id': 'word_1_115', 'title': 'bbox 320 1265 487 1294; x_wconf 92'}
{'class': 'ocrx_word', 'id': 'word_1_116', 'title': 'bbox 495 1272 526 1289; x_wconf 96'}
{'class': 'ocr_line', 'id': 'line_1_34', 'title': 'bbox 86 1300 526 1336; baseline -0.005 -9; x_size 31.054787; x_descenders 6.0547857; x_ascenders 8'}
{'class': 'ocrx_word', 'id': 'word_1_117', 'title': 'bbox 86 1304 159 1327; x_wconf 96'}
{'class': 'ocrx_word', 'id': 'word_1_118', 'title': 'bbox 168 1304 198 1326; x_wconf 96'}
{'class': 'ocrx_word', 'id': 'word_1_119', 'title': 'bbox 200 1303 355 1336; x_wconf 91'}
{'class': 'ocrx_word', 'id': 'word_1_120', 'title': 'bbox 360 1300 526 1326; x_wconf 92'}
{'class': 'ocr_line', 'id': 'line_1_35', 'title': 'bbox 86 1339 527 1366; baseline -0.002 -3; x_size 30.41095; x_descenders 6.4109497; x_ascenders 6'}
{'class': 'ocrx_word', 'id': 'word_1_121', 'title': 'bbox 86 1347 120 1364; x_wconf 93'}
{'class': 'ocrx_word', 'id': 'word_1_122', 'title': 'bbox 126 1340 255 1365; x_wconf 91'}
{'class': 'ocrx_word', 'id': 'word_1_123', 'title': 'bbox 262 1339 454 1366; x_wconf 92'}
{'class': 'ocrx_word', 'id': 'word_1_124', 'title': 'bbox 463 1345 478 1362; x_wconf 78'}
{'class': 'ocrx_word', 'id': 'word_1_125', 'title': 'bbox 485 1340 527 1362; x_wconf 92'}
{'class': 'ocr_line', 'id': 'line_1_36', 'title': 'bbox 87 1376 527 1401; baseline -0.002 -1; x_size 30.054787; x_descenders 6.0547857; x_ascenders 7'}
{'class': 'ocrx_word', 'id': 'word_1_126', 'title': 'bbox 87 1378 156 1401; x_wconf 88'}
{'class': 'ocrx_word', 'id': 'word_1_127', 'title': 'bbox 163 1376 288 1400; x_wconf 92'}
{'class': 'ocrx_word', 'id': 'word_1_128', 'title': 'bbox 297 1377 329 1400; x_wconf 92'}
{'class': 'ocrx_word', 'id': 'word_1_129', 'title': 'bbox 336 1377 527 1400; x_wconf 91'}
{'class': 'ocr_line', 'id': 'line_1_37', 'title': 'bbox 86 1414 527 1443; baseline -0.005 -5; x_size 26; x_descenders 4; x_ascenders 5'}
{'class': 'ocrx_word', 'id': 'word_1_130', 'title': 'bbox 86 1416 245 1443; x_wconf 88'}
{'class': 'ocrx_word', 'id': 'word_1_131', 'title': 'bbox 258 1420 272 1437; x_wconf 90'}
{'class': 'ocrx_word', 'id': 'word_1_132', 'title': 'bbox 284 1419 329 1437; x_wconf 93'}
{'class': 'ocrx_word', 'id': 'word_1_133', 'title': 'bbox 341 1414 444 1437; x_wconf 91'}
{'class': 'ocrx_word', 'id': 'word_1_134', 'title': 'bbox 452 1420 527 1437; x_wconf 92'}
{'class': 'ocr_line', 'id': 'line_1_38', 'title': 'bbox 87 1451 528 1480; baseline -0.005 -5; x_size 27; x_descenders 4; x_ascenders 6'}
{'class': 'ocrx_word', 'id': 'word_1_135', 'title': 'bbox 87 1452 189 1478; x_wconf 60'}
{'class': 'ocrx_word', 'id': 'word_1_136', 'title': 'bbox 204 1452 274 1480; x_wconf 92'}
{'class': 'ocrx_word', 'id': 'word_1_137', 'title': 'bbox 285 1452 394 1474; x_wconf 92'}
{'class': 'ocrx_word', 'id': 'word_1_138', 'title': 'bbox 406 1451 528 1473; x_wconf 91'}
{'class': 'ocr_line', 'id': 'line_1_39', 'title': 'bbox 88 1488 527 1517; baseline -0.005 -5; x_size 28; x_descenders 6; x_ascenders 6'}
{'class': 'ocrx_word', 'id': 'word_1_139', 'title': 'bbox 88 1491 143 1512; x_wconf 95'}
{'class': 'ocrx_word', 'id': 'word_1_140', 'title': 'bbox 157 1489 256 1517; x_wconf 96'}
{'class': 'ocrx_word', 'id': 'word_1_141', 'title': 'bbox 270 1489 341 1516; x_wconf 93'}
{'class': 'ocrx_word', 'id': 'word_1_142', 'title': 'bbox 354 1488 527 1510; x_wconf 91'}
{'class': 'ocr_line', 'id': 'line_1_40', 'title': 'bbox 88 1525 528 1554; baseline -0.005 -5; x_size 28; x_descenders 6; x_ascenders 6'}
{'class': 'ocrx_word', 'id': 'word_1_143', 'title': 'bbox 88 1526 203 1554; x_wconf 91'}
{'class': 'ocrx_word', 'id': 'word_1_144', 'title': 'bbox 215 1532 262 1554; x_wconf 96'}
{'class': 'ocrx_word', 'id': 'word_1_145', 'title': 'bbox 275 1532 290 1548; x_wconf 96'}
{'class': 'ocrx_word', 'id': 'word_1_146', 'title': 'bbox 302 1527 356 1548; x_wconf 96'}
{'class': 'ocrx_word', 'id': 'word_1_147', 'title': 'bbox 366 1525 453 1547; x_wconf 96'}
{'class': 'ocrx_word', 'id': 'word_1_148', 'title': 'bbox 461 1526 528 1547; x_wconf 96'}
{'class': 'ocr_line', 'id': 'line_1_41', 'title': 'bbox 88 1562 528 1592; baseline -0.005 -6; x_size 29; x_descenders 6; x_ascenders 6'}
{'class': 'ocrx_word', 'id': 'word_1_149', 'title': 'bbox 88 1564 212 1592; x_wconf 91'}
{'class': 'ocrx_word', 'id': 'word_1_150', 'title': 'bbox 231 1562 382 1591; x_wconf 90'}
{'class': 'ocrx_word', 'id': 'word_1_151', 'title': 'bbox 402 1568 496 1590; x_wconf 96'}
{'class': 'ocrx_word', 'id': 'word_1_152', 'title': 'bbox 513 1568 528 1585; x_wconf 96'}
{'class': 'ocr_line', 'id': 'line_1_42', 'title': 'bbox 88 1599 528 1628; baseline -0.005 -5; x_size 28; x_descenders 6; x_ascenders 6'}
{'class': 'ocrx_word', 'id': 'word_1_153', 'title': 'bbox 88 1601 251 1628; x_wconf 59'}
{'class': 'ocrx_word', 'id': 'word_1_154', 'title': 'bbox 274 1600 319 1622; x_wconf 96'}
{'class': 'ocrx_word', 'id': 'word_1_155', 'title': 'bbox 342 1605 402 1621; x_wconf 93'}
{'class': 'ocrx_word', 'id': 'word_1_156', 'title': 'bbox 423 1599 528 1622; x_wconf 92'}
{'class': 'ocr_line', 'id': 'line_1_43', 'title': 'bbox 88 1636 468 1665; baseline -0.008 -4; x_size 28; x_descenders 5; x_ascenders 7'}
{'class': 'ocrx_word', 'id': 'word_1_157', 'title': 'bbox 88 1638 188 1665; x_wconf 96'}
{'class': 'ocrx_word', 'id': 'word_1_158', 'title': 'bbox 203 1639 276 1660; x_wconf 93'}
{'class': 'ocrx_word', 'id': 'word_1_159', 'title': 'bbox 289 1637 368 1659; x_wconf 91'}
{'class': 'ocrx_word', 'id': 'word_1_160', 'title': 'bbox 381 1636 468 1659; x_wconf 91'}
{'class': 'ocr_carea', 'id': 'block_1_25', 'title': 'bbox 102 1702 422 2211'}
{'class': 'ocr_par', 'id': 'par_1_25', 'lang': 'eng', 'title': 'bbox 102 1702 422 2211'}
{'class': 'ocr_line', 'id': 'line_1_44', 'title': 'bbox 102 1702 422 2211; baseline 0.047 -15; x_size 660; x_descenders 165; x_ascenders 165'}
{'class': 'ocrx_word', 'id': 'word_1_161', 'title': 'bbox 102 1702 422 2211; x_wconf 95'}
{'class': 'ocr_carea', 'id': 'block_1_26', 'title': 'bbox 331 2186 430 2211'}
{'class': 'ocr_par', 'id': 'par_1_26', 'lang': 'eng', 'title': 'bbox 331 2186 430 2211'}
{'class': 'ocr_line', 'id': 'line_1_45', 'title': 'bbox 331 2186 367 2198; baseline -0.028 0; x_size 20; x_descenders 5; x_ascenders 5'}
{'class': 'ocrx_word', 'id': 'word_1_162', 'title': 'bbox 331 2186 367 2198; x_wconf 84'}
{'class': 'ocr_line', 'id': 'line_1_46', 'title': 'bbox 332 2201 430 2211; baseline -0.01 -1; x_size 20; x_descenders 5; x_ascenders 5'}
{'class': 'ocrx_word', 'id': 'word_1_163', 'title': 'bbox 332 2202 371 2211; x_wconf 51'}
{'class': 'ocrx_word', 'id': 'word_1_164', 'title': 'bbox 377 2201 393 2210; x_wconf 89'}
{'class': 'ocrx_word', 'id': 'word_1_165', 'title': 'bbox 398 2201 430 2209; x_wconf 78'}
{'class': 'ocr_carea', 'id': 'block_1_27', 'title': 'bbox 102 2188 244 2214'}
{'class': 'ocr_par', 'id': 'par_1_27', 'lang': 'eng', 'title': 'bbox 102 2188 244 2214'}
{'class': 'ocr_line', 'id': 'line_1_47', 'title': 'bbox 168 2188 242 2199; baseline -0.014 0; x_size 20; x_descenders 5; x_ascenders 5'}
{'class': 'ocrx_word', 'id': 'word_1_166', 'title': 'bbox 168 2188 227 2199; x_wconf 95'}
{'class': 'ocrx_word', 'id': 'word_1_167', 'title': 'bbox 236 2194 242 2198; x_wconf 87'}
{'class': 'ocr_line', 'id': 'line_1_48', 'title': 'bbox 102 2203 244 2214; baseline -0.007 -2; x_size 20; x_descenders 5; x_ascenders 5'}
{'class': 'ocrx_word', 'id': 'word_1_168', 'title': 'bbox 102 2203 151 2212; x_wconf 91'}
{'class': 'ocrx_word', 'id': 'word_1_169', 'title': 'bbox 157 2205 188 2214; x_wconf 94'}
{'class': 'ocrx_word', 'id': 'word_1_170', 'title': 'bbox 193 2203 204 2211; x_wconf 86'}
{'class': 'ocrx_word', 'id': 'word_1_171', 'title': 'bbox 211 2204 244 2211; x_wconf 86'}
{'class': 'ocr_carea', 'id': 'block_1_28', 'title': 'bbox 542 570 1038 1062'}
{'class': 'ocr_par', 'id': 'par_1_28', 'lang': 'eng', 'title': 'bbox 542 570 1038 1062'}
{'class': 'ocr_line', 'id': 'line_1_49', 'title': 'bbox 542 570 1038 1062; baseline 0 1205; x_size 205.33333; x_descenders 51.333332; x_ascenders 51.333336'}
{'class': 'ocrx_word', 'id': 'word_1_172', 'title': 'bbox 542 570 1038 1062; x_wconf 95'}
{'class': 'ocr_carea', 'id': 'block_1_29', 'title': 'bbox 541 1061 1039 1149'}
{'class': 'ocr_par', 'id': 'par_1_29', 'lang': 'eng', 'title': 'bbox 541 1061 1039 1146'}
{'class': 'ocr_line', 'id': 'line_1_50', 'title': 'bbox 707 1061 874 1106; baseline 0 -10; x_size 22; x_descenders 6; x_ascenders 4'}
{'class': 'ocrx_word', 'id': 'word_1_173', 'title': 'bbox 707 1080 737 1101; x_wconf 77'}
{'class': 'ocrx_word', 'id': 'word_1_174', 'title': 'bbox 745 1061 810 1106; x_wconf 27'}
{'class': 'ocrx_word', 'id': 'word_1_175', 'title': 'bbox 817 1080 874 1102; x_wconf 82'}
{'class': 'ocr_line', 'id': 'line_1_51', 'title': 'bbox 541 1104 1039 1132; baseline -0.004 -13; x_size 24.5; x_descenders 6.5; x_ascenders 5.5'}
{'class': 'ocrx_word', 'id': 'word_1_176', 'title': 'bbox 541 1098 612 1120; x_wconf 96'}
{'class': 'ocrx_word', 'id': 'word_1_177', 'title': 'bbox 619 1105 634 1117; x_wconf 96'}
{'class': 'ocrx_word', 'id': 'word_1_178', 'title': 'bbox 640 1104 714 1132; x_wconf 0'}
{'class': 'ocrx_word', 'id': 'word_1_179', 'title': 'bbox 721 1104 789 1117; x_wconf 91'}
{'class': 'ocrx_word', 'id': 'word_1_180', 'title': 'bbox 797 1107 804 1116; x_wconf 49'}
{'class': 'ocrx_word', 'id': 'word_1_181', 'title': 'bbox 812 1104 827 1117; x_wconf 90'}
{'class': 'ocrx_word', 'id': 'word_1_182', 'title': 'bbox 833 1104 897 1117; x_wconf 78'}
{'class': 'ocrx_word', 'id': 'word_1_183', 'title': 'bbox 905 1104 919 1116; x_wconf 73'}
{'class': 'ocrx_word', 'id': 'word_1_184', 'title': 'bbox 927 1104 962 1116; x_wconf 94'}
{'class': 'ocrx_word', 'id': 'word_1_185', 'title': 'bbox 970 1104 985 1117; x_wconf 83'}
{'class': 'ocrx_word', 'id': 'word_1_186', 'title': 'bbox 993 1104 1039 1117; x_wconf 90'}
{'class': 'ocr_line', 'id': 'line_1_52', 'title': 'bbox 640 1118 941 1136; baseline -0.003 -3.965; x_size 24.5; x_descenders 6.5; x_ascenders 5.5'}
{'class': 'ocrx_word', 'id': 'word_1_187', 'title': 'bbox 640 1120 704 1132; x_wconf 91'}
{'class': 'ocrx_word', 'id': 'word_1_188', 'title': 'bbox 709 1120 724 1132; x_wconf 89'}
{'class': 'ocrx_word', 'id': 'word_1_189', 'title': 'bbox 729 1119 798 1146; x_wconf 31'}
{'class': 'ocrx_word', 'id': 'word_1_190', 'title': 'bbox 803 1119 860 1135; x_wconf 80'}
{'class': 'ocrx_word', 'id': 'word_1_191', 'title': 'bbox 865 1122 872 1131; x_wconf 60'}
{'class': 'ocrx_word', 'id': 'word_1_192', 'title': 'bbox 878 1118 941 1131; x_wconf 70'}
{'class': 'ocr_line', 'id': 'line_1_53', 'title': 'bbox 784 1137 806 1149; baseline 0 -4; x_size 24.5; x_descenders 6.5; x_ascenders 5.5'}
{'class': 'ocrx_word', 'id': 'word_1_193', 'title': 'bbox 784 1137 806 1149; x_wconf 56'}
{'class': 'ocr_carea', 'id': 'block_1_30', 'title': 'bbox 624 1158 956 1658'}
{'class': 'ocr_par', 'id': 'par_1_30', 'lang': 'eng', 'title': 'bbox 624 1158 956 1658'}
{'class': 'ocr_line', 'id': 'line_1_54', 'title': 'bbox 624 1158 956 1658; baseline 0 609; x_size 208; x_descenders 52; x_ascenders 52'}
{'class': 'ocrx_word', 'id': 'word_1_194', 'title': 'bbox 624 1158 956 1658; x_wconf 95'}
{'class': 'ocr_carea', 'id': 'block_1_31', 'title': 'bbox 673 1666 890 1709'}
{'class': 'ocr_par', 'id': 'par_1_31', 'lang': 'eng', 'title': 'bbox 673 1666 899 1709'}
{'class': 'ocr_line', 'id': 'line_1_55', 'title': 'bbox 673 1666 890 1709; baseline 0 -24; x_size 20; x_descenders 5; x_ascenders 5'}
{'class': 'ocrx_word', 'id': 'word_1_195', 'title': 'bbox 673 1666 743 1694; x_wconf 89'}
{'class': 'ocrx_word', 'id': 'word_1_196', 'title': 'bbox 763 1670 820 1709; x_wconf 11'}
{'class': 'ocrx_word', 'id': 'word_1_197', 'title': 'bbox 804 1666 829 1701; x_wconf 87'}
{'class': 'ocrx_word', 'id': 'word_1_198', 'title': 'bbox 823 1670 890 1705; x_wconf 7'}
{'class': 'ocr_carea', 'id': 'block_1_32', 'title': 'bbox 1258 720 1499 966'}
{'class': 'ocr_par', 'id': 'par_1_32', 'lang': 'eng', 'title': 'bbox 1258 720 1499 966'}
{'class': 'ocr_line', 'id': 'line_1_56', 'title': 'bbox 1258 720 1499 966; baseline 0 1301; x_size 308.75; x_descenders 77.1875; x_ascenders 77.1875'}
{'class': 'ocrx_word', 'id': 'word_1_199', 'title': 'bbox 1258 720 1499 966; x_wconf 95'}
{'class': 'ocr_carea', 'id': 'block_1_33', 'title': 'bbox 1249 992 1495 1033'}
{'class': 'ocr_par', 'id': 'par_1_33', 'lang': 'eng', 'title': 'bbox 1249 992 1495 1033'}
{'class': 'ocr_caption', 'id': 'line_1_57', 'title': 'bbox 1280 992 1461 1015; baseline -0.011 -5; x_size 21; x_descenders 5; x_ascenders 5'}
{'class': 'ocrx_word', 'id': 'word_1_200', 'title': 'bbox 1280 994 1311 1015; x_wconf 55'}
{'class': 'ocrx_word', 'id': 'word_1_201', 'title': 'bbox 1318 993 1390 1014; x_wconf 93'}
{'class': 'ocrx_word', 'id': 'word_1_202', 'title': 'bbox 1397 992 1461 1008; x_wconf 89'}
{'class': 'ocr_caption', 'id': 'line_1_58', 'title': 'bbox 1249 1016 1495 1033; baseline -0.008 -2; x_size 22.5; x_descenders 5.5; x_ascenders 5.5'}
{'class': 'ocrx_word', 'id': 'word_1_203', 'title': 'bbox 1249 1019 1319 1031; x_wconf 95'}
{'class': 'ocrx_word', 'id': 'word_1_204', 'title': 'bbox 1325 1018 1340 1030; x_wconf 91'}
{'class': 'ocrx_word', 'id': 'word_1_205', 'title': 'bbox 1346 1017 1420 1033; x_wconf 7'}
{'class': 'ocrx_word', 'id': 'word_1_206', 'title': 'bbox 1426 1016 1495 1029; x_wconf 10'}
{'class': 'ocr_carea', 'id': 'block_1_34', 'title': 'bbox 1260 1032 1483 1063'}
{'class': 'ocr_par', 'id': 'par_1_34', 'lang': 'eng', 'title': 'bbox 1260 1032 1483 1063'}
{'class': 'ocr_line', 'id': 'line_1_59', 'title': 'bbox 1260 1032 1483 1063; baseline -0.009 -17; x_size 16; x_descenders 4; x_ascenders 4'}
{'class': 'ocrx_word', 'id': 'word_1_207', 'title': 'bbox 1260 1034 1286 1046; x_wconf 90'}
{'class': 'ocrx_word', 'id': 'word_1_208', 'title': 'bbox 1291 1032 1374 1063; x_wconf 30'}
{'class': 'ocrx_word', 'id': 'word_1_209', 'title': 'bbox 1378 1032 1413 1044; x_wconf 94'}
{'class': 'ocrx_word', 'id': 'word_1_210', 'title': 'bbox 1417 1032 1432 1044; x_wconf 94'}
{'class': 'ocrx_word', 'id': 'word_1_211', 'title': 'bbox 1437 1032 1483 1044; x_wconf 96'}
{'class': 'ocr_carea', 'id': 'block_1_35', 'title': 'bbox 1369 1050 1411 1062'}
{'class': 'ocr_par', 'id': 'par_1_35', 'lang': 'eng', 'title': 'bbox 1369 1050 1411 1062'}
{'class': 'ocr_line', 'id': 'line_1_60', 'title': 'bbox 1369 1050 1411 1062; baseline 0 -3; x_size 20; x_descenders 5; x_ascenders 5'}
{'class': 'ocrx_word', 'id': 'word_1_212', 'title': 'bbox 1369 1050 1376 1059; x_wconf 63'}
{'class': 'ocrx_word', 'id': 'word_1_213', 'title': 'bbox 1384 1050 1411 1062; x_wconf 63'}
{'class': 'ocr_carea', 'id': 'block_1_36', 'title': 'bbox 1082 1152 1493 1184'}
{'class': 'ocr_par', 'id': 'par_1_36', 'lang': 'eng', 'title': 'bbox 1082 1152 1493 1184'}
{'class': 'ocr_line', 'id': 'line_1_61', 'title': 'bbox 1082 1152 1493 1184; baseline -0.007 -3; x_size 34; x_descenders 5; x_ascenders 8'}
{'class': 'ocrx_word', 'id': 'word_1_214', 'title': 'bbox 1082 1153 1105 1181; x_wconf 91'}
{'class': 'ocrx_word', 'id': 'word_1_215', 'title': 'bbox 1120 1148 1276 1190; x_wconf 89'}
{'class': 'ocrx_word', 'id': 'word_1_216', 'title': 'bbox 1278 1148 1446 1190; x_wconf 80'}
{'class': 'ocrx_word', 'id': 'word_1_217', 'title': 'bbox 1459 1158 1493 1175; x_wconf 96'}
{'class': 'ocr_carea', 'id': 'block_1_37', 'title': 'bbox 1052 1189 1494 1329'}
{'class': 'ocr_par', 'id': 'par_1_37', 'lang': 'eng', 'title': 'bbox 1052 1189 1494 1329'}
{'class': 'ocr_line', 'id': 'line_1_62', 'title': 'bbox 1053 1189 1493 1223; baseline 0 -10; x_size 28; x_descenders 5; x_ascenders 6'}
{'class': 'ocrx_word', 'id': 'word_1_218', 'title': 'bbox 1053 1190 1143 1213; x_wconf 91'}
{'class': 'ocrx_word', 'id': 'word_1_219', 'title': 'bbox 1160 1190 1191 1212; x_wconf 96'}
{'class': 'ocrx_word', 'id': 'word_1_220', 'title': 'bbox 1207 1189 1285 1217; x_wconf 93'}
{'class': 'ocrx_word', 'id': 'word_1_221', 'title': 'bbox 1300 1190 1463 1223; x_wconf 91'}
{'class': 'ocrx_word', 'id': 'word_1_222', 'title': 'bbox 1478 1196 1493 1213; x_wconf 88'}
{'class': 'ocr_line', 'id': 'line_1_63', 'title': 'bbox 1052 1227 1494 1255; baseline 0 -5; x_size 27; x_descenders 4; x_ascenders 7'}
{'class': 'ocrx_word', 'id': 'word_1_223', 'title': 'bbox 1052 1228 1126 1250; x_wconf 92'}
{'class': 'ocrx_word', 'id': 'word_1_224', 'title': 'bbox 1138 1227 1252 1253; x_wconf 91'}
{'class': 'ocrx_word', 'id': 'word_1_225', 'title': 'bbox 1265 1227 1343 1254; x_wconf 91'}
{'class': 'ocrx_word', 'id': 'word_1_226', 'title': 'bbox 1356 1233 1369 1249; x_wconf 89'}
{'class': 'ocrx_word', 'id': 'word_1_227', 'title': 'bbox 1379 1227 1494 1255; x_wconf 89'}
{'class': 'ocr_line', 'id': 'line_1_64', 'title': 'bbox 1053 1264 1494 1290; baseline 0 -3; x_size 27; x_descenders 4; x_ascenders 6'}
{'class': 'ocrx_word', 'id': 'word_1_228', 'title': 'bbox 1053 1270 1083 1287; x_wconf 96'}
{'class': 'ocrx_word', 'id': 'word_1_229', 'title': 'bbox 1095 1265 1168 1287; x_wconf 93'}
{'class': 'ocrx_word', 'id': 'word_1_230', 'title': 'bbox 1179 1264 1265 1290; x_wconf 91'}
{'class': 'ocrx_word', 'id': 'word_1_231', 'title': 'bbox 1278 1264 1406 1286; x_wconf 92'}
{'class': 'ocrx_word', 'id': 'word_1_232', 'title': 'bbox 1413 1269 1427 1286; x_wconf 89'}
{'class': 'ocrx_word', 'id': 'word_1_233', 'title': 'bbox 1435 1264 1494 1287; x_wconf 89'}
{'class': 'ocr_line', 'id': 'line_1_65', 'title': 'bbox 1052 1301 1493 1329; baseline 0 -6; x_size 28; x_descenders 6; x_ascenders 6'}
{'class': 'ocrx_word', 'id': 'word_1_234', 'title': 'bbox 1052 1301 1170 1329; x_wconf 91'}
{'class': 'ocrx_word', 'id': 'word_1_235', 'title': 'bbox 1190 1301 1279 1323; x_wconf 96'}
{'class': 'ocrx_word', 'id': 'word_1_236', 'title': 'bbox 1300 1306 1341 1323; x_wconf 96'}
{'class': 'ocrx_word', 'id': 'word_1_237', 'title': 'bbox 1358 1301 1428 1323; x_wconf 96'}
{'class': 'ocrx_word', 'id': 'word_1_238', 'title': 'bbox 1447 1302 1493 1324; x_wconf 96'}
{'class': 'ocr_carea', 'id': 'block_1_38', 'title': 'bbox 1036 1336 1494 1368'}
{'class': 'ocr_par', 'id': 'par_1_38', 'lang': 'eng', 'title': 'bbox 1036 1336 1494 1368'}
{'class': 'ocr_textfloat', 'id': 'line_1_66', 'title': 'bbox 1036 1336 1494 1368; baseline 0 -7; x_size 27; x_descenders 5; x_ascenders 6'}
{'class': 'ocrx_word', 'id': 'word_1_239', 'title': 'bbox 1036 1336 1176 1368; x_wconf 77'}
{'class': 'ocrx_word', 'id': 'word_1_240', 'title': 'bbox 1190 1344 1204 1360; x_wconf 91'}
{'class': 'ocrx_word', 'id': 'word_1_241', 'title': 'bbox 1218 1338 1386 1365; x_wconf 92'}
{'class': 'ocrx_word', 'id': 'word_1_242', 'title': 'bbox 1396 1344 1494 1366; x_wconf 92'}
{'class': 'ocr_carea', 'id': 'block_1_39', 'title': 'bbox 1053 1375 1494 1658'}
{'class': 'ocr_par', 'id': 'par_1_39', 'lang': 'eng', 'title': 'bbox 1053 1375 1494 1658'}
{'class': 'ocr_line', 'id': 'line_1_67', 'title': 'bbox 1054 1375 1493 1402; baseline 0.002 -5; x_size 27; x_descenders 5; x_ascenders 6'}
{'class': 'ocrx_word', 'id': 'word_1_243', 'title': 'bbox 1054 1376 1084 1397; x_wconf 93'}
{'class': 'ocrx_word', 'id': 'word_1_244', 'title': 'bbox 1097 1375 1232 1397; x_wconf 91'}
{'class': 'ocrx_word', 'id': 'word_1_245', 'title': 'bbox 1248 1375 1341 1397; x_wconf 96'}
{'class': 'ocrx_word', 'id': 'word_1_246', 'title': 'bbox 1357 1381 1406 1402; x_wconf 96'}
{'class': 'ocrx_word', 'id': 'word_1_247', 'title': 'bbox 1421 1375 1463 1398; x_wconf 94'}
{'class': 'ocrx_word', 'id': 'word_1_248', 'title': 'bbox 1477 1382 1493 1398; x_wconf 94'}
{'class': 'ocr_line', 'id': 'line_1_68', 'title': 'bbox 1054 1412 1494 1435; baseline 0 -1; x_size 27.416666; x_descenders 5.4166665; x_ascenders 6'}
{'class': 'ocrx_word', 'id': 'word_1_249', 'title': 'bbox 1054 1413 1096 1435; x_wconf 96'}
{'class': 'ocrx_word', 'id': 'word_1_250', 'title': 'bbox 1116 1418 1176 1435; x_wconf 93'}
{'class': 'ocrx_word', 'id': 'word_1_251', 'title': 'bbox 1194 1412 1334 1434; x_wconf 92'}
{'class': 'ocrx_word', 'id': 'word_1_252', 'title': 'bbox 1354 1412 1385 1434; x_wconf 93'}
{'class': 'ocrx_word', 'id': 'word_1_253', 'title': 'bbox 1403 1412 1494 1435; x_wconf 91'}
{'class': 'ocr_line', 'id': 'line_1_69', 'title': 'bbox 1054 1449 1494 1476; baseline 0 -4; x_size 27; x_descenders 5; x_ascenders 6'}
{'class': 'ocrx_word', 'id': 'word_1_254', 'title': 'bbox 1054 1450 1118 1472; x_wconf 96'}
{'class': 'ocrx_word', 'id': 'word_1_255', 'title': 'bbox 1131 1450 1161 1471; x_wconf 96'}
{'class': 'ocrx_word', 'id': 'word_1_256', 'title': 'bbox 1173 1449 1248 1471; x_wconf 96'}
{'class': 'ocrx_word', 'id': 'word_1_257', 'title': 'bbox 1261 1455 1290 1471; x_wconf 93'}
{'class': 'ocrx_word', 'id': 'word_1_258', 'title': 'bbox 1303 1450 1447 1476; x_wconf 92'}
{'class': 'ocrx_word', 'id': 'word_1_259', 'title': 'bbox 1455 1456 1494 1472; x_wconf 92'}
{'class': 'ocr_line', 'id': 'line_1_70', 'title': 'bbox 1054 1486 1494 1512; baseline 0.002 -4; x_size 26; x_descenders 4; x_ascenders 6'}
{'class': 'ocrx_word', 'id': 'word_1_260', 'title': 'bbox 1054 1487 1123 1512; x_wconf 90'}
{'class': 'ocrx_word', 'id': 'word_1_261', 'title': 'bbox 1133 1486 1213 1508; x_wconf 88'}
{'class': 'ocrx_word', 'id': 'word_1_262', 'title': 'bbox 1219 1492 1260 1508; x_wconf 96'}
{'class': 'ocrx_word', 'id': 'word_1_263', 'title': 'bbox 1266 1492 1342 1508; x_wconf 93'}
{'class': 'ocrx_word', 'id': 'word_1_264', 'title': 'bbox 1349 1486 1421 1508; x_wconf 89'}
{'class': 'ocrx_word', 'id': 'word_1_265', 'title': 'bbox 1429 1492 1494 1509; x_wconf 91'}
{'class': 'ocr_line', 'id': 'line_1_71', 'title': 'bbox 1053 1523 1494 1551; baseline 0 -5; x_size 28.460938; x_descenders 5.5859375; x_ascenders 6.375'}
{'class': 'ocrx_word', 'id': 'word_1_266', 'title': 'bbox 1053 1530 1096 1546; x_wconf 95'}
{'class': 'ocrx_word', 'id': 'word_1_267', 'title': 'bbox 1110 1524 1184 1545; x_wconf 95'}
{'class': 'ocrx_word', 'id': 'word_1_268', 'title': 'bbox 1196 1523 1272 1545; x_wconf 96'}
{'class': 'ocrx_word', 'id': 'word_1_269', 'title': 'bbox 1284 1529 1313 1545; x_wconf 95'}
{'class': 'ocrx_word', 'id': 'word_1_270', 'title': 'bbox 1326 1529 1433 1551; x_wconf 96'}
{'class': 'ocrx_word', 'id': 'word_1_271', 'title': 'bbox 1445 1530 1494 1551; x_wconf 96'}
{'class': 'ocr_line', 'id': 'line_1_72', 'title': 'bbox 1053 1561 1494 1583; baseline 0 0; x_size 26.416666; x_descenders 5.4166665; x_ascenders 5'}
{'class': 'ocrx_word', 'id': 'word_1_272', 'title': 'bbox 1053 1562 1164 1583; x_wconf 92'}
{'class': 'ocrx_word', 'id': 'word_1_273', 'title': 'bbox 1181 1562 1238 1582; x_wconf 96'}
{'class': 'ocrx_word', 'id': 'word_1_274', 'title': 'bbox 1253 1561 1324 1582; x_wconf 95'}
{'class': 'ocrx_word', 'id': 'word_1_275', 'title': 'bbox 1340 1566 1397 1582; x_wconf 95'}
{'class': 'ocrx_word', 'id': 'word_1_276', 'title': 'bbox 1413 1567 1429 1583; x_wconf 95'}
{'class': 'ocrx_word', 'id': 'word_1_277', 'title': 'bbox 1445 1566 1494 1583; x_wconf 96'}
{'class': 'ocr_line', 'id': 'line_1_73', 'title': 'bbox 1054 1597 1494 1625; baseline 0 -5; x_size 28; x_descenders 6; x_ascenders 6'}
{'class': 'ocrx_word', 'id': 'word_1_278', 'title': 'bbox 1054 1598 1133 1620; x_wconf 96'}
{'class': 'ocrx_word', 'id': 'word_1_279', 'title': 'bbox 1146 1603 1192 1625; x_wconf 93'}
{'class': 'ocrx_word', 'id': 'word_1_280', 'title': 'bbox 1204 1598 1306 1619; x_wconf 46'}
{'class': 'ocrx_word', 'id': 'word_1_281', 'title': 'bbox 1319 1597 1364 1619; x_wconf 93'}
{'class': 'ocrx_word', 'id': 'word_1_282', 'title': 'bbox 1379 1597 1494 1620; x_wconf 91'}
{'class': 'ocr_line', 'id': 'line_1_74', 'title': 'bbox 1054 1636 1163 1658; baseline -0.018 0; x_size 26.416666; x_descenders 5.4166665; x_ascenders 5'}
{'class': 'ocrx_word', 'id': 'word_1_283', 'title': 'bbox 1054 1636 1163 1658; x_wconf 69'}
{'class': 'ocr_carea', 'id': 'block_1_40', 'title': 'bbox 597 1694 1482 2212'}
{'class': 'ocr_par', 'id': 'par_1_40', 'lang': 'eng', 'title': 'bbox 597 1694 1482 2212'}
{'class': 'ocr_line', 'id': 'line_1_75', 'title': 'bbox 597 1694 1482 2212; baseline 0 55; x_size 765.33331; x_descenders 191.33333; x_ascenders 191.33333'}
{'class': 'ocrx_word', 'id': 'word_1_284', 'title': 'bbox 597 1694 1482 2212; x_wconf 95'}
{'class': 'ocr_carea', 'id': 'block_1_41', 'title': 'bbox 1472 0 1601 442'}
{'class': 'ocr_par', 'id': 'par_1_41', 'lang': 'eng', 'title': 'bbox 1472 0 1601 442'}
{'class': 'ocr_line', 'id': 'line_1_76', 'title': 'bbox 1472 0 1601 442; baseline 0 -319; x_size 132; x_descenders 33; x_ascenders 32.999996'}
{'class': 'ocrx_word', 'id': 'word_1_285', 'title': 'bbox 1472 0 1601 442; x_wconf 95'}
{'class': 'ocr_carea', 'id': 'block_1_42', 'title': 'bbox 1580 1515 1601 1576'}
{'class': 'ocr_par', 'id': 'par_1_42', 'lang': 'eng', 'title': 'bbox 1580 1515 1601 1576'}
{'class': 'ocr_line', 'id': 'line_1_77', 'title': 'bbox 1580 1515 1601 1576; baseline 0 691; x_size 77.5; x_descenders 19.375; x_ascenders 19.375'}
{'class': 'ocrx_word', 'id': 'word_1_286', 'title': 'bbox 1580 1515 1601 1576; x_wconf 95'}
{'class': 'ocr_carea', 'id': 'block_1_43', 'title': 'bbox 1595 1248 1601 2267'}
{'class': 'ocr_par', 'id': 'par_1_43', 'lang': 'eng', 'title': 'bbox 1595 1248 1601 2267'}
{'class': 'ocr_line', 'id': 'line_1_78', 'title': 'bbox 1595 1248 1601 2267; baseline 0 0; x_size 509.5; x_descenders -254.75; x_ascenders 254.75'}
{'class': 'ocrx_word', 'id': 'word_1_287', 'title': 'bbox 1595 1248 1601 2267; x_wconf 95'}
>>> for child in page1.iter(): data[]
  File "<stdin>", line 1
    for child in page1.iter(): data[]
                                    ^
SyntaxError: invalid syntax
>>> for child in page1.iter(): data[]
  File "<stdin>", line 1
    for child in page1.iter(): data[]
                                    ^
SyntaxError: invalid syntax
>>> for child in page1.iter(): data[]\
  File "<stdin>", line 1
    for child in page1.iter(): data[]\
                                    ^
SyntaxError: invalid syntax
>>> for child in page1.iter():
... if child.get('class') == 'ocr_par': data[child.get('id')] = {'bbox':child.get('title').split()[1:],'text':""}
  File "<stdin>", line 2
    if child.get('class') == 'ocr_par': data[child.get('id')] = {'bbox':child.get('title').split()[1:],'text':""}
    ^
IndentationError: expected an indented block
>>> for child in page1.iter():
...     if child.get('class') == 'ocr_par': data[child.get('id')] = {'bbox':child.get('title').split()[1:],'text':""}
...     if child.get('')
KeyboardInterrupt
>>> for child in page1.iter():
...     if child.get('class') == 'ocr_par': data[child.get('id')] = {'bbox':child.get('title').split()[1:],'text':""}
... for child in page1.iter():
KeyboardInterrupt
>>> for child in page1.iter():
...     if child.get('class') == 'ocr_par':
...              data[child.get('id')] = {'bbox':child.get('title').split()[1:],'text':""}
...             last_par = child.get('id')
  File "<stdin>", line 4
    last_par = child.get('id')
                              ^
IndentationError: unindent does not match any outer indentation level
>>> for child in page1.iter():
...     if child.get('class') == 'ocr_par':
...             data[child.get('id')] = {'bbox':child.get('title').split()[1:],'text':""}
...             last_par = child.get('id')
...     if child.get('class') == 'ocr_word':
...     if child.get('class') == 'ocrx_word':
  File "<stdin>", line 6
    if child.get('class') == 'ocrx_word':
    ^
IndentationError: expected an indented block
>>>     if child.get('class') == 'ocrx_word':for child in page1.iter():
  File "<stdin>", line 1
    if child.get('class') == 'ocrx_word':for child in page1.iter():
IndentationError: unexpected indent
>>> ...     if child.get('class') == 'ocr_par':
  File "<stdin>", line 1
    ...     if child.get('class') == 'ocr_par':
                                              ^
SyntaxError: invalid syntax
>>> ...             data[child.get('id')] = {'bbox':child.get('title').split()[1:],'text':""}
  File "<stdin>", line 1
    ...             data[child.get('id')] = {'bbox':child.get('title').split()[1:],'text':""}
                    ^
SyntaxError: invalid syntax
>>> ...             last_par = child.get('id')
  File "<stdin>", line 1
    ...             last_par = child.get('id')
                    ^
SyntaxError: invalid syntax
>>> ...     if child.get('class') == 'ocr_word':
  File "<stdin>", line 1
    ...     if child.get('class') == 'ocr_word':
                                               ^
SyntaxError: invalid syntax
>>> for child in page1.iter():
... ...     if child.get('class') == 'ocr_par':
  File "<stdin>", line 2
    ...     if child.get('class') == 'ocr_par':
    ^
IndentationError: expected an indented block
>>> for child in page1.iter():
...     if child.get('class') == 'ocr_par':
...             data[child.get('id')] = {'bbox':child.get('title').split()[1:],'text':""}
...             last_par = child.get('id')
...     if child.get('class') == 'ocrx_word':
...             data[last_par]['text'] += child.text #if x_wconf > k ?
...
>>> data
{'par_1_1': {'bbox': ['7', '0', '640', '5'], 'text': ' '}, 'par_1_2': {'bbox': ['35', '0', '640', '5'], 'text': ' '}, 'par_1_3': {'bbox': ['35', '0', '640', '4'], 'text': ' '}, 'par_1_4': {'bbox': ['47', '0', '640', '3'], 'text': ' '}, 'par_1_5': {'bbox': ['0', '0', '64', '1546'], 'text': ' '}, 'par_1_6': {'bbox': ['0', '1542', '5', '2173'], 'text': ' '}, 'par_1_7': {'bbox': ['81', '78', '130', '109'], 'text': ' '}, 'par_1_8': {'bbox': ['130', '89', '479', '170'], 'text': 'Direcfor:AntnioDantas,filhoRedacfor:AntniodeSouzaEditor:ManuelGuimaraes'}, 'par_1_9': {'bbox': ['87', '228', '565', '274'], 'text': 'Todaacorrespondneiarelativa&redacgaodeveserenvia-daparaasuasede:RuadeGilVicente,930arolativa&'}, 'par_1_10': {'bbox': ['86', '280', '478', '301'], 'text': 'administragao,paraaRuadePaioGalvao,70.'}, 'par_1_11': {'bbox': ['284', '323', '395', '330'], 'text': ' '}, 'par_1_12': {'bbox': ['97', '354', '559', '375'], 'text': 'CompostoeimpressonaZip.MinervaVimaranense'}, 'par_1_13': {'bbox': ['213', '387', '432', '409'], 'text': 'RuadePaicGalvac'}, 'par_1_14': {'bbox': ['81', '0', '951', '277'], 'text': '   '}, 'par_1_15': {'bbox': ['763', '236', '854', '285'], 'text': '#'}, 'par_1_16': {'bbox': ['944', '72', '1504', '328'], 'text': 'SITANG'}, 'par_1_17': {'bbox': ['765', '341', '1326', '404'], 'text': 'PublicacosemanalPropriedadedaEmprsadeOLhUSITANO'}, 'par_1_18': {'bbox': ['1363', '400', '1374', '411'], 'text': '%'}, 'par_1_19': {'bbox': ['86', '424', '1496', '436'], 'text': ' '}, 'par_1_20': {'bbox': ['257', '454', '1322', '533'], 'text': 'ACIDADEDEGUIMARAES'}, 'par_1_21': {'bbox': ['100', '716', '331', '968'], 'text': ' '}, 'par_1_22': {'bbox': ['114', '990', '297', '1015'], 'text': 'JoaoFernandesdeMelo'}, 'par_1_23': {'bbox': ['85', '1016', '327', '1063'], 'text': 'PresidentedaAssocinci lniciadordaFestadaCidade19061907'}, 'par_1_24': {'bbox': ['85', '1154', '528', '1665'], 'text': 'ARedacgaode0LUSITANO,pormotivodaFestadaCidade,abatehojeasuabandeiraemres-peitosaesincerahomenagemaoPovodeGuimaraessimbolizadonoPrimeiroVimaranense,ohe-roicofundadordanacionalidadeportugusa,eaosilustrescava-theiros,cujosretratosadornamestapagina,pelosinumeraveisservicosqueaestacidadeteemprestado,publicandoapenasacolaboracodosseusdilectosamigosnestaarduatarefa.'}, 'par_1_25': {'bbox': ['102', '1702', '422', '2211'], 'text': '    '}, 'par_1_26': {'bbox': ['331', '2186', '430', '2211'], 'text': 'astrialanxillardasFestas'}, 'par_1_27': {'bbox': ['102', '2188', '244', '2214'], 'text': 'ProfessordiDedicadoamigodeGuima'}, 'par_1_28': {'bbox': ['542', '570', '1038', '1062'], 'text': ' '}, 'par_1_29': {'bbox': ['541', '1061', '1039', '1146'], 'text': 'JoaoGualinePereiraPresidentedaAssocingso,ComercialdaComisefodaFestadaCidadePromotordaExposicfoAgricolaeIndustrialg10'}, 'par_1_30': {'bbox': ['624', '1158', '956', '1658'], 'text': ' '}, 'par_1_31': {'bbox': ['673', '1666', '899', '1709'], 'text': 'EduardoeeedeSree'}, 'par_1_32': {'bbox': ['1258', '720', '1499', '966'], 'text': ' '}, 'par_1_33': {'bbox': ['1249', '992', '1495', '1033'], 'text': 'JoaoRodriguesLoureiroPresidentedaAssociagioComercial'}, 'par_1_34': {'bbox': ['1260', '1032', '1483', '1063'], 'text': 'edaesFestadaCidade'}, 'par_1_35': {'bbox': ['1369', '1050', '1411', '1062'], 'text': '1909'}, 'par_1_36': {'bbox': ['1082', '1152', '1493', '1184'], 'text': 'OLUSITANO,julgando-seno'}, 'par_1_37': {'bbox': ['1052', '1189', '1494', '1329'], 'text': 'direitodepoderrepresentaroPovohonesto,dignoepatrioti-codestanobre,laboriosaehos-pitaleiracidadeemvistados'}, 'par_1_38': {'bbox': ['1036', '1336', '1494', '1368'], 'text': '_aplausoseinequivocasprovas'}, 'par_1_39': {'bbox': ['1053', '1375', '1494', '1658'], 'text': 'deimerecidaestimaquediaadiavemrecebendodeindivi-duosdetodasascategoriasso-ciais,saudaemnomedssemes-moPovotodasaspessoasquehonramestaterracomasuavisitaporocasiaodasGualte-rianas.'}, 'par_1_40': {'bbox': ['597', '1694', '1482', '2212'], 'text': ' '}, 'par_1_41': {'bbox': ['1472', '0', '1601', '442'], 'text': '   '}, 'par_1_42': {'bbox': ['1580', '1515', '1601', '1576'], 'text': ' '}, 'par_1_43': {'bbox': ['1595', '1248', '1601', '2267'], 'text': ' '}}